Archive member included to satisfy reference by file (symbol)

../tools/libctru.a(synchronization.o)
                              loader.o (symbol from plugin) (__sync_init)
../tools/libctru.a(fs.o)      ifile.o (symbol from plugin) (FSFILE_Read)
../tools/libctru.a(initArgv.o)
                              c:/devkitpro/devkitarm/bin/../lib/gcc/arm-none-eabi/5.3.0/../../../../arm-none-eabi/lib/armv6k/fpu/3dsx_crt0.o (__system_argc)
../tools/libctru.a(syscalls.o)
                              loader.o (symbol from plugin) (__system_initSyscalls)
../tools/libctru.a(svc.o)     loader.o (symbol from plugin) (svcControlMemory)
../tools/libctru.a(env.o)     ../tools/libctru.a(fs.o) (envGetHandle)
../tools/libctru.a(os.o)      ../tools/libctru.a(syscalls.o) (__libctru_gtod)
../tools/libctru.a(srv.o)     ../tools/libctru.a(fs.o) (srvGetServiceHandle)
../tools/libctru.a(ptmsysm.o)
                              ../tools/libctru.a(os.o) (ptmSysmInit)
c:/devkitpro/devkitarm/bin/../lib/gcc/arm-none-eabi/5.3.0/../../../../arm-none-eabi/lib/armv6k/fpu\libc.a(lib_a-impure.o)
                              ../tools/libctru.a(syscalls.o) (_impure_ptr)
c:/devkitpro/devkitarm/bin/../lib/gcc/arm-none-eabi/5.3.0/../../../../arm-none-eabi/lib/armv6k/fpu\libc.a(lib_a-memcpy.o)
                              ../tools/libctru.a(initArgv.o) (memcpy)
c:/devkitpro/devkitarm/bin/../lib/gcc/arm-none-eabi/5.3.0/../../../../arm-none-eabi/lib/armv6k/fpu\libc.a(lib_a-strlen.o)
                              ../tools/libctru.a(fs.o) (strlen)
c:/devkitpro/devkitarm/bin/../lib/gcc/arm-none-eabi/5.3.0/../../../../arm-none-eabi/lib/armv6k/fpu\libc.a(lib_a-strncpy.o)
                              ../tools/libctru.a(srv.o) (strncpy)
c:/devkitpro/devkitarm/bin/../lib/gcc/arm-none-eabi/5.3.0/../../../../arm-none-eabi/lib/armv6k/fpu\libsysbase.a(malloc_vars.o)
                              ../tools/libctru.a(initArgv.o) (fake_heap_start)
c:/devkitpro/devkitarm/bin/../lib/gcc/arm-none-eabi/5.3.0/../../../../arm-none-eabi/lib/armv6k/fpu\libsysbase.a(syscall_support.o)
                              ../tools/libctru.a(syscalls.o) (__syscalls)
c:/devkitpro/devkitarm/bin/../lib/gcc/arm-none-eabi/5.3.0/../../../../arm-none-eabi/lib/armv6k/fpu\libc.a(lib_a-memset.o)
                              C:\Users\L\AppData\Local\Temp\ccfBAdQy.ltrans0.ltrans.o (memset)

Allocating common symbols
Common symbol       size              file

__system_argv       0x4               ../tools/libctru.a(initArgv.o)
__system_argc       0x4               ../tools/libctru.a(initArgv.o)

Discarded input sections

 .text          0x00000000        0x0 c:/devkitpro/devkitarm/bin/../lib/gcc/arm-none-eabi/5.3.0/../../../../arm-none-eabi/lib/armv6k/fpu/3dsx_crt0.o
 .data          0x00000000        0x0 c:/devkitpro/devkitarm/bin/../lib/gcc/arm-none-eabi/5.3.0/../../../../arm-none-eabi/lib/armv6k/fpu/3dsx_crt0.o
 .bss           0x00000000        0x0 c:/devkitpro/devkitarm/bin/../lib/gcc/arm-none-eabi/5.3.0/../../../../arm-none-eabi/lib/armv6k/fpu/3dsx_crt0.o
 .text          0x00000000        0x0 c:/devkitpro/devkitarm/bin/../lib/gcc/arm-none-eabi/5.3.0/armv6k/fpu/crti.o
 .data          0x00000000        0x0 c:/devkitpro/devkitarm/bin/../lib/gcc/arm-none-eabi/5.3.0/armv6k/fpu/crti.o
 .bss           0x00000000        0x0 c:/devkitpro/devkitarm/bin/../lib/gcc/arm-none-eabi/5.3.0/armv6k/fpu/crti.o
 .data          0x00000000        0x4 c:/devkitpro/devkitarm/bin/../lib/gcc/arm-none-eabi/5.3.0/armv6k/fpu/crtbegin.o
 .comment       0x00000000       0x23 c:/devkitpro/devkitarm/bin/../lib/gcc/arm-none-eabi/5.3.0/armv6k/fpu/crtbegin.o
 .text          0x00000000        0x0 fsldr.o (symbol from plugin)
 .data          0x00000000        0x0 C:\Users\L\AppData\Local\Temp\ccfBAdQy.ltrans0.ltrans.o
 .comment       0x00000000       0x23 C:\Users\L\AppData\Local\Temp\ccfBAdQy.ltrans0.ltrans.o
 .text          0x00000000        0x0 fsreg.o (symbol from plugin)
 .text          0x00000000        0x0 ifile.o (symbol from plugin)
 .text          0x00000000        0x0 loader.o (symbol from plugin)
 .text          0x00000000        0x0 patcher.o (symbol from plugin)
 .text          0x00000000        0x0 pxipm.o (symbol from plugin)
 .text          0x00000000        0x0 srvsys.o (symbol from plugin)
 .text          0x00000000        0x0 ../tools/libctru.a(synchronization.o)
 .data          0x00000000        0x0 ../tools/libctru.a(synchronization.o)
 .text.__sync_get_arbiter
                0x00000000       0x10 ../tools/libctru.a(synchronization.o)
 .comment       0x00000000       0x23 ../tools/libctru.a(synchronization.o)
 .text          0x00000000        0x0 ../tools/libctru.a(fs.o)
 .data          0x00000000        0x0 ../tools/libctru.a(fs.o)
 .bss           0x00000000        0x8 ../tools/libctru.a(fs.o)
 .text.fsInit   0x00000000       0xc8 ../tools/libctru.a(fs.o)
 .text.fsExit   0x00000000       0x34 ../tools/libctru.a(fs.o)
 .text.fsUseSession
                0x00000000       0x1c ../tools/libctru.a(fs.o)
 .text.fsEndUseSession
                0x00000000       0x10 ../tools/libctru.a(fs.o)
 .text.fsMakePath
                0x00000000       0x88 ../tools/libctru.a(fs.o)
 .text.fsGetSessionHandle
                0x00000000        0xc ../tools/libctru.a(fs.o)
 .text.FSUSER_Control
                0x00000000       0x74 ../tools/libctru.a(fs.o)
 .text.FSUSER_Initialize
                0x00000000       0x2c ../tools/libctru.a(fs.o)
 .text.FSUSER_OpenFile
                0x00000000       0xdc ../tools/libctru.a(fs.o)
 .text.FSUSER_OpenFileDirectly
                0x00000000       0xf8 ../tools/libctru.a(fs.o)
 .text.FSUSER_DeleteFile
                0x00000000       0xb8 ../tools/libctru.a(fs.o)
 .text.FSUSER_RenameFile
                0x00000000       0xf4 ../tools/libctru.a(fs.o)
 .text.FSUSER_DeleteDirectory
                0x00000000       0xb8 ../tools/libctru.a(fs.o)
 .text.FSUSER_DeleteDirectoryRecursively
                0x00000000       0xb8 ../tools/libctru.a(fs.o)
 .text.FSUSER_CreateFile
                0x00000000       0xd0 ../tools/libctru.a(fs.o)
 .text.FSUSER_CreateDirectory
                0x00000000       0xc0 ../tools/libctru.a(fs.o)
 .text.FSUSER_RenameDirectory
                0x00000000       0xf4 ../tools/libctru.a(fs.o)
 .text.FSUSER_OpenDirectory
                0x00000000       0xc4 ../tools/libctru.a(fs.o)
 .text.FSUSER_OpenArchive
                0x00000000       0xbc ../tools/libctru.a(fs.o)
 .text.FSUSER_ControlArchive
                0x00000000       0xcc ../tools/libctru.a(fs.o)
 .text.FSUSER_CloseArchive
                0x00000000       0x88 ../tools/libctru.a(fs.o)
 .text.FSUSER_GetFreeBytes
                0x00000000       0xa4 ../tools/libctru.a(fs.o)
 .text.FSUSER_GetCardType
                0x00000000       0x58 ../tools/libctru.a(fs.o)
 .text.FSUSER_GetSdmcArchiveResource
                0x00000000       0x8c ../tools/libctru.a(fs.o)
 .text.FSUSER_GetNandArchiveResource
                0x00000000       0x78 ../tools/libctru.a(fs.o)
 .text.FSUSER_GetSdmcFatfsError
                0x00000000       0x58 ../tools/libctru.a(fs.o)
 .text.FSUSER_IsSdmcDetected
                0x00000000       0x64 ../tools/libctru.a(fs.o)
 .text.FSUSER_IsSdmcWritable
                0x00000000       0x64 ../tools/libctru.a(fs.o)
 .text.FSUSER_GetSdmcCid
                0x00000000       0x58 ../tools/libctru.a(fs.o)
 .text.FSUSER_GetNandCid
                0x00000000       0x58 ../tools/libctru.a(fs.o)
 .text.FSUSER_GetSdmcSpeedInfo
                0x00000000       0x58 ../tools/libctru.a(fs.o)
 .text.FSUSER_GetNandSpeedInfo
                0x00000000       0x58 ../tools/libctru.a(fs.o)
 .text.FSUSER_GetSdmcLog
                0x00000000       0x58 ../tools/libctru.a(fs.o)
 .text.FSUSER_GetNandLog
                0x00000000       0x58 ../tools/libctru.a(fs.o)
 .text.FSUSER_ClearSdmcLog
                0x00000000       0x44 ../tools/libctru.a(fs.o)
 .text.FSUSER_ClearNandLog
                0x00000000       0x40 ../tools/libctru.a(fs.o)
 .text.FSUSER_CardSlotIsInserted
                0x00000000       0x64 ../tools/libctru.a(fs.o)
 .text.FSUSER_CardSlotPowerOn
                0x00000000       0x64 ../tools/libctru.a(fs.o)
 .text.FSUSER_CardSlotPowerOff
                0x00000000       0x64 ../tools/libctru.a(fs.o)
 .text.FSUSER_CardSlotGetCardIFPowerStatus
                0x00000000       0x64 ../tools/libctru.a(fs.o)
 .text.FSUSER_CardNorDirectCommand
                0x00000000       0x48 ../tools/libctru.a(fs.o)
 .text.FSUSER_CardNorDirectCommandWithAddress
                0x00000000       0x4c ../tools/libctru.a(fs.o)
 .text.FSUSER_CardNorDirectRead
                0x00000000       0x5c ../tools/libctru.a(fs.o)
 .text.FSUSER_CardNorDirectReadWithAddress
                0x00000000       0x60 ../tools/libctru.a(fs.o)
 .text.FSUSER_CardNorDirectWrite
                0x00000000       0x5c ../tools/libctru.a(fs.o)
 .text.FSUSER_CardNorDirectWriteWithAddress
                0x00000000       0x60 ../tools/libctru.a(fs.o)
 .text.FSUSER_CardNorDirectRead_4xIO
                0x00000000       0x60 ../tools/libctru.a(fs.o)
 .text.FSUSER_CardNorDirectCpuWriteWithoutVerify
                0x00000000       0x5c ../tools/libctru.a(fs.o)
 .text.FSUSER_CardNorDirectSectorEraseWithoutVerify
                0x00000000       0x48 ../tools/libctru.a(fs.o)
 .text.FSUSER_GetProductInfo
                0x00000000       0x84 ../tools/libctru.a(fs.o)
 .text.FSUSER_GetProgramLaunchInfo
                0x00000000       0x7c ../tools/libctru.a(fs.o)
 .text.FSUSER_SetCardSpiBaudRate
                0x00000000       0x48 ../tools/libctru.a(fs.o)
 .text.FSUSER_SetCardSpiBusMode
                0x00000000       0x48 ../tools/libctru.a(fs.o)
 .text.FSUSER_SendInitializeInfoTo9
                0x00000000       0x44 ../tools/libctru.a(fs.o)
 .text.FSUSER_GetSpecialContentIndex
                0x00000000       0x6c ../tools/libctru.a(fs.o)
 .text.FSUSER_GetLegacyRomHeader
                0x00000000       0x64 ../tools/libctru.a(fs.o)
 .text.FSUSER_GetLegacyBannerData
                0x00000000       0x64 ../tools/libctru.a(fs.o)
 .text.FSUSER_CheckAuthorityToAccessExtSaveData
                0x00000000       0x78 ../tools/libctru.a(fs.o)
 .text.FSUSER_QueryTotalQuotaSize
                0x00000000       0x7c ../tools/libctru.a(fs.o)
 .text.FSUSER_AbnegateAccessRight
                0x00000000       0x48 ../tools/libctru.a(fs.o)
 .text.FSUSER_DeleteSdmcRoot
                0x00000000       0x44 ../tools/libctru.a(fs.o)
 .text.FSUSER_DeleteAllExtSaveDataOnNand
                0x00000000       0x4c ../tools/libctru.a(fs.o)
 .text.FSUSER_InitializeCtrFileSystem
                0x00000000       0x44 ../tools/libctru.a(fs.o)
 .text.FSUSER_CreateSeed
                0x00000000       0x44 ../tools/libctru.a(fs.o)
 .text.FSUSER_GetFormatInfo
                0x00000000       0xe0 ../tools/libctru.a(fs.o)
 .text.FSUSER_GetLegacyRomHeader2
                0x00000000       0x68 ../tools/libctru.a(fs.o)
 .text.FSUSER_GetSdmcCtrRootPath
                0x00000000       0x58 ../tools/libctru.a(fs.o)
 .text.FSUSER_GetArchiveResource
                0x00000000       0x7c ../tools/libctru.a(fs.o)
 .text.FSUSER_ExportIntegrityVerificationSeed
                0x00000000       0x54 ../tools/libctru.a(fs.o)
 .text.FSUSER_ImportIntegrityVerificationSeed
                0x00000000       0x54 ../tools/libctru.a(fs.o)
 .text.FSUSER_FormatSaveData
                0x00000000       0xac ../tools/libctru.a(fs.o)
 .text.FSUSER_GetLegacySubBannerData
                0x00000000       0x68 ../tools/libctru.a(fs.o)
 .text.FSUSER_ReadSpecialFile
                0x00000000       0x84 ../tools/libctru.a(fs.o)
 .text.FSUSER_GetSpecialFileSize
                0x00000000       0x64 ../tools/libctru.a(fs.o)
 .text.FSUSER_CreateExtSaveData
                0x00000000       0xa4 ../tools/libctru.a(fs.o)
 .text.FSUSER_DeleteExtSaveData
                0x00000000       0x68 ../tools/libctru.a(fs.o)
 .text.FSUSER_ReadExtSaveDataIcon
                0x00000000       0xa8 ../tools/libctru.a(fs.o)
 .text.FSUSER_GetExtDataBlockSize
                0x00000000       0xb4 ../tools/libctru.a(fs.o)
 .text.FSUSER_EnumerateExtSaveData
                0x00000000       0x80 ../tools/libctru.a(fs.o)
 .text.FSUSER_CreateSystemSaveData
                0x00000000       0x90 ../tools/libctru.a(fs.o)
 .text.FSUSER_DeleteSystemSaveData
                0x00000000       0x60 ../tools/libctru.a(fs.o)
 .text.FSUSER_StartDeviceMoveAsSource
                0x00000000       0x98 ../tools/libctru.a(fs.o)
 .text.FSUSER_StartDeviceMoveAsDestination
                0x00000000       0xa0 ../tools/libctru.a(fs.o)
 .text.FSUSER_SetArchivePriority
                0x00000000       0x70 ../tools/libctru.a(fs.o)
 .text.FSUSER_GetArchivePriority
                0x00000000       0xa0 ../tools/libctru.a(fs.o)
 .text.FSUSER_SetCtrCardLatencyParameter
                0x00000000       0x50 ../tools/libctru.a(fs.o)
 .text.FSUSER_SwitchCleanupInvalidSaveData
                0x00000000       0x48 ../tools/libctru.a(fs.o)
 .text.FSUSER_EnumerateSystemSaveData
                0x00000000       0x6c ../tools/libctru.a(fs.o)
 .text.FSUSER_InitializeWithSdkVersion
                0x00000000       0x30 ../tools/libctru.a(fs.o)
 .text.FSUSER_SetPriority
                0x00000000       0x48 ../tools/libctru.a(fs.o)
 .text.FSUSER_GetPriority
                0x00000000       0x58 ../tools/libctru.a(fs.o)
 .text.FSUSER_SetSaveDataSecureValue
                0x00000000       0x5c ../tools/libctru.a(fs.o)
 .text.FSUSER_GetSaveDataSecureValue
                0x00000000       0x88 ../tools/libctru.a(fs.o)
 .text.FSUSER_ControlSecureSave
                0x00000000       0x74 ../tools/libctru.a(fs.o)
 .text.FSUSER_GetMediaType
                0x00000000       0x58 ../tools/libctru.a(fs.o)
 .text.FSFILE_OpenSubFile
                0x00000000       0x50 ../tools/libctru.a(fs.o)
 .text.FSFILE_Write
                0x00000000       0x64 ../tools/libctru.a(fs.o)
 .text.FSFILE_SetSize
                0x00000000       0x2c ../tools/libctru.a(fs.o)
 .text.FSFILE_GetAttributes
                0x00000000       0x38 ../tools/libctru.a(fs.o)
 .text.FSFILE_SetAttributes
                0x00000000       0x28 ../tools/libctru.a(fs.o)
 .text.FSFILE_Flush
                0x00000000       0x24 ../tools/libctru.a(fs.o)
 .text.FSFILE_SetPriority
                0x00000000       0x28 ../tools/libctru.a(fs.o)
 .text.FSFILE_GetPriority
                0x00000000       0x38 ../tools/libctru.a(fs.o)
 .text.FSFILE_OpenLinkFile
                0x00000000       0x38 ../tools/libctru.a(fs.o)
 .text.FSDIR_Control
                0x00000000       0x58 ../tools/libctru.a(fs.o)
 .text.FSFILE_Control
                0x00000000        0x4 ../tools/libctru.a(fs.o)
 .text.FSDIR_Read
                0x00000000       0x54 ../tools/libctru.a(fs.o)
 .text.FSDIR_Close
                0x00000000       0x3c ../tools/libctru.a(fs.o)
 .text.FSDIR_SetPriority
                0x00000000       0x28 ../tools/libctru.a(fs.o)
 .text.FSDIR_GetPriority
                0x00000000       0x38 ../tools/libctru.a(fs.o)
 .rodata.str1.4
                0x00000000        0xc ../tools/libctru.a(fs.o)
 .comment       0x00000000       0x23 ../tools/libctru.a(fs.o)
 .text          0x00000000        0x0 ../tools/libctru.a(initArgv.o)
 .data          0x00000000        0x0 ../tools/libctru.a(initArgv.o)
 .bss           0x00000000        0x0 ../tools/libctru.a(initArgv.o)
 .text.__system_initArgv
                0x00000000       0xf4 ../tools/libctru.a(initArgv.o)
 .comment       0x00000000       0x23 ../tools/libctru.a(initArgv.o)
 .text          0x00000000        0x0 ../tools/libctru.a(syscalls.o)
 .data          0x00000000        0x0 ../tools/libctru.a(syscalls.o)
 .bss           0x00000000        0x0 ../tools/libctru.a(syscalls.o)
 .comment       0x00000000       0x23 ../tools/libctru.a(syscalls.o)
 .text          0x00000000        0x0 ../tools/libctru.a(svc.o)
 .data          0x00000000        0x0 ../tools/libctru.a(svc.o)
 .bss           0x00000000        0x0 ../tools/libctru.a(svc.o)
 .text.svcQueryMemory
                0x00000000       0x30 ../tools/libctru.a(svc.o)
 .text.svcCreateThread
                0x00000000       0x20 ../tools/libctru.a(svc.o)
 .text.svcExitThread
                0x00000000        0x8 ../tools/libctru.a(svc.o)
 .text.svcGetThreadPriority
                0x00000000       0x14 ../tools/libctru.a(svc.o)
 .text.svcSetThreadPriority
                0x00000000        0x8 ../tools/libctru.a(svc.o)
 .text.svcGetThreadAffinityMask
                0x00000000        0x8 ../tools/libctru.a(svc.o)
 .text.svcSetThreadAffinityMask
                0x00000000        0x8 ../tools/libctru.a(svc.o)
 .text.svcGetThreadIdealProcessor
                0x00000000       0x14 ../tools/libctru.a(svc.o)
 .text.svcSetThreadIdealProcessor
                0x00000000        0x8 ../tools/libctru.a(svc.o)
 .text.svcGetProcessorID
                0x00000000        0x8 ../tools/libctru.a(svc.o)
 .text.svcCreateMutex
                0x00000000       0x14 ../tools/libctru.a(svc.o)
 .text.svcReleaseMutex
                0x00000000        0x8 ../tools/libctru.a(svc.o)
 .text.svcCreateSemaphore
                0x00000000       0x14 ../tools/libctru.a(svc.o)
 .text.svcReleaseSemaphore
                0x00000000       0x14 ../tools/libctru.a(svc.o)
 .text.svcCreateEvent
                0x00000000       0x14 ../tools/libctru.a(svc.o)
 .text.svcSignalEvent
                0x00000000        0x8 ../tools/libctru.a(svc.o)
 .text.svcClearEvent
                0x00000000        0x8 ../tools/libctru.a(svc.o)
 .text.svcCreateTimer
                0x00000000       0x14 ../tools/libctru.a(svc.o)
 .text.svcSetTimer
                0x00000000       0x18 ../tools/libctru.a(svc.o)
 .text.svcCancelTimer
                0x00000000        0x8 ../tools/libctru.a(svc.o)
 .text.svcClearTimer
                0x00000000        0x8 ../tools/libctru.a(svc.o)
 .text.svcCreateMemoryBlock
                0x00000000       0x18 ../tools/libctru.a(svc.o)
 .text.svcMapMemoryBlock
                0x00000000        0x8 ../tools/libctru.a(svc.o)
 .text.svcUnmapMemoryBlock
                0x00000000        0x8 ../tools/libctru.a(svc.o)
 .text.svcWaitSynchronization
                0x00000000        0x8 ../tools/libctru.a(svc.o)
 .text.svcWaitSynchronizationN
                0x00000000       0x28 ../tools/libctru.a(svc.o)
 .text.svcDuplicateHandle
                0x00000000       0x14 ../tools/libctru.a(svc.o)
 .text.svcGetSystemInfo
                0x00000000       0x18 ../tools/libctru.a(svc.o)
 .text.svcGetProcessInfo
                0x00000000       0x18 ../tools/libctru.a(svc.o)
 .text.svcGetThreadInfo
                0x00000000       0x18 ../tools/libctru.a(svc.o)
 .text.svcOpenProcess
                0x00000000       0x14 ../tools/libctru.a(svc.o)
 .text.svcOpenThread
                0x00000000       0x14 ../tools/libctru.a(svc.o)
 .text.svcGetProcessIdOfThread
                0x00000000       0x14 ../tools/libctru.a(svc.o)
 .text.svcGetThreadId
                0x00000000       0x14 ../tools/libctru.a(svc.o)
 .text.svcOutputDebugString
                0x00000000        0x8 ../tools/libctru.a(svc.o)
 .text.svcCreatePort
                0x00000000       0x20 ../tools/libctru.a(svc.o)
 .text.svcInvalidateProcessDataCache
                0x00000000        0x8 ../tools/libctru.a(svc.o)
 .text.svcFlushProcessDataCache
                0x00000000        0x8 ../tools/libctru.a(svc.o)
 .text.svcStartInterProcessDma
                0x00000000       0x20 ../tools/libctru.a(svc.o)
 .text.svcStopDma
                0x00000000        0x8 ../tools/libctru.a(svc.o)
 .text.svcGetDmaState
                0x00000000       0x14 ../tools/libctru.a(svc.o)
 .text.svcDebugActiveProcess
                0x00000000       0x14 ../tools/libctru.a(svc.o)
 .text.svcBreakDebugProcess
                0x00000000        0x8 ../tools/libctru.a(svc.o)
 .text.svcTerminateDebugProcess
                0x00000000        0x8 ../tools/libctru.a(svc.o)
 .text.svcGetProcessDebugEvent
                0x00000000        0x8 ../tools/libctru.a(svc.o)
 .text.svcContinueDebugEvent
                0x00000000        0x8 ../tools/libctru.a(svc.o)
 .text.svcGetProcessList
                0x00000000       0x20 ../tools/libctru.a(svc.o)
 .text.svcReadProcessMemory
                0x00000000        0x8 ../tools/libctru.a(svc.o)
 .text.svcWriteProcessMemory
                0x00000000        0x8 ../tools/libctru.a(svc.o)
 .text.svcControlProcessMemory
                0x00000000       0x18 ../tools/libctru.a(svc.o)
 .text.svcMapProcessMemory
                0x00000000        0x8 ../tools/libctru.a(svc.o)
 .text.svcUnmapProcessMemory
                0x00000000        0x8 ../tools/libctru.a(svc.o)
 .text.svcTerminateProcess
                0x00000000        0x8 ../tools/libctru.a(svc.o)
 .text.svcBackdoor
                0x00000000        0x8 ../tools/libctru.a(svc.o)
 .text.svcKernelSetState
                0x00000000        0x8 ../tools/libctru.a(svc.o)
 .text.svcQueryProcessMemory
                0x00000000       0x24 ../tools/libctru.a(svc.o)
 .text          0x00000000        0x0 ../tools/libctru.a(env.o)
 .data          0x00000000        0x0 ../tools/libctru.a(env.o)
 .bss           0x00000000        0x0 ../tools/libctru.a(env.o)
 .text.envGetHandle
                0x00000000       0x94 ../tools/libctru.a(env.o)
 .text.envDestroyHandles
                0x00000000       0x4c ../tools/libctru.a(env.o)
 .debug_info    0x00000000      0x271 ../tools/libctru.a(env.o)
 .debug_abbrev  0x00000000      0x1a2 ../tools/libctru.a(env.o)
 .debug_loc     0x00000000      0x149 ../tools/libctru.a(env.o)
 .debug_aranges
                0x00000000       0x28 ../tools/libctru.a(env.o)
 .debug_ranges  0x00000000       0x18 ../tools/libctru.a(env.o)
 .debug_line    0x00000000      0x172 ../tools/libctru.a(env.o)
 .debug_str     0x00000000      0x253 ../tools/libctru.a(env.o)
 .comment       0x00000000       0x23 ../tools/libctru.a(env.o)
 .debug_frame   0x00000000       0x50 ../tools/libctru.a(env.o)
 .ARM.attributes
                0x00000000       0x30 ../tools/libctru.a(env.o)
 .text          0x00000000        0x0 ../tools/libctru.a(os.o)
 .data          0x00000000        0x0 ../tools/libctru.a(os.o)
 .bss           0x00000000        0x1 ../tools/libctru.a(os.o)
 .text.osConvertVirtToPhys
                0x00000000       0x4c ../tools/libctru.a(os.o)
 .text.osConvertOldLINEARMemToNew
                0x00000000       0x20 ../tools/libctru.a(os.o)
 .text.osGetMemRegionUsed
                0x00000000       0x24 ../tools/libctru.a(os.o)
 .text.osGetTime
                0x00000000       0x78 ../tools/libctru.a(os.o)
 .text.osStrError
                0x00000000       0x20 ../tools/libctru.a(os.o)
 .text.__ctru_speedup_config
                0x00000000       0x34 ../tools/libctru.a(os.o)
 .text.osSetSpeedupEnable
                0x00000000       0x10 ../tools/libctru.a(os.o)
 .text.usleep   0x00000000       0x18 ../tools/libctru.a(os.o)
 .rodata        0x00000000       0x2c ../tools/libctru.a(os.o)
 .rodata.str1.4
                0x00000000       0xc4 ../tools/libctru.a(os.o)
 .comment       0x00000000       0x23 ../tools/libctru.a(os.o)
 .text          0x00000000        0x0 ../tools/libctru.a(srv.o)
 .data          0x00000000        0x0 ../tools/libctru.a(srv.o)
 .bss           0x00000000        0x8 ../tools/libctru.a(srv.o)
 .text.srvExit  0x00000000       0x50 ../tools/libctru.a(srv.o)
 .text.srvGetSessionHandle
                0x00000000        0xc ../tools/libctru.a(srv.o)
 .text.srvRegisterClient
                0x00000000       0x38 ../tools/libctru.a(srv.o)
 .text.srvInit  0x00000000       0x70 ../tools/libctru.a(srv.o)
 .text.srvEnableNotification
                0x00000000       0x40 ../tools/libctru.a(srv.o)
 .text.srvRegisterService
                0x00000000       0x68 ../tools/libctru.a(srv.o)
 .text.srvUnregisterService
                0x00000000       0x50 ../tools/libctru.a(srv.o)
 .text.srvGetServiceHandleDirect
                0x00000000       0x68 ../tools/libctru.a(srv.o)
 .text.srvGetServiceHandle
                0x00000000       0x38 ../tools/libctru.a(srv.o)
 .text.srvRegisterPort
                0x00000000       0x60 ../tools/libctru.a(srv.o)
 .text.srvUnregisterPort
                0x00000000       0x50 ../tools/libctru.a(srv.o)
 .text.srvGetPort
                0x00000000       0x68 ../tools/libctru.a(srv.o)
 .text.srvSubscribe
                0x00000000       0x34 ../tools/libctru.a(srv.o)
 .text.srvUnsubscribe
                0x00000000       0x34 ../tools/libctru.a(srv.o)
 .text.srvReceiveNotification
                0x00000000       0x40 ../tools/libctru.a(srv.o)
 .text.srvPublishToSubscriber
                0x00000000       0x38 ../tools/libctru.a(srv.o)
 .text.srvPublishAndGetSubscriber
                0x00000000       0x68 ../tools/libctru.a(srv.o)
 .text.srvIsServiceRegistered
                0x00000000       0x6c ../tools/libctru.a(srv.o)
 .rodata.str1.4
                0x00000000        0x8 ../tools/libctru.a(srv.o)
 .debug_info    0x00000000      0xc9f ../tools/libctru.a(srv.o)
 .debug_abbrev  0x00000000      0x230 ../tools/libctru.a(srv.o)
 .debug_loc     0x00000000      0x5b1 ../tools/libctru.a(srv.o)
 .debug_aranges
                0x00000000       0xa8 ../tools/libctru.a(srv.o)
 .debug_ranges  0x00000000       0x98 ../tools/libctru.a(srv.o)
 .debug_line    0x00000000      0x3c2 ../tools/libctru.a(srv.o)
 .debug_str     0x00000000      0x51d ../tools/libctru.a(srv.o)
 .comment       0x00000000       0x23 ../tools/libctru.a(srv.o)
 .debug_frame   0x00000000      0x1f8 ../tools/libctru.a(srv.o)
 .ARM.attributes
                0x00000000       0x30 ../tools/libctru.a(srv.o)
 .text          0x00000000        0x0 ../tools/libctru.a(ptmsysm.o)
 .data          0x00000000        0x0 ../tools/libctru.a(ptmsysm.o)
 .bss           0x00000000        0x8 ../tools/libctru.a(ptmsysm.o)
 .text.ptmSysmInit
                0x00000000       0x70 ../tools/libctru.a(ptmsysm.o)
 .text.ptmSysmExit
                0x00000000       0x34 ../tools/libctru.a(ptmsysm.o)
 .text.PTMSYSM_ConfigureNew3DSCPU
                0x00000000       0x34 ../tools/libctru.a(ptmsysm.o)
 .rodata.str1.4
                0x00000000        0xc ../tools/libctru.a(ptmsysm.o)
 .debug_info    0x00000000      0x29f ../tools/libctru.a(ptmsysm.o)
 .debug_abbrev  0x00000000      0x1a4 ../tools/libctru.a(ptmsysm.o)
 .debug_loc     0x00000000       0x34 ../tools/libctru.a(ptmsysm.o)
 .debug_aranges
                0x00000000       0x30 ../tools/libctru.a(ptmsysm.o)
 .debug_ranges  0x00000000       0x20 ../tools/libctru.a(ptmsysm.o)
 .debug_line    0x00000000      0x18f ../tools/libctru.a(ptmsysm.o)
 .debug_str     0x00000000      0x2d3 ../tools/libctru.a(ptmsysm.o)
 .comment       0x00000000       0x23 ../tools/libctru.a(ptmsysm.o)
 .debug_frame   0x00000000       0x50 ../tools/libctru.a(ptmsysm.o)
 .ARM.attributes
                0x00000000       0x30 ../tools/libctru.a(ptmsysm.o)
 .text          0x00000000        0x0 c:/devkitpro/devkitarm/bin/../lib/gcc/arm-none-eabi/5.3.0/../../../../arm-none-eabi/lib/armv6k/fpu\libc.a(lib_a-impure.o)
 .data          0x00000000        0x0 c:/devkitpro/devkitarm/bin/../lib/gcc/arm-none-eabi/5.3.0/../../../../arm-none-eabi/lib/armv6k/fpu\libc.a(lib_a-impure.o)
 .bss           0x00000000        0x0 c:/devkitpro/devkitarm/bin/../lib/gcc/arm-none-eabi/5.3.0/../../../../arm-none-eabi/lib/armv6k/fpu\libc.a(lib_a-impure.o)
 .rodata._global_impure_ptr
                0x00000000        0x4 c:/devkitpro/devkitarm/bin/../lib/gcc/arm-none-eabi/5.3.0/../../../../arm-none-eabi/lib/armv6k/fpu\libc.a(lib_a-impure.o)
 .comment       0x00000000       0x23 c:/devkitpro/devkitarm/bin/../lib/gcc/arm-none-eabi/5.3.0/../../../../arm-none-eabi/lib/armv6k/fpu\libc.a(lib_a-impure.o)
 .text          0x00000000        0x0 c:/devkitpro/devkitarm/bin/../lib/gcc/arm-none-eabi/5.3.0/../../../../arm-none-eabi/lib/armv6k/fpu\libc.a(lib_a-memcpy.o)
 .data          0x00000000        0x0 c:/devkitpro/devkitarm/bin/../lib/gcc/arm-none-eabi/5.3.0/../../../../arm-none-eabi/lib/armv6k/fpu\libc.a(lib_a-memcpy.o)
 .bss           0x00000000        0x0 c:/devkitpro/devkitarm/bin/../lib/gcc/arm-none-eabi/5.3.0/../../../../arm-none-eabi/lib/armv6k/fpu\libc.a(lib_a-memcpy.o)
 .comment       0x00000000       0x23 c:/devkitpro/devkitarm/bin/../lib/gcc/arm-none-eabi/5.3.0/../../../../arm-none-eabi/lib/armv6k/fpu\libc.a(lib_a-memcpy.o)
 .text          0x00000000        0x0 c:/devkitpro/devkitarm/bin/../lib/gcc/arm-none-eabi/5.3.0/../../../../arm-none-eabi/lib/armv6k/fpu\libc.a(lib_a-strlen.o)
 .data          0x00000000        0x0 c:/devkitpro/devkitarm/bin/../lib/gcc/arm-none-eabi/5.3.0/../../../../arm-none-eabi/lib/armv6k/fpu\libc.a(lib_a-strlen.o)
 .bss           0x00000000        0x0 c:/devkitpro/devkitarm/bin/../lib/gcc/arm-none-eabi/5.3.0/../../../../arm-none-eabi/lib/armv6k/fpu\libc.a(lib_a-strlen.o)
 .comment       0x00000000       0x23 c:/devkitpro/devkitarm/bin/../lib/gcc/arm-none-eabi/5.3.0/../../../../arm-none-eabi/lib/armv6k/fpu\libc.a(lib_a-strlen.o)
 .text          0x00000000        0x0 c:/devkitpro/devkitarm/bin/../lib/gcc/arm-none-eabi/5.3.0/../../../../arm-none-eabi/lib/armv6k/fpu\libc.a(lib_a-strncpy.o)
 .data          0x00000000        0x0 c:/devkitpro/devkitarm/bin/../lib/gcc/arm-none-eabi/5.3.0/../../../../arm-none-eabi/lib/armv6k/fpu\libc.a(lib_a-strncpy.o)
 .bss           0x00000000        0x0 c:/devkitpro/devkitarm/bin/../lib/gcc/arm-none-eabi/5.3.0/../../../../arm-none-eabi/lib/armv6k/fpu\libc.a(lib_a-strncpy.o)
 .comment       0x00000000       0x23 c:/devkitpro/devkitarm/bin/../lib/gcc/arm-none-eabi/5.3.0/../../../../arm-none-eabi/lib/armv6k/fpu\libc.a(lib_a-strncpy.o)
 .text          0x00000000        0x0 c:/devkitpro/devkitarm/bin/../lib/gcc/arm-none-eabi/5.3.0/../../../../arm-none-eabi/lib/armv6k/fpu\libsysbase.a(malloc_vars.o)
 .data          0x00000000        0x0 c:/devkitpro/devkitarm/bin/../lib/gcc/arm-none-eabi/5.3.0/../../../../arm-none-eabi/lib/armv6k/fpu\libsysbase.a(malloc_vars.o)
 .bss           0x00000000        0x8 c:/devkitpro/devkitarm/bin/../lib/gcc/arm-none-eabi/5.3.0/../../../../arm-none-eabi/lib/armv6k/fpu\libsysbase.a(malloc_vars.o)
 .comment       0x00000000       0x23 c:/devkitpro/devkitarm/bin/../lib/gcc/arm-none-eabi/5.3.0/../../../../arm-none-eabi/lib/armv6k/fpu\libsysbase.a(malloc_vars.o)
 .ARM.attributes
                0x00000000       0x30 c:/devkitpro/devkitarm/bin/../lib/gcc/arm-none-eabi/5.3.0/../../../../arm-none-eabi/lib/armv6k/fpu\libsysbase.a(malloc_vars.o)
 .text          0x00000000      0x108 c:/devkitpro/devkitarm/bin/../lib/gcc/arm-none-eabi/5.3.0/../../../../arm-none-eabi/lib/armv6k/fpu\libsysbase.a(syscall_support.o)
 .data          0x00000000        0x0 c:/devkitpro/devkitarm/bin/../lib/gcc/arm-none-eabi/5.3.0/../../../../arm-none-eabi/lib/armv6k/fpu\libsysbase.a(syscall_support.o)
 .comment       0x00000000       0x23 c:/devkitpro/devkitarm/bin/../lib/gcc/arm-none-eabi/5.3.0/../../../../arm-none-eabi/lib/armv6k/fpu\libsysbase.a(syscall_support.o)
 .text          0x00000000        0x0 c:/devkitpro/devkitarm/bin/../lib/gcc/arm-none-eabi/5.3.0/armv6k/fpu/crtend.o
 .data          0x00000000        0x0 c:/devkitpro/devkitarm/bin/../lib/gcc/arm-none-eabi/5.3.0/armv6k/fpu/crtend.o
 .bss           0x00000000        0x0 c:/devkitpro/devkitarm/bin/../lib/gcc/arm-none-eabi/5.3.0/armv6k/fpu/crtend.o
 .eh_frame      0x00000000        0x4 c:/devkitpro/devkitarm/bin/../lib/gcc/arm-none-eabi/5.3.0/armv6k/fpu/crtend.o
 .jcr           0x00000000        0x4 c:/devkitpro/devkitarm/bin/../lib/gcc/arm-none-eabi/5.3.0/armv6k/fpu/crtend.o
 .comment       0x00000000       0x23 c:/devkitpro/devkitarm/bin/../lib/gcc/arm-none-eabi/5.3.0/armv6k/fpu/crtend.o
 .text          0x00000000        0x0 c:/devkitpro/devkitarm/bin/../lib/gcc/arm-none-eabi/5.3.0/armv6k/fpu/crtn.o
 .data          0x00000000        0x0 c:/devkitpro/devkitarm/bin/../lib/gcc/arm-none-eabi/5.3.0/armv6k/fpu/crtn.o
 .bss           0x00000000        0x0 c:/devkitpro/devkitarm/bin/../lib/gcc/arm-none-eabi/5.3.0/armv6k/fpu/crtn.o
 .text          0x00000000        0x0 c:/devkitpro/devkitarm/bin/../lib/gcc/arm-none-eabi/5.3.0/../../../../arm-none-eabi/lib/armv6k/fpu\libc.a(lib_a-memset.o)
 .data          0x00000000        0x0 c:/devkitpro/devkitarm/bin/../lib/gcc/arm-none-eabi/5.3.0/../../../../arm-none-eabi/lib/armv6k/fpu\libc.a(lib_a-memset.o)
 .bss           0x00000000        0x0 c:/devkitpro/devkitarm/bin/../lib/gcc/arm-none-eabi/5.3.0/../../../../arm-none-eabi/lib/armv6k/fpu\libc.a(lib_a-memset.o)
 .comment       0x00000000       0x23 c:/devkitpro/devkitarm/bin/../lib/gcc/arm-none-eabi/5.3.0/../../../../arm-none-eabi/lib/armv6k/fpu\libc.a(lib_a-memset.o)

Memory Configuration

Name             Origin             Length             Attributes
*default*        0x00000000         0xffffffff

Linker script and memory map

                0x14000000                . = 0x14000000
                0x14000000                __start__ = .

.text           0x14000000     0x21d0
 *(.crt0)
 .crt0          0x14000000       0x94 c:/devkitpro/devkitarm/bin/../lib/gcc/arm-none-eabi/5.3.0/../../../../arm-none-eabi/lib/armv6k/fpu/3dsx_crt0.o
                0x14000000                _start
                0x14000008                __service_ptr
                0x1400000c                __apt_appid
                0x14000010                __heap_size
                0x14000014                __linear_heap_size
                0x14000018                __system_arglist
                0x1400001c                __system_runflags
 *(.init)
 .init          0x14000094        0xc c:/devkitpro/devkitarm/bin/../lib/gcc/arm-none-eabi/5.3.0/armv6k/fpu/crti.o
                0x14000094                _init
 .init          0x140000a0        0xc c:/devkitpro/devkitarm/bin/../lib/gcc/arm-none-eabi/5.3.0/armv6k/fpu/crtn.o
                0x140000ac                . = ALIGN (0x4)
 *(.text)
 .text          0x140000ac      0x108 c:/devkitpro/devkitarm/bin/../lib/gcc/arm-none-eabi/5.3.0/armv6k/fpu/crtbegin.o
 *fill*         0x140001b4        0x4 
 .text          0x140001b8      0x7e8 C:\Users\L\AppData\Local\Temp\ccfBAdQy.ltrans0.ltrans.o
                0x1400055c                initSystem
                0x14000890                __ctru_exit
 *(.text.*)
 .text.startup  0x140009a0      0xe78 C:\Users\L\AppData\Local\Temp\ccfBAdQy.ltrans0.ltrans.o
                0x140009a0                main
 .text.LightLock_Unlock.part.1
                0x14001818       0x34 ../tools/libctru.a(synchronization.o)
 .text.__sync_init
                0x1400184c        0xc ../tools/libctru.a(synchronization.o)
                0x1400184c                __sync_init
 .text.__sync_fini
                0x14001858       0x18 ../tools/libctru.a(synchronization.o)
                0x14001858                __sync_fini
 .text.LightLock_Init
                0x14001870       0x18 ../tools/libctru.a(synchronization.o)
                0x14001870                LightLock_Init
 .text.LightLock_Lock
                0x14001888       0x94 ../tools/libctru.a(synchronization.o)
                0x14001888                LightLock_Lock
 .text.LightLock_TryLock
                0x1400191c       0x34 ../tools/libctru.a(synchronization.o)
                0x1400191c                LightLock_TryLock
 .text.LightLock_Unlock
                0x14001950       0x20 ../tools/libctru.a(synchronization.o)
                0x14001950                LightLock_Unlock
 .text.RecursiveLock_Init
                0x14001970       0x24 ../tools/libctru.a(synchronization.o)
                0x14001970                RecursiveLock_Init
 .text.RecursiveLock_Lock
                0x14001994       0x30 ../tools/libctru.a(synchronization.o)
                0x14001994                RecursiveLock_Lock
 .text.RecursiveLock_TryLock
                0x140019c4       0x58 ../tools/libctru.a(synchronization.o)
                0x140019c4                RecursiveLock_TryLock
 .text.RecursiveLock_Unlock
                0x14001a1c       0x38 ../tools/libctru.a(synchronization.o)
                0x14001a1c                RecursiveLock_Unlock
 .text.FSFILE_Read
                0x14001a54       0x5c ../tools/libctru.a(fs.o)
                0x14001a54                FSFILE_Read
 .text.FSFILE_GetSize
                0x14001ab0       0x3c ../tools/libctru.a(fs.o)
                0x14001ab0                FSFILE_GetSize
 .text.FSFILE_Close
                0x14001aec       0x3c ../tools/libctru.a(fs.o)
                0x14001aec                FSFILE_Close
 .text.__ctru_get_reent
                0x14001b28       0x30 ../tools/libctru.a(syscalls.o)
 .text.__system_initSyscalls
                0x14001b58       0xe8 ../tools/libctru.a(syscalls.o)
                0x14001b58                __system_initSyscalls
 .text.svcControlMemory
                0x14001c40       0x20 ../tools/libctru.a(svc.o)
                0x14001c40                svcControlMemory
 .text.svcExitProcess
                0x14001c60        0x8 ../tools/libctru.a(svc.o)
                0x14001c60                svcExitProcess
 .text.svcSleepThread
                0x14001c68        0x8 ../tools/libctru.a(svc.o)
                0x14001c68                svcSleepThread
 .text.svcCreateAddressArbiter
                0x14001c70       0x14 ../tools/libctru.a(svc.o)
                0x14001c70                svcCreateAddressArbiter
 .text.svcArbitrateAddress
                0x14001c84       0x18 ../tools/libctru.a(svc.o)
                0x14001c84                svcArbitrateAddress
 .text.svcCloseHandle
                0x14001c9c        0x8 ../tools/libctru.a(svc.o)
                0x14001c9c                svcCloseHandle
 .text.svcGetSystemTick
                0x14001ca4        0x8 ../tools/libctru.a(svc.o)
                0x14001ca4                svcGetSystemTick
 .text.svcConnectToPort
                0x14001cac       0x14 ../tools/libctru.a(svc.o)
                0x14001cac                svcConnectToPort
 .text.svcSendSyncRequest
                0x14001cc0        0x8 ../tools/libctru.a(svc.o)
                0x14001cc0                svcSendSyncRequest
 .text.svcGetProcessId
                0x14001cc8       0x14 ../tools/libctru.a(svc.o)
                0x14001cc8                svcGetProcessId
 .text.svcBreak
                0x14001cdc        0x8 ../tools/libctru.a(svc.o)
                0x14001cdc                svcBreak
 .text.svcAcceptSession
                0x14001ce4       0x18 ../tools/libctru.a(svc.o)
                0x14001ce4                svcAcceptSession
 .text.svcReplyAndReceive
                0x14001cfc       0x18 ../tools/libctru.a(svc.o)
                0x14001cfc                svcReplyAndReceive
 .text.svcCreateCodeSet
                0x14001d14       0x1c ../tools/libctru.a(svc.o)
                0x14001d14                svcCreateCodeSet
 .text.svcCreateProcess
                0x14001d30       0x18 ../tools/libctru.a(svc.o)
                0x14001d30                svcCreateProcess
 .text.getSysTime
                0x14001d48       0x58 ../tools/libctru.a(os.o)
 .text.__libctru_gtod
                0x14001da0       0xf8 ../tools/libctru.a(os.o)
                0x14001da0                __libctru_gtod
 .text.memcpy   0x14001e98       0xf0 c:/devkitpro/devkitarm/bin/../lib/gcc/arm-none-eabi/5.3.0/../../../../arm-none-eabi/lib/armv6k/fpu\libc.a(lib_a-memcpy.o)
                0x14001e98                memcpy
 .text.strlen   0x14001f88       0x5c c:/devkitpro/devkitarm/bin/../lib/gcc/arm-none-eabi/5.3.0/../../../../arm-none-eabi/lib/armv6k/fpu\libc.a(lib_a-strlen.o)
                0x14001f88                strlen
 .text.strncpy  0x14001fe4       0xe0 c:/devkitpro/devkitarm/bin/../lib/gcc/arm-none-eabi/5.3.0/../../../../arm-none-eabi/lib/armv6k/fpu\libc.a(lib_a-strncpy.o)
                0x14001fe4                strncpy
 .text.memset   0x140020c4       0xf4 c:/devkitpro/devkitarm/bin/../lib/gcc/arm-none-eabi/5.3.0/../../../../arm-none-eabi/lib/armv6k/fpu\libc.a(lib_a-memset.o)
                0x140020c4                memset
 *(.glue_7)
 .glue_7        0x140021b8        0x0 linker stubs
 *(.glue_7t)
 .glue_7t       0x140021b8        0x0 linker stubs
 *(.stub)
 *(.gnu.warning)
 *(.gnu.linkonce.t*)
                0x140021b8                . = ALIGN (0x4)
 *(.fini)
 .fini          0x140021b8        0xc c:/devkitpro/devkitarm/bin/../lib/gcc/arm-none-eabi/5.3.0/armv6k/fpu/crti.o
                0x140021b8                _fini
 .fini          0x140021c4        0xc c:/devkitpro/devkitarm/bin/../lib/gcc/arm-none-eabi/5.3.0/armv6k/fpu/crtn.o
                0x140021d0                . = ALIGN (0x4)

.vfp11_veneer   0x140021d0        0x0
 .vfp11_veneer  0x140021d0        0x0 linker stubs

.v4_bx          0x140021d0        0x0
 .v4_bx         0x140021d0        0x0 linker stubs

.iplt           0x140021d0        0x0
 .iplt          0x140021d0        0x0 c:/devkitpro/devkitarm/bin/../lib/gcc/arm-none-eabi/5.3.0/../../../../arm-none-eabi/lib/armv6k/fpu/3dsx_crt0.o

.rodata         0x14003000       0x8c
 *(.rodata)
 .rodata        0x14003000       0x34 C:\Users\L\AppData\Local\Temp\ccfBAdQy.ltrans0.ltrans.o
 *(.roda)
 *(.rodata.*)
 .rodata.str2.2
                0x14003034       0x32 C:\Users\L\AppData\Local\Temp\ccfBAdQy.ltrans0.ltrans.o
 .rodata.str1.1
                0x14003066       0x20 C:\Users\L\AppData\Local\Temp\ccfBAdQy.ltrans0.ltrans.o
 *fill*         0x14003086        0x2 
 .rodata.str1.4
                0x14003088        0x4 c:/devkitpro/devkitarm/bin/../lib/gcc/arm-none-eabi/5.3.0/../../../../arm-none-eabi/lib/armv6k/fpu\libc.a(lib_a-impure.o)
 *all.rodata*(*)
 *(.gnu.linkonce.r*)
                0x1400308c                . = ALIGN (0x4)

.eh_frame       0x1400308c        0x0
 .eh_frame      0x1400308c        0x0 c:/devkitpro/devkitarm/bin/../lib/gcc/arm-none-eabi/5.3.0/armv6k/fpu/crtbegin.o

.rel.dyn        0x1400308c        0x0
 .rel.iplt      0x1400308c        0x0 c:/devkitpro/devkitarm/bin/../lib/gcc/arm-none-eabi/5.3.0/../../../../arm-none-eabi/lib/armv6k/fpu/3dsx_crt0.o

.ARM.extab
 *(.ARM.extab* .gnu.linkonce.armextab.*)
                0x1400308c                __exidx_start = .

ARM.exidx
 *(.ARM.exidx* .gnu.linkonce.armexidx.*)
                0x1400308c                __exidx_end = .

.data           0x14004000      0x444
 *(.data)
 *(.data.*)
 .data.impure_data
                0x14004000      0x440 c:/devkitpro/devkitarm/bin/../lib/gcc/arm-none-eabi/5.3.0/../../../../arm-none-eabi/lib/armv6k/fpu\libc.a(lib_a-impure.o)
 .data._impure_ptr
                0x14004440        0x4 c:/devkitpro/devkitarm/bin/../lib/gcc/arm-none-eabi/5.3.0/../../../../arm-none-eabi/lib/armv6k/fpu\libc.a(lib_a-impure.o)
                0x14004440                _impure_ptr
 *(.gnu.linkonce.d*)
                0x14004444                . = ALIGN (0x4)

.igot.plt       0x14004444        0x0
 .igot.plt      0x14004444        0x0 c:/devkitpro/devkitarm/bin/../lib/gcc/arm-none-eabi/5.3.0/../../../../arm-none-eabi/lib/armv6k/fpu/3dsx_crt0.o

.jcr            0x14004444        0x0
 .jcr           0x14004444        0x0 c:/devkitpro/devkitarm/bin/../lib/gcc/arm-none-eabi/5.3.0/armv6k/fpu/crtbegin.o

.tm_clone_table
                0x14004444        0x0
 .tm_clone_table
                0x14004444        0x0 c:/devkitpro/devkitarm/bin/../lib/gcc/arm-none-eabi/5.3.0/armv6k/fpu/crtbegin.o
 .tm_clone_table
                0x14004444        0x0 c:/devkitpro/devkitarm/bin/../lib/gcc/arm-none-eabi/5.3.0/armv6k/fpu/crtend.o
                0x14004444                __TMC_END__

.tdata          0x14004444        0x0
                0x14004444                __tdata_lma = .
 *(.tdata)
 *(.tdata.*)
 *(.gnu.linkonce.td.*)
                0x14004444                . = ALIGN (0x4)
                0x14004444                __tdata_lma_end = .

.tbss           0x14004444        0x0
 *(.tbss)
 *(.tbss.*)
 *(.gnu.linkonce.tb.*)
 *(.tcommon)
                0x14004444                . = ALIGN (0x4)

.preinit_array  0x14004444        0x0
                [!provide]                PROVIDE (__preinit_array_start, .)
 *(.preinit_array)
                [!provide]                PROVIDE (__preinit_array_end, .)

.init_array     0x14004444        0x4
                [!provide]                PROVIDE (__init_array_start, .)
 *(SORT(.init_array.*))
 *(.init_array)
 .init_array    0x14004444        0x4 c:/devkitpro/devkitarm/bin/../lib/gcc/arm-none-eabi/5.3.0/armv6k/fpu/crtbegin.o
                [!provide]                PROVIDE (__init_array_end, .)

.fini_array     0x14004448        0x4
                [!provide]                PROVIDE (__fini_array_start, .)
 *(.fini_array)
 .fini_array    0x14004448        0x4 c:/devkitpro/devkitarm/bin/../lib/gcc/arm-none-eabi/5.3.0/armv6k/fpu/crtbegin.o
 *(SORT(.fini_array.*))
                [!provide]                PROVIDE (__fini_array_end, .)

.ctors
 *crtbegin.o(.ctors)
 *(EXCLUDE_FILE(*crtend.o) .ctors)
 *(SORT(.ctors.*))
 *(.ctors)

.dtors
 *crtbegin.o(.dtors)
 *(EXCLUDE_FILE(*crtend.o) .dtors)
 *(SORT(.dtors.*))
 *(.dtors)
                0x1400444c                __bss_start__ = .

.bss            0x1400444c      0xca8
 *(.dynbss)
 *(.bss)
 .bss           0x1400444c       0x1c c:/devkitpro/devkitarm/bin/../lib/gcc/arm-none-eabi/5.3.0/armv6k/fpu/crtbegin.o
 .bss           0x14004468      0xc48 C:\Users\L\AppData\Local\Temp\ccfBAdQy.ltrans0.ltrans.o
 .bss           0x140050b0        0x4 ../tools/libctru.a(synchronization.o)
 .bss           0x140050b4       0x38 c:/devkitpro/devkitarm/bin/../lib/gcc/arm-none-eabi/5.3.0/../../../../arm-none-eabi/lib/armv6k/fpu\libsysbase.a(syscall_support.o)
                0x140050b4                __syscalls
 *(.bss.*)
 *(.gnu.linkonce.b*)
 *(COMMON)
 COMMON         0x140050ec        0x8 ../tools/libctru.a(initArgv.o)
                0x140050ec                __system_argv
                0x140050f0                __system_argc
                0x140050f4                . = ALIGN (0x4)
                0x140050f4                __tls_start = .
                0x140050f4                . = (. + (SIZEOF (.tdata) + SIZEOF (.tbss)))
                0x140050f4                __tls_end = .
                0x140050f4                __bss_end__ = .
                0x140050f4                __end__ = ABSOLUTE (.)

/DISCARD/
 *(.group .comment .note)

.stab
 *(.stab)

.stabstr
 *(.stabstr)

.stab.excl
 *(.stab.excl)

.stab.exclstr
 *(.stab.exclstr)

.stab.index
 *(.stab.index)

.stab.indexstr
 *(.stab.indexstr)

.debug
 *(.debug)

.line
 *(.line)

.debug_srcinfo
 *(.debug_srcinfo)

.debug_sfnames
 *(.debug_sfnames)

.debug_aranges  0x00000000      0x710
 *(.debug_aranges)
 .debug_aranges
                0x00000000       0x78 ../tools/libctru.a(synchronization.o)
 .debug_aranges
                0x00000078      0x398 ../tools/libctru.a(fs.o)
 .debug_aranges
                0x00000410       0x20 ../tools/libctru.a(initArgv.o)
 .debug_aranges
                0x00000430       0x28 ../tools/libctru.a(syscalls.o)
 .debug_aranges
                0x00000458      0x250 ../tools/libctru.a(svc.o)
 .debug_aranges
                0x000006a8       0x68 ../tools/libctru.a(os.o)

.debug_pubnames
 *(.debug_pubnames)

.debug_info     0x00000000     0x8ce0
 *(.debug_info)
 .debug_info    0x00000000      0x918 ../tools/libctru.a(synchronization.o)
 .debug_info    0x00000918     0x66fb ../tools/libctru.a(fs.o)
 .debug_info    0x00007013      0x1d2 ../tools/libctru.a(initArgv.o)
 .debug_info    0x000071e5      0xd22 ../tools/libctru.a(syscalls.o)
 .debug_info    0x00007f07       0x8b ../tools/libctru.a(svc.o)
 .debug_info    0x00007f92      0xd4e ../tools/libctru.a(os.o)

.debug_abbrev   0x00000000      0xe0b
 *(.debug_abbrev)
 .debug_abbrev  0x00000000      0x2a7 ../tools/libctru.a(synchronization.o)
 .debug_abbrev  0x000002a7      0x4b7 ../tools/libctru.a(fs.o)
 .debug_abbrev  0x0000075e      0x10e ../tools/libctru.a(initArgv.o)
 .debug_abbrev  0x0000086c      0x2b7 ../tools/libctru.a(syscalls.o)
 .debug_abbrev  0x00000b23       0x12 ../tools/libctru.a(svc.o)
 .debug_abbrev  0x00000b35      0x2d6 ../tools/libctru.a(os.o)

.debug_line     0x00000000     0x2d98
 *(.debug_line)
 .debug_line    0x00000000      0x37d ../tools/libctru.a(synchronization.o)
 .debug_line    0x0000037d     0x1d2d ../tools/libctru.a(fs.o)
 .debug_line    0x000020aa      0x196 ../tools/libctru.a(initArgv.o)
 .debug_line    0x00002240      0x2a6 ../tools/libctru.a(syscalls.o)
 .debug_line    0x000024e6      0x59e ../tools/libctru.a(svc.o)
 .debug_line    0x00002a84      0x314 ../tools/libctru.a(os.o)

.debug_frame    0x00000000      0xfcc
 *(.debug_frame)
 .debug_frame   0x00000000       0xfc ../tools/libctru.a(synchronization.o)
 .debug_frame   0x000000fc      0xd58 ../tools/libctru.a(fs.o)
 .debug_frame   0x00000e54       0x2c ../tools/libctru.a(initArgv.o)
 .debug_frame   0x00000e80       0x4c ../tools/libctru.a(syscalls.o)
 .debug_frame   0x00000ecc      0x100 ../tools/libctru.a(os.o)

.debug_str      0x00000000     0x21b6
 *(.debug_str)
 .debug_str     0x00000000      0x39f ../tools/libctru.a(synchronization.o)
                                0x402 (size before relaxing)
 .debug_str     0x0000039f     0x1958 ../tools/libctru.a(fs.o)
                               0x1bc1 (size before relaxing)
 .debug_str     0x00001cf7       0xb1 ../tools/libctru.a(initArgv.o)
                                0x264 (size before relaxing)
 .debug_str     0x00001da8      0x213 ../tools/libctru.a(syscalls.o)
                                0x85c (size before relaxing)
 .debug_str     0x00001fbb      0x1fb ../tools/libctru.a(os.o)
                                0x7db (size before relaxing)

.debug_loc      0x00000000     0x3c8f
 *(.debug_loc)
 .debug_loc     0x00000000      0x44e ../tools/libctru.a(synchronization.o)
 .debug_loc     0x0000044e     0x343f ../tools/libctru.a(fs.o)
 .debug_loc     0x0000388d       0xfb ../tools/libctru.a(initArgv.o)
 .debug_loc     0x00003988       0x23 ../tools/libctru.a(syscalls.o)
 .debug_loc     0x000039ab      0x2e4 ../tools/libctru.a(os.o)

.debug_macinfo
 *(.debug_macinfo)
LOAD c:/devkitpro/devkitarm/bin/../lib/gcc/arm-none-eabi/5.3.0/../../../../arm-none-eabi/lib/armv6k/fpu/3dsx_crt0.o
LOAD c:/devkitpro/devkitarm/bin/../lib/gcc/arm-none-eabi/5.3.0/armv6k/fpu/crti.o
LOAD c:/devkitpro/devkitarm/bin/../lib/gcc/arm-none-eabi/5.3.0/armv6k/fpu/crtbegin.o
                0x14000000                __start__ = 0x14000000
LOAD fsldr.o
LOAD C:\Users\L\AppData\Local\Temp\ccfBAdQy.ltrans0.ltrans.o
LOAD fsreg.o
LOAD ifile.o
LOAD loader.o
LOAD patcher.o
LOAD pxipm.o
LOAD srvsys.o
LOAD ../tools/libctru.a
START GROUP
LOAD c:/devkitpro/devkitarm/bin/../lib/gcc/arm-none-eabi/5.3.0/armv6k/fpu\libgcc.a
LOAD c:/devkitpro/devkitarm/bin/../lib/gcc/arm-none-eabi/5.3.0/../../../../arm-none-eabi/lib/armv6k/fpu\libc.a
LOAD c:/devkitpro/devkitarm/bin/../lib/gcc/arm-none-eabi/5.3.0/../../../../arm-none-eabi/lib/armv6k/fpu\libsysbase.a
END GROUP
LOAD c:/devkitpro/devkitarm/bin/../lib/gcc/arm-none-eabi/5.3.0/armv6k/fpu/crtend.o
LOAD c:/devkitpro/devkitarm/bin/../lib/gcc/arm-none-eabi/5.3.0/armv6k/fpu/crtn.o
OUTPUT(c:/Users/L/Documents/Coding/delebile_github/PowerFirm/patches/loader.elf elf32-littlearm)

.ARM.attributes
                0x00000000       0x30
 .ARM.attributes
                0x00000000       0x1e c:/devkitpro/devkitarm/bin/../lib/gcc/arm-none-eabi/5.3.0/../../../../arm-none-eabi/lib/armv6k/fpu/3dsx_crt0.o
 .ARM.attributes
                0x0000001e       0x1c c:/devkitpro/devkitarm/bin/../lib/gcc/arm-none-eabi/5.3.0/armv6k/fpu/crti.o
 .ARM.attributes
                0x0000003a       0x30 c:/devkitpro/devkitarm/bin/../lib/gcc/arm-none-eabi/5.3.0/armv6k/fpu/crtbegin.o
 .ARM.attributes
                0x0000006a       0x2e C:\Users\L\AppData\Local\Temp\ccfBAdQy.ltrans0.ltrans.o
 .ARM.attributes
                0x00000098       0x30 ../tools/libctru.a(synchronization.o)
 .ARM.attributes
                0x000000c8       0x30 ../tools/libctru.a(fs.o)
 .ARM.attributes
                0x000000f8       0x30 ../tools/libctru.a(initArgv.o)
 .ARM.attributes
                0x00000128       0x30 ../tools/libctru.a(syscalls.o)
 .ARM.attributes
                0x00000158       0x1a ../tools/libctru.a(svc.o)
 .ARM.attributes
                0x00000172       0x30 ../tools/libctru.a(os.o)
 .ARM.attributes
                0x000001a2       0x30 c:/devkitpro/devkitarm/bin/../lib/gcc/arm-none-eabi/5.3.0/../../../../arm-none-eabi/lib/armv6k/fpu\libc.a(lib_a-impure.o)
 .ARM.attributes
                0x000001d2       0x30 c:/devkitpro/devkitarm/bin/../lib/gcc/arm-none-eabi/5.3.0/../../../../arm-none-eabi/lib/armv6k/fpu\libc.a(lib_a-memcpy.o)
 .ARM.attributes
                0x00000202       0x30 c:/devkitpro/devkitarm/bin/../lib/gcc/arm-none-eabi/5.3.0/../../../../arm-none-eabi/lib/armv6k/fpu\libc.a(lib_a-strlen.o)
 .ARM.attributes
                0x00000232       0x30 c:/devkitpro/devkitarm/bin/../lib/gcc/arm-none-eabi/5.3.0/../../../../arm-none-eabi/lib/armv6k/fpu\libc.a(lib_a-strncpy.o)
 .ARM.attributes
                0x00000262       0x30 c:/devkitpro/devkitarm/bin/../lib/gcc/arm-none-eabi/5.3.0/../../../../arm-none-eabi/lib/armv6k/fpu\libsysbase.a(syscall_support.o)
 .ARM.attributes
                0x00000292       0x30 c:/devkitpro/devkitarm/bin/../lib/gcc/arm-none-eabi/5.3.0/armv6k/fpu/crtend.o
 .ARM.attributes
                0x000002c2       0x1c c:/devkitpro/devkitarm/bin/../lib/gcc/arm-none-eabi/5.3.0/armv6k/fpu/crtn.o
 .ARM.attributes
                0x000002de       0x30 c:/devkitpro/devkitarm/bin/../lib/gcc/arm-none-eabi/5.3.0/../../../../arm-none-eabi/lib/armv6k/fpu\libc.a(lib_a-memset.o)

.debug_ranges   0x00000000     0x14f0
 .debug_ranges  0x00000000       0xf8 ../tools/libctru.a(synchronization.o)
 .debug_ranges  0x000000f8     0x1130 ../tools/libctru.a(fs.o)
 .debug_ranges  0x00001228       0x10 ../tools/libctru.a(initArgv.o)
 .debug_ranges  0x00001238       0x18 ../tools/libctru.a(syscalls.o)
 .debug_ranges  0x00001250      0x248 ../tools/libctru.a(svc.o)
 .debug_ranges  0x00001498       0x58 ../tools/libctru.a(os.o)
