
Memory Configuration

Name             Origin             Length             Attributes
ram              0x0801a600         0x00000a00
*default*        0x00000000         0xffffffff

Linker script and memory map


.init           0x0801a600        0x0
                0x0801a600                __text_start = .
 *(.init)
                0x0801a600                . = ALIGN (0x4)

.plt
 *(.plt)

.text           0x0801a600      0x5f8
 *(.text .stub .text.* .gnu.linkonce.t.*)
 .text          0x0801a600        0x0 _start.o
 .text.start    0x0801a600       0x30 _start.o
                0x0801a600                _start
 .text          0x0801a630       0x38 hid.o
                0x0801a630                waitHid
                0x0801a654                getHid
 .text          0x0801a668      0x4f8 i2c.o
                0x0801a668                i2cGetDeviceBusId
                0x0801a678                i2cGetDeviceRegAddr
                0x0801a68c                i2cGetDataReg
                0x0801a6a0                i2cGetCntReg
                0x0801a6b4                i2cWaitBusy
                0x0801a6d4                i2cGetResult
                0x0801a700                i2cStop
                0x0801a73c                i2cSelectDevice
                0x0801a78c                i2cSelectRegister
                0x0801a7dc                i2cReadRegister
                0x0801a8f8                i2cReadRegisterBuffer
                0x0801aa58                i2cWriteRegister
                0x0801ab50                i2cRebootSystem
 .text          0x0801ab60       0x90 main.o
                0x0801ab60                memSearch
                0x0801abc0                memCopy
 .text.startup  0x0801abf0        0x8 main.o
                0x0801abf0                main
 *(.text.*personality*)
 *(.gnu.warning)
 *(.glue_7t)
 .glue_7t       0x0801abf8        0x0 linker stubs
 *(.glue_7)
 .glue_7        0x0801abf8        0x0 linker stubs
 *(.vfp11_veneer)
 .vfp11_veneer  0x0801abf8        0x0 linker stubs
                0x0801abf8                . = ALIGN (0x4)

.v4_bx          0x0801abf8        0x0
 .v4_bx         0x0801abf8        0x0 linker stubs

.iplt           0x0801abf8        0x0
 .iplt          0x0801abf8        0x0 _start.o

.fini
 *(.fini)
                0x0801abf8                __text_end = .

.rodata         0x0801abf8       0x38
 *(.rodata)
 .rodata        0x0801abf8       0x38 i2c.o
 *all.rodata*(*)
 *(.roda)
 *(.rodata.*)
 *(.gnu.linkonce.r*)
                0x0801ac30                . = ALIGN (0x4)

.rel.dyn        0x0801ac30        0x0
 .rel.iplt      0x0801ac30        0x0 _start.o

.ARM.extab
 *(.ARM.extab* .gnu.linkonce.armextab.*)
                0x0801ac30                __exidx_start = .

.ARM.exidx
 *(.ARM.exidx* .gnu.linkonce.armexidx.*)
                0x0801ac30                __exidx_end = .
                0x0801ac30                . = ALIGN (0x4)
                [!provide]                PROVIDE (__preinit_array_start, .)

.preinit_array
 *(.preinit_array)
                [!provide]                PROVIDE (__preinit_array_end, .)
                [!provide]                PROVIDE (__init_array_start, .)

.init_array
 *(.init_array)
                [!provide]                PROVIDE (__init_array_end, .)
                [!provide]                PROVIDE (__fini_array_start, .)

.fini_array
 *(.fini_array)
                [!provide]                PROVIDE (__fini_array_end, .)

.ctors          0x0801ac30        0x0
 *crtbegin.o(.ctors)
 *(EXCLUDE_FILE(*crtend.o) .ctors)
 *(SORT(.ctors.*))
 *(.ctors)
                0x0801ac30                . = ALIGN (0x4)

.dtors          0x0801ac30        0x0
 *crtbegin.o(.dtors)
 *(EXCLUDE_FILE(*crtend.o) .dtors)
 *(SORT(.dtors.*))
 *(.dtors)
                0x0801ac30                . = ALIGN (0x4)

.eh_frame       0x0801ac30        0x0
 *(.eh_frame)
                0x0801ac30                . = ALIGN (0x4)

.gcc_except_table
                0x0801ac30        0x0
 *(.gcc_except_table)
                0x0801ac30                . = ALIGN (0x4)

.jcr
 *(.jcr)

.got
 *(.got.plt)
 *(.got)

.data           0x0801ac30        0x0
                0x0801ac30                __data_start = ABSOLUTE (.)
 *(.data)
 .data          0x0801ac30        0x0 _start.o
 .data          0x0801ac30        0x0 hid.o
 .data          0x0801ac30        0x0 i2c.o
 .data          0x0801ac30        0x0 main.o
 *(.data.*)
 *(.gnu.linkonce.d*)
                0x0801ac30                . = ALIGN (0x4)
                0x0801ac30                __data_end = ABSOLUTE (.)

.igot.plt       0x0801ac30        0x0
 .igot.plt      0x0801ac30        0x0 _start.o

.bss            0x0801ac30        0x0
                0x0801ac30                __bss_start = ABSOLUTE (.)
                0x0801ac30                __bss_start__ = ABSOLUTE (.)
 *(.dynbss)
 *(.gnu.linkonce.b*)
 *(.bss*)
 .bss           0x0801ac30        0x0 _start.o
 .bss           0x0801ac30        0x0 hid.o
 .bss           0x0801ac30        0x0 i2c.o
 .bss           0x0801ac30        0x0 main.o
 *(COMMON)
                0x0801ac30                . = ALIGN (0x4)
                0x0801ac30                __bss_end__ = ABSOLUTE (.)
                0x0801ac30                __end__ = ABSOLUTE (.)

.stack          0x00080000        0x0
                0x00080000                _stack = .
 *(.stack)
LOAD _start.o
LOAD hid.o
LOAD i2c.o
LOAD main.o
START GROUP
LOAD c:/devkitpro/devkitarm/bin/../lib/gcc/arm-none-eabi/5.3.0\libgcc.a
LOAD c:/devkitpro/devkitarm/bin/../lib/gcc/arm-none-eabi/5.3.0/../../../../arm-none-eabi/lib\libg.a
LOAD c:/devkitpro/devkitarm/bin/../lib/gcc/arm-none-eabi/5.3.0/../../../../arm-none-eabi/lib\libc.a
LOAD c:/devkitpro/devkitarm/bin/../lib/gcc/arm-none-eabi/5.3.0/../../../../arm-none-eabi/lib\libsysbase.a
END GROUP
OUTPUT(c:/Users/L/Documents/Coding/delebile_github/PowerFirm/patches/arm9kernelcode.elf elf32-littlearm)

.ARM.attributes
                0x00000000       0x23
 .ARM.attributes
                0x00000000       0x14 _start.o
 .ARM.attributes
                0x00000014       0x27 hid.o
 .ARM.attributes
                0x0000003b       0x27 i2c.o
 .ARM.attributes
                0x00000062       0x27 main.o

.comment        0x00000000       0x22
 .comment       0x00000000       0x22 hid.o
                                 0x23 (size before relaxing)
 .comment       0x00000022       0x23 i2c.o
 .comment       0x00000022       0x23 main.o

.debug_line     0x00000000      0x5e6
 .debug_line    0x00000000       0x91 _start.o
 .debug_line    0x00000091      0x112 hid.o
 .debug_line    0x000001a3      0x2f5 i2c.o
 .debug_line    0x00000498      0x14e main.o

.debug_info     0x00000000      0xeb5
 .debug_info    0x00000000       0xd8 _start.o
 .debug_info    0x000000d8       0xe4 hid.o
 .debug_info    0x000001bc      0xb39 i2c.o
 .debug_info    0x00000cf5      0x1c0 main.o

.debug_abbrev   0x00000000      0x37e
 .debug_abbrev  0x00000000       0x14 _start.o
 .debug_abbrev  0x00000014       0x8c hid.o
 .debug_abbrev  0x000000a0      0x1e8 i2c.o
 .debug_abbrev  0x00000288       0xf6 main.o

.debug_aranges  0x00000000       0x88
 .debug_aranges
                0x00000000       0x20 _start.o
 .debug_aranges
                0x00000020       0x20 hid.o
 .debug_aranges
                0x00000040       0x20 i2c.o
 .debug_aranges
                0x00000060       0x28 main.o

.debug_loc      0x00000000      0x58f
 .debug_loc     0x00000000       0x21 hid.o
 .debug_loc     0x00000021      0x41d i2c.o
 .debug_loc     0x0000043e      0x151 main.o

.debug_ranges   0x00000000      0x198
 .debug_ranges  0x00000000       0x18 hid.o
 .debug_ranges  0x00000018      0x150 i2c.o
 .debug_ranges  0x00000168       0x30 main.o

.debug_str      0x00000000      0x3a0
 .debug_str     0x00000000      0x15e hid.o
                                0x1a0 (size before relaxing)
 .debug_str     0x0000015e      0x1a9 i2c.o
                                0x2c1 (size before relaxing)
 .debug_str     0x00000307       0x99 main.o
                                0x1d5 (size before relaxing)

.debug_frame    0x00000000      0x19c
 .debug_frame   0x00000000       0x30 hid.o
 .debug_frame   0x00000030      0x114 i2c.o
 .debug_frame   0x00000144       0x58 main.o
