Archive member included to satisfy reference by file (symbol)

c:/devkitpro/devkitarm/bin/../lib/gcc/arm-none-eabi/5.3.0/thumb\libgcc.a(_udivsi3.o)
                              ff.o (__aeabi_uidiv)
c:/devkitpro/devkitarm/bin/../lib/gcc/arm-none-eabi/5.3.0/thumb\libgcc.a(_dvmd_tls.o)
                              c:/devkitpro/devkitarm/bin/../lib/gcc/arm-none-eabi/5.3.0/thumb\libgcc.a(_udivsi3.o) (__aeabi_idiv0)
c:/devkitpro/devkitarm/bin/../lib/gcc/arm-none-eabi/5.3.0/thumb\libgcc.a(_aeabi_uldivmod.o)
                              draw.o (__aeabi_uldivmod)
c:/devkitpro/devkitarm/bin/../lib/gcc/arm-none-eabi/5.3.0/thumb\libgcc.a(_muldi3.o)
                              draw.o (__aeabi_lmul)
c:/devkitpro/devkitarm/bin/../lib/gcc/arm-none-eabi/5.3.0/thumb\libgcc.a(_udivmoddi4.o)
                              c:/devkitpro/devkitarm/bin/../lib/gcc/arm-none-eabi/5.3.0/thumb\libgcc.a(_aeabi_uldivmod.o) (__udivmoddi4)
c:/devkitpro/devkitarm/bin/../lib/gcc/arm-none-eabi/5.3.0/thumb\libgcc.a(_clzdi2.o)
                              c:/devkitpro/devkitarm/bin/../lib/gcc/arm-none-eabi/5.3.0/thumb\libgcc.a(_udivmoddi4.o) (__clzdi2)
c:/devkitpro/devkitarm/bin/../lib/gcc/arm-none-eabi/5.3.0/thumb\libgcc.a(_clzsi2.o)
                              c:/devkitpro/devkitarm/bin/../lib/gcc/arm-none-eabi/5.3.0/thumb\libgcc.a(_clzdi2.o) (__clzsi2)
c:/devkitpro/devkitarm/bin/../lib/gcc/arm-none-eabi/5.3.0/../../../../arm-none-eabi/lib/thumb\libg.a(lib_a-atoi.o)
                              power.o (atoi)
c:/devkitpro/devkitarm/bin/../lib/gcc/arm-none-eabi/5.3.0/../../../../arm-none-eabi/lib/thumb\libg.a(lib_a-memcmp.o)
                              crypto.o (memcmp)
c:/devkitpro/devkitarm/bin/../lib/gcc/arm-none-eabi/5.3.0/../../../../arm-none-eabi/lib/thumb\libg.a(lib_a-memcpy.o)
                              firmlaunch.o (memcpy)
c:/devkitpro/devkitarm/bin/../lib/gcc/arm-none-eabi/5.3.0/../../../../arm-none-eabi/lib/thumb\libg.a(lib_a-memmove.o)
                              draw.o (memmove)
c:/devkitpro/devkitarm/bin/../lib/gcc/arm-none-eabi/5.3.0/../../../../arm-none-eabi/lib/thumb\libg.a(lib_a-memset.o)
                              firmlaunch.o (memset)
c:/devkitpro/devkitarm/bin/../lib/gcc/arm-none-eabi/5.3.0/../../../../arm-none-eabi/lib/thumb\libg.a(lib_a-snprintf.o)
                              draw.o (snprintf)
c:/devkitpro/devkitarm/bin/../lib/gcc/arm-none-eabi/5.3.0/../../../../arm-none-eabi/lib/thumb\libg.a(lib_a-sprintf.o)
                              firmlaunch.o (sprintf)
c:/devkitpro/devkitarm/bin/../lib/gcc/arm-none-eabi/5.3.0/../../../../arm-none-eabi/lib/thumb\libg.a(lib_a-sscanf.o)
                              firmlaunch.o (sscanf)
c:/devkitpro/devkitarm/bin/../lib/gcc/arm-none-eabi/5.3.0/../../../../arm-none-eabi/lib/thumb\libg.a(lib_a-stdio.o)
                              c:/devkitpro/devkitarm/bin/../lib/gcc/arm-none-eabi/5.3.0/../../../../arm-none-eabi/lib/thumb\libg.a(lib_a-sscanf.o) (__seofread)
c:/devkitpro/devkitarm/bin/../lib/gcc/arm-none-eabi/5.3.0/../../../../arm-none-eabi/lib/thumb\libg.a(lib_a-strlen.o)
                              draw.o (strlen)
c:/devkitpro/devkitarm/bin/../lib/gcc/arm-none-eabi/5.3.0/../../../../arm-none-eabi/lib/thumb\libg.a(lib_a-strstr.o)
                              firmlaunch.o (strstr)
c:/devkitpro/devkitarm/bin/../lib/gcc/arm-none-eabi/5.3.0/../../../../arm-none-eabi/lib/thumb\libg.a(lib_a-strtol.o)
                              c:/devkitpro/devkitarm/bin/../lib/gcc/arm-none-eabi/5.3.0/../../../../arm-none-eabi/lib/thumb\libg.a(lib_a-atoi.o) (_strtol_r)
c:/devkitpro/devkitarm/bin/../lib/gcc/arm-none-eabi/5.3.0/../../../../arm-none-eabi/lib/thumb\libg.a(lib_a-svfprintf.o)
                              c:/devkitpro/devkitarm/bin/../lib/gcc/arm-none-eabi/5.3.0/../../../../arm-none-eabi/lib/thumb\libg.a(lib_a-snprintf.o) (_svfprintf_r)
c:/devkitpro/devkitarm/bin/../lib/gcc/arm-none-eabi/5.3.0/../../../../arm-none-eabi/lib/thumb\libg.a(lib_a-svfscanf.o)
                              c:/devkitpro/devkitarm/bin/../lib/gcc/arm-none-eabi/5.3.0/../../../../arm-none-eabi/lib/thumb\libg.a(lib_a-sscanf.o) (__ssvfscanf_r)
c:/devkitpro/devkitarm/bin/../lib/gcc/arm-none-eabi/5.3.0/../../../../arm-none-eabi/lib/thumb\libg.a(lib_a-vsnprintf.o)
                              draw.o (vsnprintf)
c:/devkitpro/devkitarm/bin/../lib/gcc/arm-none-eabi/5.3.0/../../../../arm-none-eabi/lib/thumb\libg.a(lib_a-wcrtomb.o)
                              c:/devkitpro/devkitarm/bin/../lib/gcc/arm-none-eabi/5.3.0/../../../../arm-none-eabi/lib/thumb\libg.a(lib_a-svfprintf.o) (_wcrtomb_r)
c:/devkitpro/devkitarm/bin/../lib/gcc/arm-none-eabi/5.3.0/../../../../arm-none-eabi/lib/thumb\libg.a(lib_a-wcsrtombs.o)
                              c:/devkitpro/devkitarm/bin/../lib/gcc/arm-none-eabi/5.3.0/../../../../arm-none-eabi/lib/thumb\libg.a(lib_a-svfprintf.o) (_wcsrtombs_r)
c:/devkitpro/devkitarm/bin/../lib/gcc/arm-none-eabi/5.3.0/../../../../arm-none-eabi/lib/thumb\libg.a(lib_a-wctomb_r.o)
[...]
Memory Configuration

Name             Origin             Length             Attributes
ram              0x23f00000         0x000ffe00
*default*        0x00000000         0xffffffff

Linker script and memory map


.init           0x23f00000        0x0
                0x23f00000                __text_start = .
 *(.init)
                0x23f00000                . = ALIGN (0x4)

.plt
 *(.plt)

.text           0x23f00000    0x17c10
 *(.text .stub .text.* .gnu.linkonce.t.*)
 .text          0x23f00000        0x0 _start.o
 .text.start    0x23f00000       0xc0 _start.o
                0x23f00000                _start
 .text          0x23f000c0       0x14 delay.o
                0x23f000c0                ioDelay
 .text          0x23f000d4      0x218 firmlaunch.o
                0x23f000d4                firmLaunchBin
                0x23f0010c                firmLaunchFile
                0x23f00144                findNativeFirm
                0x23f0021c                decryptNativeFirm
                0x23f002dc                launchNativeFirm
 .text          0x23f002ec       0x54 main.o
                0x23f00324                keysInit
 .text.startup  0x23f00340       0x38 main.o
                0x23f00340                main
 .text          0x23f00378      0x690 power.o
                0x23f00378                memSearch
                0x23f003a4                getProcess9Shift
                0x23f00408                patchFirmLaunch
                0x23f004f0                patchSignatureChecks
                0x23f00590                patchFirmPartitionUpdate
                0x23f00624                patchArm9KernelCode
                0x23f006f4                patchArm9Mpu
                0x23f00768                patchArm9Loader
                0x23f00780                patchLoaderModule
                0x23f00800                cryptArm9Bin
                0x23f008e0                powerFirm
 .text          0x23f00a08      0x418 screen.o
                0x23f00d90                screenInit
                0x23f00dec                screenExit
 .text          0x23f00e20       0x8c diskio.o
                0x23f00e20                disk_initialize
                0x23f00e2c                disk_status
                0x23f00e30                disk_read
                0x23f00e6c                disk_write
                0x23f00ea8                disk_ioctl
 .text          0x23f00eac     0x2874 ff.o
                0x23f026a8                get_fattime
                0x23f026ac                ff_convert
                0x23f026d4                ff_wtoupper
                0x23f026e8                clust2sect
                0x23f02704                get_fat
                0x23f0271c                put_fat
                0x23f02738                f_mount
                0x23f02790                f_open
                0x23f02920                f_read
                0x23f02a84                f_write
                0x23f02c48                f_sync
                0x23f02cb8                f_close
                0x23f02cd4                f_chdrive
                0x23f02cf8                f_chdir
                0x23f02d70                f_lseek
                0x23f02ea8                f_opendir
                0x23f02f44                f_closedir
                0x23f02f54                f_readdir
                0x23f02fb4                f_stat
                0x23f03004                f_getfree
                0x23f03114                f_truncate
                0x23f031e0                f_unlink
                0x23f032d0                f_mkdir
                0x23f034f4                f_chmod
                0x23f03558                f_utime
                0x23f035c0                f_rename
 .text          0x23f03720      0x11c fs.o
                0x23f03720                fsInit
                0x23f03764                fsExit
                0x23f0379c                fsOpen
                0x23f037e4                fsClose
                0x23f037f8                fsSeek
                0x23f03800                fsRead
                0x23f0381c                fsWrite
                0x23f03838                fsGetSize
 .text          0x23f0383c      0x5b4 crypto.o
                0x23f0383c                aes_setkey
                0x23f03890                aes_use_keyslot
                0x23f038b0                aes_setiv
                0x23f03910                aes_advctr
                0x23f039ac                aes_change_ctrmode
                0x23f039ec                aes_batch
                0x23f03a8c                aes
                0x23f03b84                sha_wait_idle
                0x23f03b94                sha
                0x23f03c54                rsa_wait_idle
                0x23f03c64                rsa_use_keyslot
                0x23f03c78                rsa_setkey
                0x23f03d00                rsa_iskeyset
                0x23f03d14                rsa
                0x23f03d9c                rsa_verify
                0x23f03dd8                xor
 .text          0x23f03df0      0x450 draw.o
                0x23f03df0                ClearScreen
                0x23f03e2c                ClearScreenFull
                0x23f03ea0                DrawCharacter
                0x23f03fc0                DrawString
                0x23f03fe0                DrawStringF
                0x23f04074                DebugClear
                0x23f040bc                Debug
                0x23f04184                ShowProgress
 .text          0x23f04240       0x20 hid.o
                0x23f04240                waitHid
                0x23f04254                getHid
 .text          0x23f04260      0x320 i2c.o
                0x23f04260                i2cGetDeviceBusId
                0x23f0426c                i2cGetDeviceRegAddr
                0x23f0427c                i2cGetDataReg
                0x23f0428c                i2cGetCntReg
                0x23f0429c                i2cWaitBusy
                0x23f042b0                i2cGetResult
                0x23f042cc                i2cStop
                0x23f042f4                i2cSelectDevice
                0x23f04320                i2cSelectRegister
                0x23f0434c                i2cReadRegister
                0x23f043fc                i2cReadRegisterBuffer
                0x23f044d8                i2cWriteRegister
 .text          0x23f04580      0x1a4 nand.o
                0x23f04580                nandGetCtr
                0x23f045d8                nandCrypt
                0x23f0466c                nandReadSectors
                0x23f046d0                nandWriteSectors
 .text          0x23f04724      0x8b0 sdmmc.o
                0x23f04758                getMMCDevice
                0x23f0476c                geterror
                0x23f04774                inittarget
                0x23f047e0                sdmmc_send_command
                0x23f049e0                sdmmc_sdcard_writesectors
                0x23f04a40                sdmmc_sdcard_readsectors
                0x23f04aa0                sdmmc_nand_readsectors
                0x23f04af8                sdmmc_nand_writesectors
                0x23f04b50                calcSDSize
                0x23f04b7c                InitSD
                0x23f04c9c                Nand_Init
                0x23f04de0                SD_Init
                0x23f04f60                sdmmc_sdcard_init
                0x23f04f70                sdmmc_get_cid
 .text          0x23f04fd4      0x11c c:/devkitpro/devkitarm/bin/../lib/gcc/arm-none-eabi/5.3.0/thumb\libgcc.a(_udivsi3.o)
                0x23f04fd4                __aeabi_uidiv
                0x23f04fd4                __udivsi3
                0x23f050d0                __aeabi_uidivmod
 .text          0x23f050f0        0x4 c:/devkitpro/devkitarm/bin/../lib/gcc/arm-none-eabi/5.3.0/thumb\libgcc.a(_dvmd_tls.o)
                0x23f050f0                __aeabi_idiv0
                0x23f050f0                __aeabi_ldiv0
 .text          0x23f050f4       0x3c c:/devkitpro/devkitarm/bin/../lib/gcc/arm-none-eabi/5.3.0/thumb\libgcc.a(_aeabi_uldivmod.o)
                0x23f050f4                __aeabi_uldivmod
 .text          0x23f05130       0x60 c:/devkitpro/devkitarm/bin/../lib/gcc/arm-none-eabi/5.3.0/thumb\libgcc.a(_muldi3.o)
                0x23f05130                __muldi3
                0x23f05130                __aeabi_lmul
 .text          0x23f05190      0x184 c:/devkitpro/devkitarm/bin/../lib/gcc/arm-none-eabi/5.3.0/thumb\libgcc.a(_udivmoddi4.o)
                0x23f05190                __udivmoddi4
 .text          0x23f05314       0x28 c:/devkitpro/devkitarm/bin/../lib/gcc/arm-none-eabi/5.3.0/thumb\libgcc.a(_clzdi2.o)
                0x23f05314                __clzdi2
 .text          0x23f0533c       0x48 c:/devkitpro/devkitarm/bin/../lib/gcc/arm-none-eabi/5.3.0/thumb\libgcc.a(_clzsi2.o)
                0x23f0533c                __clzsi2
 .text          0x23f05384        0x0 c:/devkitpro/devkitarm/bin/../lib/gcc/arm-none-eabi/5.3.0/../../../../arm-none-eabi/lib/thumb\libg.a(lib_a-atoi.o)
 .text.atoi     0x23f05384       0x10 c:/devkitpro/devkitarm/bin/../lib/gcc/arm-none-eabi/5.3.0/../../../../arm-none-eabi/lib/thumb\libg.a(lib_a-atoi.o)
                0x23f05384                atoi
 .text._atoi_r  0x23f05394       0x10 c:/devkitpro/devkitarm/bin/../lib/gcc/arm-none-eabi/5.3.0/../../../../arm-none-eabi/lib/thumb\libg.a(lib_a-atoi.o)
                0x23f05394                _atoi_r
 .text          0x23f053a4        0x0 c:/devkitpro/devkitarm/bin/../lib/gcc/arm-none-eabi/5.3.0/../../../../arm-none-eabi/lib/thumb\libg.a(lib_a-memcmp.o)
 .text.memcmp   0x23f053a4       0x54 c:/devkitpro/devkitarm/bin/../lib/gcc/arm-none-eabi/5.3.0/../../../../arm-none-eabi/lib/thumb\libg.a(lib_a-memcmp.o)
                0x23f053a4                memcmp
 .text          0x23f053f8        0x0 c:/devkitpro/devkitarm/bin/../lib/gcc/arm-none-eabi/5.3.0/../../../../arm-none-eabi/lib/thumb\libg.a(lib_a-memcpy.o)
 .text.memcpy   0x23f053f8       0x80 c:/devkitpro/devkitarm/bin/../lib/gcc/arm-none-eabi/5.3.0/../../../../arm-none-eabi/lib/thumb\libg.a(lib_a-memcpy.o)
                0x23f053f8                memcpy
 .text          0x23f05478        0x0 c:/devkitpro/devkitarm/bin/../lib/gcc/arm-none-eabi/5.3.0/../../../../arm-none-eabi/lib/thumb\libg.a(lib_a-memmove.o)
 .text.memmove  0x23f05478       0x9c c:/devkitpro/devkitarm/bin/../lib/gcc/arm-none-eabi/5.3.0/../../../../arm-none-eabi/lib/thumb\libg.a(lib_a-memmove.o)
                0x23f05478                memmove
 .text          0x23f05514        0x0 c:/devkitpro/devkitarm/bin/../lib/gcc/arm-none-eabi/5.3.0/../../../../arm-none-eabi/lib/thumb\libg.a(lib_a-memset.o)
 .text.memset   0x23f05514       0x94 c:/devkitpro/devkitarm/bin/../lib/gcc/arm-none-eabi/5.3.0/../../../../arm-none-eabi/lib/thumb\libg.a(lib_a-memset.o)
                0x23f05514                memset
 .text          0x23f055a8        0x0 c:/devkitpro/devkitarm/bin/../lib/gcc/arm-none-eabi/5.3.0/../../../../arm-none-eabi/lib/thumb\libg.a(lib_a-snprintf.o)
 .text._snprintf_r
                0x23f055a8       0x80 c:/devkitpro/devkitarm/bin/../lib/gcc/arm-none-eabi/5.3.0/../../../../arm-none-eabi/lib/thumb\libg.a(lib_a-snprintf.o)
                0x23f055a8                _snprintf_r
 .text.snprintf
                0x23f05628       0x80 c:/devkitpro/devkitarm/bin/../lib/gcc/arm-none-eabi/5.3.0/../../../../arm-none-eabi/lib/thumb\libg.a(lib_a-snprintf.o)
                0x23f05628                snprintf
 .text          0x23f056a8        0x0 c:/devkitpro/devkitarm/bin/../lib/gcc/arm-none-eabi/5.3.0/../../../../arm-none-eabi/lib/thumb\libg.a(lib_a-sprintf.o)
 .text._sprintf_r
                0x23f056a8       0x40 c:/devkitpro/devkitarm/bin/../lib/gcc/arm-none-eabi/5.3.0/../../../../arm-none-eabi/lib/thumb\libg.a(lib_a-sprintf.o)
                0x23f056a8                _sprintf_r
 .text.sprintf  0x23f056e8       0x48 c:/devkitpro/devkitarm/bin/../lib/gcc/arm-none-eabi/5.3.0/../../../../arm-none-eabi/lib/thumb\libg.a(lib_a-sprintf.o)
                0x23f056e8                sprintf
 .text          0x23f05730        0x0 c:/devkitpro/devkitarm/bin/../lib/gcc/arm-none-eabi/5.3.0/../../../../arm-none-eabi/lib/thumb\libg.a(lib_a-sscanf.o)
 .text.sscanf   0x23f05730       0x4c c:/devkitpro/devkitarm/bin/../lib/gcc/arm-none-eabi/5.3.0/../../../../arm-none-eabi/lib/thumb\libg.a(lib_a-sscanf.o)
                0x23f05730                sscanf
 .text._sscanf_r
                0x23f0577c       0x4c c:/devkitpro/devkitarm/bin/../lib/gcc/arm-none-eabi/5.3.0/../../../../arm-none-eabi/lib/thumb\libg.a(lib_a-sscanf.o)
                0x23f0577c                _sscanf_r
 .text          0x23f057c8        0x0 c:/devkitpro/devkitarm/bin/../lib/gcc/arm-none-eabi/5.3.0/../../../../arm-none-eabi/lib/thumb\libg.a(lib_a-stdio.o)
 .text.__sread  0x23f057c8       0x2c c:/devkitpro/devkitarm/bin/../lib/gcc/arm-none-eabi/5.3.0/../../../../arm-none-eabi/lib/thumb\libg.a(lib_a-stdio.o)
                0x23f057c8                __sread
 .text.__seofread
                0x23f057f4        0x4 c:/devkitpro/devkitarm/bin/../lib/gcc/arm-none-eabi/5.3.0/../../../../arm-none-eabi/lib/thumb\libg.a(lib_a-stdio.o)
                0x23f057f4                __seofread
 .text.__swrite
                0x23f057f8       0x3c c:/devkitpro/devkitarm/bin/../lib/gcc/arm-none-eabi/5.3.0/../../../../arm-none-eabi/lib/thumb\libg.a(lib_a-stdio.o)
                0x23f057f8                __swrite
 .text.__sseek  0x23f05834       0x30 c:/devkitpro/devkitarm/bin/../lib/gcc/arm-none-eabi/5.3.0/../../../../arm-none-eabi/lib/thumb\libg.a(lib_a-stdio.o)
                0x23f05834                __sseek
 .text.__sclose
                0x23f05864       0x10 c:/devkitpro/devkitarm/bin/../lib/gcc/arm-none-eabi/5.3.0/../../../../arm-none-eabi/lib/thumb\libg.a(lib_a-stdio.o)
                0x23f05864                __sclose
 .text          0x23f05874        0x0 c:/devkitpro/devkitarm/bin/../lib/gcc/arm-none-eabi/5.3.0/../../../../arm-none-eabi/lib/thumb\libg.a(lib_a-strlen.o)
 .text.strlen   0x23f05874       0x6c c:/devkitpro/devkitarm/bin/../lib/gcc/arm-none-eabi/5.3.0/../../../../arm-none-eabi/lib/thumb\libg.a(lib_a-strlen.o)
                0x23f05874                strlen
 .text          0x23f058e0        0x0 c:/devkitpro/devkitarm/bin/../lib/gcc/arm-none-eabi/5.3.0/../../../../arm-none-eabi/lib/thumb\libg.a(lib_a-strstr.o)
 .text.critical_factorization
                0x23f058e0       0xc8 c:/devkitpro/devkitarm/bin/../lib/gcc/arm-none-eabi/5.3.0/../../../../arm-none-eabi/lib/thumb\libg.a(lib_a-strstr.o)
 .text.two_way_long_needle
                0x23f059a8      0x1fc c:/devkitpro/devkitarm/bin/../lib/gcc/arm-none-eabi/5.3.0/../../../../arm-none-eabi/lib/thumb\libg.a(lib_a-strstr.o)
 .text.strstr   0x23f05ba4      0x200 c:/devkitpro/devkitarm/bin/../lib/gcc/arm-none-eabi/5.3.0/../../../../arm-none-eabi/lib/thumb\libg.a(lib_a-strstr.o)
                0x23f05ba4                strstr
 .text          0x23f05da4        0x0 c:/devkitpro/devkitarm/bin/../lib/gcc/arm-none-eabi/5.3.0/../../../../arm-none-eabi/lib/thumb\libg.a(lib_a-strtol.o)
 .text._strtol_r
                0x23f05da4      0x178 c:/devkitpro/devkitarm/bin/../lib/gcc/arm-none-eabi/5.3.0/../../../../arm-none-eabi/lib/thumb\libg.a(lib_a-strtol.o)
                0x23f05da4                _strtol_r
 .text.strtol   0x23f05f1c       0x1c c:/devkitpro/devkitarm/bin/../lib/gcc/arm-none-eabi/5.3.0/../../../../arm-none-eabi/lib/thumb\libg.a(lib_a-strtol.o)
                0x23f05f1c                strtol
 .text          0x23f05f38        0x0 c:/devkitpro/devkitarm/bin/../lib/gcc/arm-none-eabi/5.3.0/../../../../arm-none-eabi/lib/thumb\libg.a(lib_a-svfprintf.o)
 .text.get_arg  0x23f05f38      0xcb0 c:/devkitpro/devkitarm/bin/../lib/gcc/arm-none-eabi/5.3.0/../../../../arm-none-eabi/lib/thumb\libg.a(lib_a-svfprintf.o)
 .text._svfprintf_r
                0x23f06be8     0x3114 c:/devkitpro/devkitarm/bin/../lib/gcc/arm-none-eabi/5.3.0/../../../../arm-none-eabi/lib/thumb\libg.a(lib_a-svfprintf.o)
                0x23f06be8                _svfprintf_r
 .text          0x23f09cfc        0x0 c:/devkitpro/devkitarm/bin/../lib/gcc/arm-none-eabi/5.3.0/../../../../arm-none-eabi/lib/thumb\libg.a(lib_a-svfscanf.o)
 .text.__ssvfscanf_r
                0x23f09cfc     0x1b5c c:/devkitpro/devkitarm/bin/../lib/gcc/arm-none-eabi/5.3.0/../../../../arm-none-eabi/lib/thumb\libg.a(lib_a-svfscanf.o)
                0x23f09cfc                __ssvfscanf_r
 .text          0x23f0b858        0x0 c:/devkitpro/devkitarm/bin/../lib/gcc/arm-none-eabi/5.3.0/../../../../arm-none-eabi/lib/thumb\libg.a(lib_a-vsnprintf.o)
 .text._vsnprintf_r
                0x23f0b858       0x78 c:/devkitpro/devkitarm/bin/../lib/gcc/arm-none-eabi/5.3.0/../../../../arm-none-eabi/lib/thumb\libg.a(lib_a-vsnprintf.o)
                0x23f0b858                _vsnprintf_r
 .text.vsnprintf
                0x23f0b8d0       0x24 c:/devkitpro/devkitarm/bin/../lib/gcc/arm-none-eabi/5.3.0/../../../../arm-none-eabi/lib/thumb\libg.a(lib_a-vsnprintf.o)
                0x23f0b8d0                vsnprintf
 .text          0x23f0b8f4        0x0 c:/devkitpro/devkitarm/bin/../lib/gcc/arm-none-eabi/5.3.0/../../../../arm-none-eabi/lib/thumb\libg.a(lib_a-wcrtomb.o)
 .text._wcrtomb_r
                0x23f0b8f4       0x6c c:/devkitpro/devkitarm/bin/../lib/gcc/arm-none-eabi/5.3.0/../../../../arm-none-eabi/lib/thumb\libg.a(lib_a-wcrtomb.o)
                0x23f0b8f4                _wcrtomb_r
 .text.wcrtomb  0x23f0b960       0x74 c:/devkitpro/devkitarm/bin/../lib/gcc/arm-none-eabi/5.3.0/../../../../arm-none-eabi/lib/thumb\libg.a(lib_a-wcrtomb.o)
                0x23f0b960                wcrtomb
 .text          0x23f0b9d4        0x0 c:/devkitpro/devkitarm/bin/../lib/gcc/arm-none-eabi/5.3.0/../../../../arm-none-eabi/lib/thumb\libg.a(lib_a-wcsrtombs.o)
 .text._wcsrtombs_r
                0x23f0b9d4       0x1c c:/devkitpro/devkitarm/bin/../lib/gcc/arm-none-eabi/5.3.0/../../../../arm-none-eabi/lib/thumb\libg.a(lib_a-wcsrtombs.o)
                0x23f0b9d4                _wcsrtombs_r
 .text.wcsrtombs
                0x23f0b9f0       0x28 c:/devkitpro/devkitarm/bin/../lib/gcc/arm-none-eabi/5.3.0/../../../../arm-none-eabi/lib/thumb\libg.a(lib_a-wcsrtombs.o)
                0x23f0b9f0                wcsrtombs
 .text          0x23f0ba18        0x0 c:/devkitpro/devkitarm/bin/../lib/gcc/arm-none-eabi/5.3.0/../../../../arm-none-eabi/lib/thumb\libg.a(lib_a-wctomb_r.o)
 .text.__utf8_wctomb
                0x23f0ba18       0xbc c:/devkitpro/devkitarm/bin/../lib/gcc/arm-none-eabi/5.3.0/../../../../arm-none-eabi/lib/thumb\libg.a(lib_a-wctomb_r.o)
                0x23f0ba18                __utf8_wctomb
 .text._wctomb_r
                0x23f0bad4       0x3c c:/devkitpro/devkitarm/bin/../lib/gcc/arm-none-eabi/5.3.0/../../../../arm-none-eabi/lib/thumb\libg.a(lib_a-wctomb_r.o)
                0x23f0bad4                _wctomb_r
 .text.__ascii_wctomb
                0x23f0bb10       0x1c c:/devkitpro/devkitarm/bin/../lib/gcc/arm-none-eabi/5.3.0/../../../../arm-none-eabi/lib/thumb\libg.a(lib_a-wctomb_r.o)
                0x23f0bb10                __ascii_wctomb
 .text.__sjis_wctomb
                0x23f0bb2c       0x80 c:/devkitpro/devkitarm/bin/../lib/gcc/arm-none-eabi/5.3.0/../../../../arm-none-eabi/lib/thumb\libg.a(lib_a-wctomb_r.o)
                0x23f0bb2c                __sjis_wctomb
 .text.__eucjp_wctomb
                0x23f0bbac       0x88 c:/devkitpro/devkitarm/bin/../lib/gcc/arm-none-eabi/5.3.0/../../../../arm-none-eabi/lib/thumb\libg.a(lib_a-wctomb_r.o)
                0x23f0bbac                __eucjp_wctomb
 .text.__jis_wctomb
                0x23f0bc34       0x80 c:/devkitpro/devkitarm/bin/../lib/gcc/arm-none-eabi/5.3.0/../../../../arm-none-eabi/lib/thumb\libg.a(lib_a-wctomb_r.o)
                0x23f0bc34                __jis_wctomb
 .text          0x23f0bcb4        0x0 c:/devkitpro/devkitarm/bin/../lib/gcc/arm-none-eabi/5.3.0/../../../../arm-none-eabi/lib/thumb\libg.a(lib_a-ctype_.o)
 .text.__set_ctype
                0x23f0bcb4       0x10 c:/devkitpro/devkitarm/bin/../lib/gcc/arm-none-eabi/5.3.0/../../../../arm-none-eabi/lib/thumb\libg.a(lib_a-ctype_.o)
                0x23f0bcb4                __set_ctype
 .text          0x23f0bcc4        0x0 c:/devkitpro/devkitarm/bin/../lib/gcc/arm-none-eabi/5.3.0/../../../../arm-none-eabi/lib/thumb\libg.a(lib_a-dtoa.o)
 .text.quorem   0x23f0bcc4      0x158 c:/devkitpro/devkitarm/bin/../lib/gcc/arm-none-eabi/5.3.0/../../../../arm-none-eabi/lib/thumb\libg.a(lib_a-dtoa.o)
 .text._dtoa_r  0x23f0be1c      0xfd8 c:/devkitpro/devkitarm/bin/../lib/gcc/arm-none-eabi/5.3.0/../../../../arm-none-eabi/lib/thumb\libg.a(lib_a-dtoa.o)
                0x23f0be1c                _dtoa_r
 .text          0x23f0cdf4        0x0 c:/devkitpro/devkitarm/bin/../lib/gcc/arm-none-eabi/5.3.0/../../../../arm-none-eabi/lib/thumb\libg.a(lib_a-freer.o)
 .text._malloc_trim_r
                0x23f0cdf4       0xa4 c:/devkitpro/devkitarm/bin/../lib/gcc/arm-none-eabi/5.3.0/../../../../arm-none-eabi/lib/thumb\libg.a(lib_a-freer.o)
                0x23f0cdf4                _malloc_trim_r
 .text._free_r  0x23f0ce98      0x1c8 c:/devkitpro/devkitarm/bin/../lib/gcc/arm-none-eabi/5.3.0/../../../../arm-none-eabi/lib/thumb\libg.a(lib_a-freer.o)
                0x23f0ce98                _free_r
 .text          0x23f0d060        0x0 c:/devkitpro/devkitarm/bin/../lib/gcc/arm-none-eabi/5.3.0/../../../../arm-none-eabi/lib/thumb\libg.a(lib_a-iswspace.o)
 .text.iswspace
                0x23f0d060       0x78 c:/devkitpro/devkitarm/bin/../lib/gcc/arm-none-eabi/5.3.0/../../../../arm-none-eabi/lib/thumb\libg.a(lib_a-iswspace.o)
                0x23f0d060                iswspace
 .text          0x23f0d0d8        0x0 c:/devkitpro/devkitarm/bin/../lib/gcc/arm-none-eabi/5.3.0/../../../../arm-none-eabi/lib/thumb\libg.a(lib_a-jp2uc.o)
 .text.__jp2uc  0x23f0d0d8      0x188 c:/devkitpro/devkitarm/bin/../lib/gcc/arm-none-eabi/5.3.0/../../../../arm-none-eabi/lib/thumb\libg.a(lib_a-jp2uc.o)
 .text._jp2uc   0x23f0d260       0x64 c:/devkitpro/devkitarm/bin/../lib/gcc/arm-none-eabi/5.3.0/../../../../arm-none-eabi/lib/thumb\libg.a(lib_a-jp2uc.o)
                0x23f0d260                _jp2uc
 .text          0x23f0d2c4        0x0 c:/devkitpro/devkitarm/bin/../lib/gcc/arm-none-eabi/5.3.0/../../../../arm-none-eabi/lib/thumb\libg.a(lib_a-locale.o)
 .text.__get_locale_env
                0x23f0d2c4       0x58 c:/devkitpro/devkitarm/bin/../lib/gcc/arm-none-eabi/5.3.0/../../../../arm-none-eabi/lib/thumb\libg.a(lib_a-locale.o)
 .text.loadlocale
                0x23f0d31c      0x61c c:/devkitpro/devkitarm/bin/../lib/gcc/arm-none-eabi/5.3.0/../../../../arm-none-eabi/lib/thumb\libg.a(lib_a-locale.o)
 .text.currentlocale
                0x23f0d938       0x64 c:/devkitpro/devkitarm/bin/../lib/gcc/arm-none-eabi/5.3.0/../../../../arm-none-eabi/lib/thumb\libg.a(lib_a-locale.o)
 .text._setlocale_r
                0x23f0d99c      0x210 c:/devkitpro/devkitarm/bin/../lib/gcc/arm-none-eabi/5.3.0/../../../../arm-none-eabi/lib/thumb\libg.a(lib_a-locale.o)
                0x23f0d99c                _setlocale_r
 .text.__locale_charset
                0x23f0dbac        0x8 c:/devkitpro/devkitarm/bin/../lib/gcc/arm-none-eabi/5.3.0/../../../../arm-none-eabi/lib/thumb\libg.a(lib_a-locale.o)
                0x23f0dbac                __locale_charset
 .text.__locale_mb_cur_max
                0x23f0dbb4        0xc c:/devkitpro/devkitarm/bin/../lib/gcc/arm-none-eabi/5.3.0/../../../../arm-none-eabi/lib/thumb\libg.a(lib_a-locale.o)
                0x23f0dbb4                __locale_mb_cur_max
 .text.__locale_msgcharset
                0x23f0dbc0        0x8 c:/devkitpro/devkitarm/bin/../lib/gcc/arm-none-eabi/5.3.0/../../../../arm-none-eabi/lib/thumb\libg.a(lib_a-locale.o)
                0x23f0dbc0                __locale_msgcharset
 .text.__locale_cjk_lang
                0x23f0dbc8        0xc c:/devkitpro/devkitarm/bin/../lib/gcc/arm-none-eabi/5.3.0/../../../../arm-none-eabi/lib/thumb\libg.a(lib_a-locale.o)
                0x23f0dbc8                __locale_cjk_lang
 .text._localeconv_r
                0x23f0dbd4        0x8 c:/devkitpro/devkitarm/bin/../lib/gcc/arm-none-eabi/5.3.0/../../../../arm-none-eabi/lib/thumb\libg.a(lib_a-locale.o)
                0x23f0dbd4                _localeconv_r
 .text.setlocale
                0x23f0dbdc       0x18 c:/devkitpro/devkitarm/bin/../lib/gcc/arm-none-eabi/5.3.0/../../../../arm-none-eabi/lib/thumb\libg.a(lib_a-locale.o)
                0x23f0dbdc                setlocale
 .text.localeconv
                0x23f0dbf4       0x14 c:/devkitpro/devkitarm/bin/../lib/gcc/arm-none-eabi/5.3.0/../../../../arm-none-eabi/lib/thumb\libg.a(lib_a-locale.o)
                0x23f0dbf4                localeconv
 .text          0x23f0dc08        0x0 c:/devkitpro/devkitarm/bin/../lib/gcc/arm-none-eabi/5.3.0/../../../../arm-none-eabi/lib/thumb\libg.a(lib_a-mallocr.o)
 .text._malloc_r
                0x23f0dc08      0x564 c:/devkitpro/devkitarm/bin/../lib/gcc/arm-none-eabi/5.3.0/../../../../arm-none-eabi/lib/thumb\libg.a(lib_a-mallocr.o)
                0x23f0dc08                _malloc_r
 .text          0x23f0e16c        0x0 c:/devkitpro/devkitarm/bin/../lib/gcc/arm-none-eabi/5.3.0/../../../../arm-none-eabi/lib/thumb\libg.a(lib_a-mbrtowc.o)
 .text._mbrtowc_r
                0x23f0e16c       0x7c c:/devkitpro/devkitarm/bin/../lib/gcc/arm-none-eabi/5.3.0/../../../../arm-none-eabi/lib/thumb\libg.a(lib_a-mbrtowc.o)
                0x23f0e16c                _mbrtowc_r
 .text.mbrtowc  0x23f0e1e8       0x80 c:/devkitpro/devkitarm/bin/../lib/gcc/arm-none-eabi/5.3.0/../../../../arm-none-eabi/lib/thumb\libg.a(lib_a-mbrtowc.o)
                0x23f0e1e8                mbrtowc
 .text          0x23f0e268        0x0 c:/devkitpro/devkitarm/bin/../lib/gcc/arm-none-eabi/5.3.0/../../../../arm-none-eabi/lib/thumb\libg.a(lib_a-mbtowc_r.o)
 .text.__utf8_mbtowc
                0x23f0e268      0x2cc c:/devkitpro/devkitarm/bin/../lib/gcc/arm-none-eabi/5.3.0/../../../../arm-none-eabi/lib/thumb\libg.a(lib_a-mbtowc_r.o)
                0x23f0e268                __utf8_mbtowc
 .text._mbtowc_r
                0x23f0e534       0x40 c:/devkitpro/devkitarm/bin/../lib/gcc/arm-none-eabi/5.3.0/../../../../arm-none-eabi/lib/thumb\libg.a(lib_a-mbtowc_r.o)
                0x23f0e534                _mbtowc_r
 .text.__ascii_mbtowc
                0x23f0e574       0x2c c:/devkitpro/devkitarm/bin/../lib/gcc/arm-none-eabi/5.3.0/../../../../arm-none-eabi/lib/thumb\libg.a(lib_a-mbtowc_r.o)
                0x23f0e574                __ascii_mbtowc
 .text.__sjis_mbtowc
                0x23f0e5a0       0xb0 c:/devkitpro/devkitarm/bin/../lib/gcc/arm-none-eabi/5.3.0/../../../../arm-none-eabi/lib/thumb\libg.a(lib_a-mbtowc_r.o)
                0x23f0e5a0                __sjis_mbtowc
 .text.__eucjp_mbtowc
                0x23f0e650       0xd0 c:/devkitpro/devkitarm/bin/../lib/gcc/arm-none-eabi/5.3.0/../../../../arm-none-eabi/lib/thumb\libg.a(lib_a-mbtowc_r.o)
                0x23f0e650                __eucjp_mbtowc
 .text.__jis_mbtowc
                0x23f0e720      0x140 c:/devkitpro/devkitarm/bin/../lib/gcc/arm-none-eabi/5.3.0/../../../../arm-none-eabi/lib/thumb\libg.a(lib_a-mbtowc_r.o)
                0x23f0e720                __jis_mbtowc
 .text          0x23f0e860        0x0 c:/devkitpro/devkitarm/bin/../lib/gcc/arm-none-eabi/5.3.0/../../../../arm-none-eabi/lib/thumb\libg.a(lib_a-memchr.o)
 .text.memchr   0x23f0e860       0x90 c:/devkitpro/devkitarm/bin/../lib/gcc/arm-none-eabi/5.3.0/../../../../arm-none-eabi/lib/thumb\libg.a(lib_a-memchr.o)
                0x23f0e860                memchr
 .text          0x23f0e8f0        0x0 c:/devkitpro/devkitarm/bin/../lib/gcc/arm-none-eabi/5.3.0/../../../../arm-none-eabi/lib/thumb\libg.a(lib_a-mlock.o)
 .text.__malloc_lock
                0x23f0e8f0       0x14 c:/devkitpro/devkitarm/bin/../lib/gcc/arm-none-eabi/5.3.0/../../../../arm-none-eabi/lib/thumb\libg.a(lib_a-mlock.o)
                0x23f0e8f0                __malloc_lock
 .text.__malloc_unlock
                0x23f0e904       0x14 c:/devkitpro/devkitarm/bin/../lib/gcc/arm-none-eabi/5.3.0/../../../../arm-none-eabi/lib/thumb\libg.a(lib_a-mlock.o)
                0x23f0e904                __malloc_unlock
 .text          0x23f0e918        0x0 c:/devkitpro/devkitarm/bin/../lib/gcc/arm-none-eabi/5.3.0/../../../../arm-none-eabi/lib/thumb\libg.a(lib_a-mprec.o)
 .text._Balloc  0x23f0e918       0x54 c:/devkitpro/devkitarm/bin/../lib/gcc/arm-none-eabi/5.3.0/../../../../arm-none-eabi/lib/thumb\libg.a(lib_a-mprec.o)
                0x23f0e918                _Balloc
 .text._Bfree   0x23f0e96c       0x14 c:/devkitpro/devkitarm/bin/../lib/gcc/arm-none-eabi/5.3.0/../../../../arm-none-eabi/lib/thumb\libg.a(lib_a-mprec.o)
                0x23f0e96c                _Bfree
 .text.__multadd
                0x23f0e980       0x94 c:/devkitpro/devkitarm/bin/../lib/gcc/arm-none-eabi/5.3.0/../../../../arm-none-eabi/lib/thumb\libg.a(lib_a-mprec.o)
                0x23f0e980                __multadd
 .text.__s2b    0x23f0ea14       0x94 c:/devkitpro/devkitarm/bin/../lib/gcc/arm-none-eabi/5.3.0/../../../../arm-none-eabi/lib/thumb\libg.a(lib_a-mprec.o)
                0x23f0ea14                __s2b
 .text.__hi0bits
                0x23f0eaa8       0x3c c:/devkitpro/devkitarm/bin/../lib/gcc/arm-none-eabi/5.3.0/../../../../arm-none-eabi/lib/thumb\libg.a(lib_a-mprec.o)
                0x23f0eaa8                __hi0bits
 .text.__lo0bits
                0x23f0eae4       0x5c c:/devkitpro/devkitarm/bin/../lib/gcc/arm-none-eabi/5.3.0/../../../../arm-none-eabi/lib/thumb\libg.a(lib_a-mprec.o)
                0x23f0eae4                __lo0bits
 .text.__i2b    0x23f0eb40       0x18 c:/devkitpro/devkitarm/bin/../lib/gcc/arm-none-eabi/5.3.0/../../../../arm-none-eabi/lib/thumb\libg.a(lib_a-mprec.o)
                0x23f0eb40                __i2b
 .text.__multiply
                0x23f0eb58      0x16c c:/devkitpro/devkitarm/bin/../lib/gcc/arm-none-eabi/5.3.0/../../../../arm-none-eabi/lib/thumb\libg.a(lib_a-mprec.o)
                0x23f0eb58                __multiply
 .text.__pow5mult
                0x23f0ecc4       0xc0 c:/devkitpro/devkitarm/bin/../lib/gcc/arm-none-eabi/5.3.0/../../../../arm-none-eabi/lib/thumb\libg.a(lib_a-mprec.o)
                0x23f0ecc4                __pow5mult
 .text.__lshift
                0x23f0ed84       0xc4 c:/devkitpro/devkitarm/bin/../lib/gcc/arm-none-eabi/5.3.0/../../../../arm-none-eabi/lib/thumb\libg.a(lib_a-mprec.o)
                0x23f0ed84                __lshift
 .text.__mcmp   0x23f0ee48       0x40 c:/devkitpro/devkitarm/bin/../lib/gcc/arm-none-eabi/5.3.0/../../../../arm-none-eabi/lib/thumb\libg.a(lib_a-mprec.o)
                0x23f0ee48                __mcmp
 .text.__mdiff  0x23f0ee88      0x120 c:/devkitpro/devkitarm/bin/../lib/gcc/arm-none-eabi/5.3.0/../../../../arm-none-eabi/lib/thumb\libg.a(lib_a-mprec.o)
                0x23f0ee88                __mdiff
 .text.__ulp    0x23f0efa8       0x50 c:/devkitpro/devkitarm/bin/../lib/gcc/arm-none-eabi/5.3.0/../../../../arm-none-eabi/lib/thumb\libg.a(lib_a-mprec.o)
                0x23f0efa8                __ulp
 .text.__b2d    0x23f0eff8       0xdc c:/devkitpro/devkitarm/bin/../lib/gcc/arm-none-eabi/5.3.0/../../../../arm-none-eabi/lib/thumb\libg.a(lib_a-mprec.o)
                0x23f0eff8                __b2d
 .text.__d2b    0x23f0f0d4       0xc0 c:/devkitpro/devkitarm/bin/../lib/gcc/arm-none-eabi/5.3.0/../../../../arm-none-eabi/lib/thumb\libg.a(lib_a-mprec.o)
                0x23f0f0d4                __d2b
 .text.__ratio  0x23f0f194       0x78 c:/devkitpro/devkitarm/bin/../lib/gcc/arm-none-eabi/5.3.0/../../../../arm-none-eabi/lib/thumb\libg.a(lib_a-mprec.o)
                0x23f0f194                __ratio
 .text._mprec_log10
                0x23f0f20c       0x38 c:/devkitpro/devkitarm/bin/../lib/gcc/arm-none-eabi/5.3.0/../../../../arm-none-eabi/lib/thumb\libg.a(lib_a-mprec.o)
                0x23f0f20c                _mprec_log10
 .text.__copybits
                0x23f0f244       0x44 c:/devkitpro/devkitarm/bin/../lib/gcc/arm-none-eabi/5.3.0/../../../../arm-none-eabi/lib/thumb\libg.a(lib_a-mprec.o)
                0x23f0f244                __copybits
 .text.__any_on
                0x23f0f288       0x64 c:/devkitpro/devkitarm/bin/../lib/gcc/arm-none-eabi/5.3.0/../../../../arm-none-eabi/lib/thumb\libg.a(lib_a-mprec.o)
                0x23f0f288                __any_on
 .text          0x23f0f2ec        0x0 c:/devkitpro/devkitarm/bin/../lib/gcc/arm-none-eabi/5.3.0/../../../../arm-none-eabi/lib/thumb\libg.a(lib_a-sccl.o)
 .text.__sccl   0x23f0f2ec       0x7c c:/devkitpro/devkitarm/bin/../lib/gcc/arm-none-eabi/5.3.0/../../../../arm-none-eabi/lib/thumb\libg.a(lib_a-sccl.o)
                0x23f0f2ec                __sccl
 .text          0x23f0f368        0x0 c:/devkitpro/devkitarm/bin/../lib/gcc/arm-none-eabi/5.3.0/../../../../arm-none-eabi/lib/thumb\libg.a(lib_a-sf_nan.o)
 .text.nanf     0x23f0f368        0x8 c:/devkitpro/devkitarm/bin/../lib/gcc/arm-none-eabi/5.3.0/../../../../arm-none-eabi/lib/thumb\libg.a(lib_a-sf_nan.o)
                0x23f0f368                nanf
 .text          0x23f0f370        0x0 c:/devkitpro/devkitarm/bin/../lib/gcc/arm-none-eabi/5.3.0/../../../../arm-none-eabi/lib/thumb\libg.a(lib_a-s_fpclassify.o)
 .text.__fpclassifyd
                0x23f0f370       0x5c c:/devkitpro/devkitarm/bin/../lib/gcc/arm-none-eabi/5.3.0/../../../../arm-none-eabi/lib/thumb\libg.a(lib_a-s_fpclassify.o)
                0x23f0f370                __fpclassifyd
 .text          0x23f0f3cc        0x0 c:/devkitpro/devkitarm/bin/../lib/gcc/arm-none-eabi/5.3.0/../../../../arm-none-eabi/lib/thumb\libg.a(lib_a-s_frexp.o)
 .text.frexp    0x23f0f3cc       0x74 c:/devkitpro/devkitarm/bin/../lib/gcc/arm-none-eabi/5.3.0/../../../../arm-none-eabi/lib/thumb\libg.a(lib_a-s_frexp.o)
                0x23f0f3cc                frexp
 .text          0x23f0f440        0x0 c:/devkitpro/devkitarm/bin/../lib/gcc/arm-none-eabi/5.3.0/../../../../arm-none-eabi/lib/thumb\libg.a(lib_a-stpncpy.o)
 .text.stpncpy  0x23f0f440       0x8c c:/devkitpro/devkitarm/bin/../lib/gcc/arm-none-eabi/5.3.0/../../../../arm-none-eabi/lib/thumb\libg.a(lib_a-stpncpy.o)
                0x23f0f440                stpncpy
 .text          0x23f0f4cc        0x0 c:/devkitpro/devkitarm/bin/../lib/gcc/arm-none-eabi/5.3.0/../../../../arm-none-eabi/lib/thumb\libg.a(lib_a-strcasecmp.o)
 .text.strcasecmp
                0x23f0f4cc       0x58 c:/devkitpro/devkitarm/bin/../lib/gcc/arm-none-eabi/5.3.0/../../../../arm-none-eabi/lib/thumb\libg.a(lib_a-strcasecmp.o)
                0x23f0f4cc                strcasecmp
 .text          0x23f0f524        0x0 c:/devkitpro/devkitarm/bin/../lib/gcc/arm-none-eabi/5.3.0/../../../../arm-none-eabi/lib/thumb\libg.a(lib_a-strcat.o)
 .text.strcat   0x23f0f524       0x54 c:/devkitpro/devkitarm/bin/../lib/gcc/arm-none-eabi/5.3.0/../../../../arm-none-eabi/lib/thumb\libg.a(lib_a-strcat.o)
                0x23f0f524                strcat
 .text          0x23f0f578        0x0 c:/devkitpro/devkitarm/bin/../lib/gcc/arm-none-eabi/5.3.0/../../../../arm-none-eabi/lib/thumb\libg.a(lib_a-strchr.o)
 .text.strchr   0x23f0f578       0xdc c:/devkitpro/devkitarm/bin/../lib/gcc/arm-none-eabi/5.3.0/../../../../arm-none-eabi/lib/thumb\libg.a(lib_a-strchr.o)
                0x23f0f578                strchr
 .text          0x23f0f654      0x224 c:/devkitpro/devkitarm/bin/../lib/gcc/arm-none-eabi/5.3.0/../../../../arm-none-eabi/lib/thumb\libg.a(lib_a-strcmp.o)
                0x23f0f654                strcmp
 .text          0x23f0f878        0x0 c:/devkitpro/devkitarm/bin/../lib/gcc/arm-none-eabi/5.3.0/../../../../arm-none-eabi/lib/thumb\libg.a(lib_a-strcpy.o)
 .text.strcpy   0x23f0f878       0x10 c:/devkitpro/devkitarm/bin/../lib/gcc/arm-none-eabi/5.3.0/../../../../arm-none-eabi/lib/thumb\libg.a(lib_a-strcpy.o)
                0x23f0f878                strcpy
 .text          0x23f0f888        0x0 c:/devkitpro/devkitarm/bin/../lib/gcc/arm-none-eabi/5.3.0/../../../../arm-none-eabi/lib/thumb\libg.a(lib_a-strlcpy.o)
 .text.strlcpy  0x23f0f888       0x4c c:/devkitpro/devkitarm/bin/../lib/gcc/arm-none-eabi/5.3.0/../../../../arm-none-eabi/lib/thumb\libg.a(lib_a-strlcpy.o)
                0x23f0f888                strlcpy
 .text          0x23f0f8d4        0x0 c:/devkitpro/devkitarm/bin/../lib/gcc/arm-none-eabi/5.3.0/../../../../arm-none-eabi/lib/thumb\libg.a(lib_a-strncasecmp.o)
 .text.strncasecmp
                0x23f0f8d4       0x5c c:/devkitpro/devkitarm/bin/../lib/gcc/arm-none-eabi/5.3.0/../../../../arm-none-eabi/lib/thumb\libg.a(lib_a-strncasecmp.o)
                0x23f0f8d4                strncasecmp
 .text          0x23f0f930        0x0 c:/devkitpro/devkitarm/bin/../lib/gcc/arm-none-eabi/5.3.0/../../../../arm-none-eabi/lib/thumb\libg.a(lib_a-strncmp.o)
 .text.strncmp  0x23f0f930       0x94 c:/devkitpro/devkitarm/bin/../lib/gcc/arm-none-eabi/5.3.0/../../../../arm-none-eabi/lib/thumb\libg.a(lib_a-strncmp.o)
                0x23f0f930                strncmp
 .text          0x23f0f9c4        0x0 c:/devkitpro/devkitarm/bin/../lib/gcc/arm-none-eabi/5.3.0/../../../../arm-none-eabi/lib/thumb\libg.a(lib_a-strncpy.o)
 .text.strncpy  0x23f0f9c4       0x7c c:/devkitpro/devkitarm/bin/../lib/gcc/arm-none-eabi/5.3.0/../../../../arm-none-eabi/lib/thumb\libg.a(lib_a-strncpy.o)
                0x23f0f9c4                strncpy
 .text          0x23f0fa40        0x0 c:/devkitpro/devkitarm/bin/../lib/gcc/arm-none-eabi/5.3.0/../../../../arm-none-eabi/lib/thumb\libg.a(lib_a-strtod.o)
 .text.unlikely.sulp
                0x23f0fa40       0x34 c:/devkitpro/devkitarm/bin/../lib/gcc/arm-none-eabi/5.3.0/../../../../arm-none-eabi/lib/thumb\libg.a(lib_a-strtod.o)
 .text._strtod_r
                0x23f0fa74      0xedc c:/devkitpro/devkitarm/bin/../lib/gcc/arm-none-eabi/5.3.0/../../../../arm-none-eabi/lib/thumb\libg.a(lib_a-strtod.o)
                0x23f0fa74                _strtod_r
 .text.strtod   0x23f10950       0x18 c:/devkitpro/devkitarm/bin/../lib/gcc/arm-none-eabi/5.3.0/../../../../arm-none-eabi/lib/thumb\libg.a(lib_a-strtod.o)
                0x23f10950                strtod
 .text.strtof   0x23f10968       0x34 c:/devkitpro/devkitarm/bin/../lib/gcc/arm-none-eabi/5.3.0/../../../../arm-none-eabi/lib/thumb\libg.a(lib_a-strtod.o)
                0x23f10968                strtof
 .text          0x23f1099c        0x0 c:/devkitpro/devkitarm/bin/../lib/gcc/arm-none-eabi/5.3.0/../../../../arm-none-eabi/lib/thumb\libg.a(lib_a-strtoll_r.o)
 .text._strtoll_r
                0x23f1099c      0x1e8 c:/devkitpro/devkitarm/bin/../lib/gcc/arm-none-eabi/5.3.0/../../../../arm-none-eabi/lib/thumb\libg.a(lib_a-strtoll_r.o)
                0x23f1099c                _strtoll_r
 .text          0x23f10b84        0x0 c:/devkitpro/devkitarm/bin/../lib/gcc/arm-none-eabi/5.3.0/../../../../arm-none-eabi/lib/thumb\libg.a(lib_a-strtoull_r.o)
 .text._strtoull_r
                0x23f10b84      0x1ec c:/devkitpro/devkitarm/bin/../lib/gcc/arm-none-eabi/5.3.0/../../../../arm-none-eabi/lib/thumb\libg.a(lib_a-strtoull_r.o)
                0x23f10b84                _strtoull_r
 .text          0x23f10d70        0x0 c:/devkitpro/devkitarm/bin/../lib/gcc/arm-none-eabi/5.3.0/../../../../arm-none-eabi/lib/thumb\libg.a(lib_a-strtoul.o)
 .text._strtoul_r
                0x23f10d70      0x17c c:/devkitpro/devkitarm/bin/../lib/gcc/arm-none-eabi/5.3.0/../../../../arm-none-eabi/lib/thumb\libg.a(lib_a-strtoul.o)
                0x23f10d70                _strtoul_r
 .text.strtoul  0x23f10eec       0x1c c:/devkitpro/devkitarm/bin/../lib/gcc/arm-none-eabi/5.3.0/../../../../arm-none-eabi/lib/thumb\libg.a(lib_a-strtoul.o)
                0x23f10eec                strtoul
 .text          0x23f10f08        0x0 c:/devkitpro/devkitarm/bin/../lib/gcc/arm-none-eabi/5.3.0/../../../../arm-none-eabi/lib/thumb\libg.a(lib_a-svfiprintf.o)
 .text.get_arg  0x23f10f08      0xcb0 c:/devkitpro/devkitarm/bin/../lib/gcc/arm-none-eabi/5.3.0/../../../../arm-none-eabi/lib/thumb\libg.a(lib_a-svfiprintf.o)
 .text.__ssprint_r
                0x23f11bb8      0x134 c:/devkitpro/devkitarm/bin/../lib/gcc/arm-none-eabi/5.3.0/../../../../arm-none-eabi/lib/thumb\libg.a(lib_a-svfiprintf.o)
                0x23f11bb8                __ssprint_r
 .text._svfiprintf_r
                0x23f11cec     0x1fb4 c:/devkitpro/devkitarm/bin/../lib/gcc/arm-none-eabi/5.3.0/../../../../arm-none-eabi/lib/thumb\libg.a(lib_a-svfiprintf.o)
                0x23f11cec                _svfiprintf_r
 .text          0x23f13ca0        0x0 c:/devkitpro/devkitarm/bin/../lib/gcc/arm-none-eabi/5.3.0/../../../../arm-none-eabi/lib/thumb\libg.a(lib_a-svfiscanf.o)
 .text._sungetc_r
                0x23f13ca0       0x8c c:/devkitpro/devkitarm/bin/../lib/gcc/arm-none-eabi/5.3.0/../../../../arm-none-eabi/lib/thumb\libg.a(lib_a-svfiscanf.o)
                0x23f13ca0                _sungetc_r
 .text.__ssrefill_r
                0x23f13d2c       0x44 c:/devkitpro/devkitarm/bin/../lib/gcc/arm-none-eabi/5.3.0/../../../../arm-none-eabi/lib/thumb\libg.a(lib_a-svfiscanf.o)
                0x23f13d2c                __ssrefill_r
 .text._sfread_r
                0x23f13d70       0x90 c:/devkitpro/devkitarm/bin/../lib/gcc/arm-none-eabi/5.3.0/../../../../arm-none-eabi/lib/thumb\libg.a(lib_a-svfiscanf.o)
                0x23f13d70                _sfread_r
 .text.__ssvfiscanf_r
                0x23f13e00     0x1498 c:/devkitpro/devkitarm/bin/../lib/gcc/arm-none-eabi/5.3.0/../../../../arm-none-eabi/lib/thumb\libg.a(lib_a-svfiscanf.o)
                0x23f13e00                __ssvfiscanf_r
 .text          0x23f15298        0x0 c:/devkitpro/devkitarm/bin/../lib/gcc/arm-none-eabi/5.3.0/../../../../arm-none-eabi/lib/thumb\libg.a(lib_a-ungetc.o)
 .text.__submore
                0x23f15298       0x88 c:/devkitpro/devkitarm/bin/../lib/gcc/arm-none-eabi/5.3.0/../../../../arm-none-eabi/lib/thumb\libg.a(lib_a-ungetc.o)
                0x23f15298                __submore
 .text._ungetc_r
                0x23f15320      0x128 c:/devkitpro/devkitarm/bin/../lib/gcc/arm-none-eabi/5.3.0/../../../../arm-none-eabi/lib/thumb\libg.a(lib_a-ungetc.o)
                0x23f15320                _ungetc_r
 .text.ungetc   0x23f15448       0x18 c:/devkitpro/devkitarm/bin/../lib/gcc/arm-none-eabi/5.3.0/../../../../arm-none-eabi/lib/thumb\libg.a(lib_a-ungetc.o)
                0x23f15448                ungetc
 .text          0x23f15460        0x0 c:/devkitpro/devkitarm/bin/../lib/gcc/arm-none-eabi/5.3.0/../../../../arm-none-eabi/lib/thumb\libg.a(lib_a-wcsnrtombs.o)
 .text._wcsnrtombs_r
                0x23f15460      0x118 c:/devkitpro/devkitarm/bin/../lib/gcc/arm-none-eabi/5.3.0/../../../../arm-none-eabi/lib/thumb\libg.a(lib_a-wcsnrtombs.o)
                0x23f15460                _wcsnrtombs_r
 .text.wcsnrtombs
                0x23f15578       0x28 c:/devkitpro/devkitarm/bin/../lib/gcc/arm-none-eabi/5.3.0/../../../../arm-none-eabi/lib/thumb\libg.a(lib_a-wcsnrtombs.o)
                0x23f15578                wcsnrtombs
 .text          0x23f155a0        0x0 c:/devkitpro/devkitarm/bin/../lib/gcc/arm-none-eabi/5.3.0/../../../../arm-none-eabi/lib/thumb\libg.a(lib_a-callocr.o)
 .text._calloc_r
                0x23f155a0       0x64 c:/devkitpro/devkitarm/bin/../lib/gcc/arm-none-eabi/5.3.0/../../../../arm-none-eabi/lib/thumb\libg.a(lib_a-callocr.o)
                0x23f155a0                _calloc_r
 .text          0x23f15604        0x0 c:/devkitpro/devkitarm/bin/../lib/gcc/arm-none-eabi/5.3.0/../../../../arm-none-eabi/lib/thumb\libg.a(lib_a-fflush.o)
 .text.__sflush_r
                0x23f15604      0x158 c:/devkitpro/devkitarm/bin/../lib/gcc/arm-none-eabi/5.3.0/../../../../arm-none-eabi/lib/thumb\libg.a(lib_a-fflush.o)
                0x23f15604                __sflush_r
 .text._fflush_r
                0x23f1575c       0x58 c:/devkitpro/devkitarm/bin/../lib/gcc/arm-none-eabi/5.3.0/../../../../arm-none-eabi/lib/thumb\libg.a(lib_a-fflush.o)
                0x23f1575c                _fflush_r
 .text.fflush   0x23f157b4       0x2c c:/devkitpro/devkitarm/bin/../lib/gcc/arm-none-eabi/5.3.0/../../../../arm-none-eabi/lib/thumb\libg.a(lib_a-fflush.o)
                0x23f157b4                fflush
 .text          0x23f157e0        0x0 c:/devkitpro/devkitarm/bin/../lib/gcc/arm-none-eabi/5.3.0/../../../../arm-none-eabi/lib/thumb\libg.a(lib_a-findfp.o)
 .text._cleanup_r
                0x23f157e0       0x14 c:/devkitpro/devkitarm/bin/../lib/gcc/arm-none-eabi/5.3.0/../../../../arm-none-eabi/lib/thumb\libg.a(lib_a-findfp.o)
                0x23f157e0                _cleanup_r
 .text.__fp_lock
                0x23f157f4       0x14 c:/devkitpro/devkitarm/bin/../lib/gcc/arm-none-eabi/5.3.0/../../../../arm-none-eabi/lib/thumb\libg.a(lib_a-findfp.o)
 .text.__fp_unlock
                0x23f15808       0x14 c:/devkitpro/devkitarm/bin/../lib/gcc/arm-none-eabi/5.3.0/../../../../arm-none-eabi/lib/thumb\libg.a(lib_a-findfp.o)
 .text.std.isra.0
                0x23f1581c       0x54 c:/devkitpro/devkitarm/bin/../lib/gcc/arm-none-eabi/5.3.0/../../../../arm-none-eabi/lib/thumb\libg.a(lib_a-findfp.o)
 .text.__sfmoreglue
                0x23f15870       0x34 c:/devkitpro/devkitarm/bin/../lib/gcc/arm-none-eabi/5.3.0/../../../../arm-none-eabi/lib/thumb\libg.a(lib_a-findfp.o)
                0x23f15870                __sfmoreglue
 .text._cleanup
                0x23f158a4       0x1c c:/devkitpro/devkitarm/bin/../lib/gcc/arm-none-eabi/5.3.0/../../../../arm-none-eabi/lib/thumb\libg.a(lib_a-findfp.o)
                0x23f158a4                _cleanup
 .text.__sinit  0x23f158c0       0x64 c:/devkitpro/devkitarm/bin/../lib/gcc/arm-none-eabi/5.3.0/../../../../arm-none-eabi/lib/thumb\libg.a(lib_a-findfp.o)
                0x23f158c0                __sinit
 .text.__sfp    0x23f15924       0xb4 c:/devkitpro/devkitarm/bin/../lib/gcc/arm-none-eabi/5.3.0/../../../../arm-none-eabi/lib/thumb\libg.a(lib_a-findfp.o)
                0x23f15924                __sfp
 .text.__sfp_lock_acquire
                0x23f159d8       0x14 c:/devkitpro/devkitarm/bin/../lib/gcc/arm-none-eabi/5.3.0/../../../../arm-none-eabi/lib/thumb\libg.a(lib_a-findfp.o)
                0x23f159d8                __sfp_lock_acquire
 .text.__sfp_lock_release
                0x23f159ec       0x14 c:/devkitpro/devkitarm/bin/../lib/gcc/arm-none-eabi/5.3.0/../../../../arm-none-eabi/lib/thumb\libg.a(lib_a-findfp.o)
                0x23f159ec                __sfp_lock_release
 .text.__sinit_lock_acquire
                0x23f15a00       0x14 c:/devkitpro/devkitarm/bin/../lib/gcc/arm-none-eabi/5.3.0/../../../../arm-none-eabi/lib/thumb\libg.a(lib_a-findfp.o)
                0x23f15a00                __sinit_lock_acquire
 .text.__sinit_lock_release
                0x23f15a14       0x14 c:/devkitpro/devkitarm/bin/../lib/gcc/arm-none-eabi/5.3.0/../../../../arm-none-eabi/lib/thumb\libg.a(lib_a-findfp.o)
                0x23f15a14                __sinit_lock_release
 .text.__fp_lock_all
                0x23f15a28       0x20 c:/devkitpro/devkitarm/bin/../lib/gcc/arm-none-eabi/5.3.0/../../../../arm-none-eabi/lib/thumb\libg.a(lib_a-findfp.o)
                0x23f15a28                __fp_lock_all
 .text.__fp_unlock_all
                0x23f15a48       0x20 c:/devkitpro/devkitarm/bin/../lib/gcc/arm-none-eabi/5.3.0/../../../../arm-none-eabi/lib/thumb\libg.a(lib_a-findfp.o)
                0x23f15a48                __fp_unlock_all
 .text          0x23f15a68        0x0 c:/devkitpro/devkitarm/bin/../lib/gcc/arm-none-eabi/5.3.0/../../../../arm-none-eabi/lib/thumb\libg.a(lib_a-fwalk.o)
 .text._fwalk   0x23f15a68       0x4c c:/devkitpro/devkitarm/bin/../lib/gcc/arm-none-eabi/5.3.0/../../../../arm-none-eabi/lib/thumb\libg.a(lib_a-fwalk.o)
                0x23f15a68                _fwalk
 .text._fwalk_reent
                0x23f15ab4       0x54 c:/devkitpro/devkitarm/bin/../lib/gcc/arm-none-eabi/5.3.0/../../../../arm-none-eabi/lib/thumb\libg.a(lib_a-fwalk.o)
                0x23f15ab4                _fwalk_reent
 .text          0x23f15b08        0x0 c:/devkitpro/devkitarm/bin/../lib/gcc/arm-none-eabi/5.3.0/../../../../arm-none-eabi/lib/thumb\libg.a(lib_a-gdtoa-gethex.o)
 .text.rshift   0x23f15b08       0xa8 c:/devkitpro/devkitarm/bin/../lib/gcc/arm-none-eabi/5.3.0/../../../../arm-none-eabi/lib/thumb\libg.a(lib_a-gdtoa-gethex.o)
 .text.__gethex
                0x23f15bb0      0x53c c:/devkitpro/devkitarm/bin/../lib/gcc/arm-none-eabi/5.3.0/../../../../arm-none-eabi/lib/thumb\libg.a(lib_a-gdtoa-gethex.o)
                0x23f15bb0                __gethex
 .text          0x23f160ec        0x0 c:/devkitpro/devkitarm/bin/../lib/gcc/arm-none-eabi/5.3.0/../../../../arm-none-eabi/lib/thumb\libg.a(lib_a-gdtoa-hexnan.o)
 .text.__hexnan
                0x23f160ec      0x1ac c:/devkitpro/devkitarm/bin/../lib/gcc/arm-none-eabi/5.3.0/../../../../arm-none-eabi/lib/thumb\libg.a(lib_a-gdtoa-hexnan.o)
                0x23f160ec                __hexnan
 .text          0x23f16298        0x0 c:/devkitpro/devkitarm/bin/../lib/gcc/arm-none-eabi/5.3.0/../../../../arm-none-eabi/lib/thumb\libg.a(lib_a-getenv_r.o)
 .text._findenv_r
                0x23f16298       0x98 c:/devkitpro/devkitarm/bin/../lib/gcc/arm-none-eabi/5.3.0/../../../../arm-none-eabi/lib/thumb\libg.a(lib_a-getenv_r.o)
                0x23f16298                _findenv_r
 .text._getenv_r
                0x23f16330       0x10 c:/devkitpro/devkitarm/bin/../lib/gcc/arm-none-eabi/5.3.0/../../../../arm-none-eabi/lib/thumb\libg.a(lib_a-getenv_r.o)
                0x23f16330                _getenv_r
 .text          0x23f16340        0x0 c:/devkitpro/devkitarm/bin/../lib/gcc/arm-none-eabi/5.3.0/../../../../arm-none-eabi/lib/thumb\libg.a(lib_a-impure.o)
 .text          0x23f16340        0x0 c:/devkitpro/devkitarm/bin/../lib/gcc/arm-none-eabi/5.3.0/../../../../arm-none-eabi/lib/thumb\libg.a(lib_a-reallocr.o)
 .text._realloc_r
                0x23f16340      0x3ec c:/devkitpro/devkitarm/bin/../lib/gcc/arm-none-eabi/5.3.0/../../../../arm-none-eabi/lib/thumb\libg.a(lib_a-reallocr.o)
                0x23f16340                _realloc_r
 .text          0x23f1672c        0x0 c:/devkitpro/devkitarm/bin/../lib/gcc/arm-none-eabi/5.3.0/../../../../arm-none-eabi/lib/thumb\libg.a(lib_a-environ.o)
 .text          0x23f1672c        0x0 c:/devkitpro/devkitarm/bin/../lib/gcc/arm-none-eabi/5.3.0/../../../../arm-none-eabi/lib/thumb\libg.a(lib_a-envlock.o)
 .text.__env_lock
                0x23f1672c       0x14 c:/devkitpro/devkitarm/bin/../lib/gcc/arm-none-eabi/5.3.0/../../../../arm-none-eabi/lib/thumb\libg.a(lib_a-envlock.o)
                0x23f1672c                __env_lock
 .text.__env_unlock
                0x23f16740       0x14 c:/devkitpro/devkitarm/bin/../lib/gcc/arm-none-eabi/5.3.0/../../../../arm-none-eabi/lib/thumb\libg.a(lib_a-envlock.o)
                0x23f16740                __env_unlock
 .text          0x23f16754        0x0 c:/devkitpro/devkitarm/bin/../lib/gcc/arm-none-eabi/5.3.0/../../../../arm-none-eabi/lib/thumb\libg.a(lib_a-fclose.o)
 .text._fclose_r
                0x23f16754       0xb4 c:/devkitpro/devkitarm/bin/../lib/gcc/arm-none-eabi/5.3.0/../../../../arm-none-eabi/lib/thumb\libg.a(lib_a-fclose.o)
                0x23f16754                _fclose_r
 .text.fclose   0x23f16808       0x14 c:/devkitpro/devkitarm/bin/../lib/gcc/arm-none-eabi/5.3.0/../../../../arm-none-eabi/lib/thumb\libg.a(lib_a-fclose.o)
                0x23f16808                fclose
 .text          0x23f1681c       0x54 c:/devkitpro/devkitarm/bin/../lib/gcc/arm-none-eabi/5.3.0/../../../../arm-none-eabi/lib/thumb\libsysbase.a(close.o)
                0x23f1681c                _close_r
 .text          0x23f16870       0x48 c:/devkitpro/devkitarm/bin/../lib/gcc/arm-none-eabi/5.3.0/../../../../arm-none-eabi/lib/thumb\libsysbase.a(lseek.o)
                0x23f16870                _lseek_r
 .text          0x23f168b8       0x48 c:/devkitpro/devkitarm/bin/../lib/gcc/arm-none-eabi/5.3.0/../../../../arm-none-eabi/lib/thumb\libsysbase.a(read.o)
                0x23f168b8                _read_r
 .text          0x23f16900       0x54 c:/devkitpro/devkitarm/bin/../lib/gcc/arm-none-eabi/5.3.0/../../../../arm-none-eabi/lib/thumb\libsysbase.a(sbrk.o)
                0x23f16900                _sbrk_r
 .text          0x23f16954       0x48 c:/devkitpro/devkitarm/bin/../lib/gcc/arm-none-eabi/5.3.0/../../../../arm-none-eabi/lib/thumb\libsysbase.a(write.o)
                0x23f16954                _write_r
 .text          0x23f1699c        0x0 c:/devkitpro/devkitarm/bin/../lib/gcc/arm-none-eabi/5.3.0/../../../../arm-none-eabi/lib/thumb\libsysbase.a(malloc_vars.o)
 .text          0x23f1699c       0x20 c:/devkitpro/devkitarm/bin/../lib/gcc/arm-none-eabi/5.3.0/../../../../arm-none-eabi/lib/thumb\libsysbase.a(flock.o)
                0x23f1699c                __flockfile
                0x23f169ac                __funlockfile
 .text          0x23f169bc      0x104 c:/devkitpro/devkitarm/bin/../lib/gcc/arm-none-eabi/5.3.0/../../../../arm-none-eabi/lib/thumb\libsysbase.a(syscall_support.o)
                0x23f169bc                __libc_lock_init
                0x23f169d4                __libc_lock_acquire
                0x23f169ec                __libc_lock_try_acquire
                0x23f16a0c                __libc_lock_release
                0x23f16a24                __libc_lock_close
                0x23f16a3c                __libc_lock_init_recursive
                0x23f16a54                __libc_lock_acquire_recursive
                0x23f16a6c                __libc_lock_try_acquire_recursive
                0x23f16a8c                __libc_lock_release_recursive
                0x23f16aa4                __libc_lock_close_recursive
 .text          0x23f16ac0      0x204 c:/devkitpro/devkitarm/bin/../lib/gcc/arm-none-eabi/5.3.0/../../../../arm-none-eabi/lib/thumb\libsysbase.a(handle_manager.o)
                0x23f16ac0                __free_handle
                0x23f16af8                __release_handle
                0x23f16b30                __alloc_handle
                0x23f16b88                __get_handle
                0x23f16ba4                dup
                0x23f16c18                dup2
 .text          0x23f16cc4       0x28 c:/devkitpro/devkitarm/bin/../lib/gcc/arm-none-eabi/5.3.0/../../../../arm-none-eabi/lib/thumb\libsysbase.a(getreent.o)
                0x23f16cc4                __getreent
 .text          0x23f16cec      0x160 c:/devkitpro/devkitarm/bin/../lib/gcc/arm-none-eabi/5.3.0/../../../../arm-none-eabi/lib/thumb\libsysbase.a(iosupport.o)
                0x23f16cf0                setDefaultDevice
                0x23f16d00                FindDevice
                0x23f16d8c                RemoveDevice
                0x23f16db0                AddDevice
                0x23f16e2c                GetDeviceOpTab
 .text          0x23f16e4c      0x150 c:/devkitpro/devkitarm/bin/../lib/gcc/arm-none-eabi/5.3.0/thumb\libgcc.a(_divsi3.o)
                0x23f16e4c                __divsi3
                0x23f16e4c                __aeabi_idiv
                0x23f16f7c                __aeabi_idivmod
 .text          0x23f16f9c      0x41c c:/devkitpro/devkitarm/bin/../lib/gcc/arm-none-eabi/5.3.0/thumb\libgcc.a(_arm_addsubdf3.o)
                0x23f16f9c                __aeabi_drsub
                0x23f16fa4                __aeabi_dsub
                0x23f16fa4                __subdf3
                0x23f16fa8                __aeabi_dadd
                0x23f16fa8                __adddf3
                0x23f172b8                __floatunsidf
                0x23f172b8                __aeabi_ui2d
                0x23f172dc                __floatsidf
                0x23f172dc                __aeabi_i2d
                0x23f17304                __aeabi_f2d
                0x23f17304                __extendsfdf2
                0x23f17344                __floatundidf
                0x23f17344                __aeabi_ul2d
                0x23f17358                __floatdidf
                0x23f17358                __aeabi_l2d
 .text          0x23f173b8      0x49c c:/devkitpro/devkitarm/bin/../lib/gcc/arm-none-eabi/5.3.0/thumb\libgcc.a(_arm_muldivdf3.o)
                0x23f173b8                __aeabi_dmul
                0x23f173b8                __muldf3
                0x23f17648                __divdf3
                0x23f17648                __aeabi_ddiv
 .text          0x23f17854      0x144 c:/devkitpro/devkitarm/bin/../lib/gcc/arm-none-eabi/5.3.0/thumb\libgcc.a(_arm_cmpdf2.o)
                0x23f17854                __gtdf2
                0x23f17854                __gedf2
                0x23f1785c                __ltdf2
                0x23f1785c                __ledf2
                0x23f17864                __nedf2
                0x23f17864                __eqdf2
                0x23f17864                __cmpdf2
                0x23f178ec                __aeabi_cdrcmple
                0x23f17908                __aeabi_cdcmpeq
                0x23f17908                __aeabi_cdcmple
                0x23f17920                __aeabi_dcmpeq
                0x23f17938                __aeabi_dcmplt
                0x23f17950                __aeabi_dcmple
                0x23f17968                __aeabi_dcmpge
                0x23f17980                __aeabi_dcmpgt
 .text          0x23f17998       0x5c c:/devkitpro/devkitarm/bin/../lib/gcc/arm-none-eabi/5.3.0/thumb\libgcc.a(_arm_fixdfsi.o)
                0x23f17998                __aeabi_d2iz
                0x23f17998                __fixdfsi
 .text          0x23f179f4       0x54 c:/devkitpro/devkitarm/bin/../lib/gcc/arm-none-eabi/5.3.0/thumb\libgcc.a(_arm_fixunsdfsi.o)
                0x23f179f4                __aeabi_d2uiz
                0x23f179f4                __fixunsdfsi
 .text          0x23f17a48       0xa0 c:/devkitpro/devkitarm/bin/../lib/gcc/arm-none-eabi/5.3.0/thumb\libgcc.a(_arm_truncdfsf2.o)
                0x23f17a48                __truncdfsf2
                0x23f17a48                __aeabi_d2f
 .text          0x23f17ae8        0x0 c:/devkitpro/devkitarm/bin/../lib/gcc/arm-none-eabi/5.3.0/../../../../arm-none-eabi/lib/thumb\libg.a(lib_a-errno.o)
 .text.__errno  0x23f17ae8        0xc c:/devkitpro/devkitarm/bin/../lib/gcc/arm-none-eabi/5.3.0/../../../../arm-none-eabi/lib/thumb\libg.a(lib_a-errno.o)
                0x23f17ae8                __errno
 .text          0x23f17af4        0x0 c:/devkitpro/devkitarm/bin/../lib/gcc/arm-none-eabi/5.3.0/../../../../arm-none-eabi/lib/thumb\libg.a(lib_a-malloc.o)
 .text.malloc   0x23f17af4       0x14 c:/devkitpro/devkitarm/bin/../lib/gcc/arm-none-eabi/5.3.0/../../../../arm-none-eabi/lib/thumb\libg.a(lib_a-malloc.o)
                0x23f17af4                malloc
 .text.free     0x23f17b08       0x14 c:/devkitpro/devkitarm/bin/../lib/gcc/arm-none-eabi/5.3.0/../../../../arm-none-eabi/lib/thumb\libg.a(lib_a-malloc.o)
                0x23f17b08                free
 *fill*         0x23f17b1c        0x4 ff
 .text.free.__stub
                0x23f17b20       0xe0 linker stubs
 *(.text.*personality*)
 *(.gnu.warning)
 *(.glue_7t)
 .glue_7t       0x23f17c10        0x0 linker stubs
 *(.glue_7)
 .glue_7        0x23f17c10        0x0 linker stubs
 *(.vfp11_veneer)
 .vfp11_veneer  0x23f17c10        0x0 linker stubs
                0x23f17c10                . = ALIGN (0x4)

.v4_bx          0x23f17c10        0x0
 .v4_bx         0x23f17c10        0x0 linker stubs

.iplt           0x23f17c10        0x0
 .iplt          0x23f17c10        0x0 _start.o

.fini
 *(.fini)
                0x23f17c10                __text_end = .

.rodata         0x23f17c10     0x9978
 *(.rodata)
 .rodata        0x23f17c10       0x10 main.o
 .rodata        0x23f17c20     0x31e8 power.o
                0x23f17c40                patches_firmlaunch_bin
                0x23f17f58                patches_arm9kernelcode_bin
                0x23f18590                patches_arm9loader_bin
                0x23f187d8                patches_loader_bin
                0x23f1adf8                patches_loader_bin_size
                0x23f1adfc                patches_arm9loader_bin_size
                0x23f1ae00                patches_arm9kernelcode_bin_size
                0x23f1ae04                patches_firmlaunch_bin_size
 .rodata        0x23f1ae08      0x130 ff.o
 .rodata        0x23f1af38      0x804 draw.o
                0x23f1b738                font_size
 .rodata        0x23f1b73c       0x38 i2c.o
 .rodata        0x23f1b774       0x68 c:/devkitpro/devkitarm/bin/../lib/gcc/arm-none-eabi/5.3.0/../../../../arm-none-eabi/lib/thumb\libsysbase.a(iosupport.o)
                0x23f1b774                dotab_stdnull
 *all.rodata*(*)
 *(.roda)
 *(.rodata.*)
 .rodata.str1.4
                0x23f1b7dc       0x92 firmlaunch.o
                                 0x9c (size before relaxing)
 *fill*         0x23f1b86e        0x2 ff
 .rodata.str1.4
                0x23f1b870      0x148 power.o
 .rodata.str1.4
                0x23f1b9b8       0x45 ff.o
                                 0x48 (size before relaxing)
 *fill*         0x23f1b9fd        0x3 ff
 .rodata.str1.4
                0x23f1ba00        0xe fs.o
                                 0x10 (size before relaxing)
 *fill*         0x23f1ba0e        0x2 ff
 .rodata.str1.4
                0x23f1ba10       0x15 draw.o
                                 0x18 (size before relaxing)
 *fill*         0x23f1ba25        0x3 ff
 .rodata.get_arg
                0x23f1ba28      0x914 c:/devkitpro/devkitarm/bin/../lib/gcc/arm-none-eabi/5.3.0/../../../../arm-none-eabi/lib/thumb\libg.a(lib_a-svfprintf.o)
 .rodata._svfprintf_r
                0x23f1c33c      0x16c c:/devkitpro/devkitarm/bin/../lib/gcc/arm-none-eabi/5.3.0/../../../../arm-none-eabi/lib/thumb\libg.a(lib_a-svfprintf.o)
 .rodata.blanks.7120
                0x23f1c4a8       0x10 c:/devkitpro/devkitarm/bin/../lib/gcc/arm-none-eabi/5.3.0/../../../../arm-none-eabi/lib/thumb\libg.a(lib_a-svfprintf.o)
 .rodata.str1.4
                0x23f1c4b8       0x42 c:/devkitpro/devkitarm/bin/../lib/gcc/arm-none-eabi/5.3.0/../../../../arm-none-eabi/lib/thumb\libg.a(lib_a-svfprintf.o)
                                 0x44 (size before relaxing)
 *fill*         0x23f1c4fa        0x2 ff
 .rodata.zeroes.7121
                0x23f1c4fc       0x10 c:/devkitpro/devkitarm/bin/../lib/gcc/arm-none-eabi/5.3.0/../../../../arm-none-eabi/lib/thumb\libg.a(lib_a-svfprintf.o)
 .rodata.__ssvfscanf_r
                0x23f1c50c      0x460 c:/devkitpro/devkitarm/bin/../lib/gcc/arm-none-eabi/5.3.0/../../../../arm-none-eabi/lib/thumb\libg.a(lib_a-svfscanf.o)
 .rodata.basefix.7042
                0x23f1c96c       0x24 c:/devkitpro/devkitarm/bin/../lib/gcc/arm-none-eabi/5.3.0/../../../../arm-none-eabi/lib/thumb\libg.a(lib_a-svfscanf.o)
 .rodata.str1.4
                0x23f1c990        0x5 c:/devkitpro/devkitarm/bin/../lib/gcc/arm-none-eabi/5.3.0/../../../../arm-none-eabi/lib/thumb\libg.a(lib_a-svfscanf.o)
                                  0x8 (size before relaxing)
 *fill*         0x23f1c995        0x3 ff
 .rodata._ctype_
                0x23f1c998      0x104 c:/devkitpro/devkitarm/bin/../lib/gcc/arm-none-eabi/5.3.0/../../../../arm-none-eabi/lib/thumb\libg.a(lib_a-ctype_.o)
                0x23f1c998                _ctype_
 .rodata.str1.4
                0x23f1ca9c       0x10 c:/devkitpro/devkitarm/bin/../lib/gcc/arm-none-eabi/5.3.0/../../../../arm-none-eabi/lib/thumb\libg.a(lib_a-dtoa.o)
                                 0x14 (size before relaxing)
 .rodata.__jp2uc
                0x23f1caac       0x20 c:/devkitpro/devkitarm/bin/../lib/gcc/arm-none-eabi/5.3.0/../../../../arm-none-eabi/lib/thumb\libg.a(lib_a-jp2uc.o)
 .rodata.a1     0x23f1cacc       0xbc c:/devkitpro/devkitarm/bin/../lib/gcc/arm-none-eabi/5.3.0/../../../../arm-none-eabi/lib/thumb\libg.a(lib_a-jp2uc.o)
 .rodata.a2     0x23f1cb88       0xbc c:/devkitpro/devkitarm/bin/../lib/gcc/arm-none-eabi/5.3.0/../../../../arm-none-eabi/lib/thumb\libg.a(lib_a-jp2uc.o)
 .rodata.a3     0x23f1cc44       0x5c c:/devkitpro/devkitarm/bin/../lib/gcc/arm-none-eabi/5.3.0/../../../../arm-none-eabi/lib/thumb\libg.a(lib_a-jp2uc.o)
 .rodata.a6     0x23f1cca0       0x70 c:/devkitpro/devkitarm/bin/../lib/gcc/arm-none-eabi/5.3.0/../../../../arm-none-eabi/lib/thumb\libg.a(lib_a-jp2uc.o)
 .rodata.a7     0x23f1cd10       0xa4 c:/devkitpro/devkitarm/bin/../lib/gcc/arm-none-eabi/5.3.0/../../../../arm-none-eabi/lib/thumb\libg.a(lib_a-jp2uc.o)
 .rodata.a8     0x23f1cdb4       0x40 c:/devkitpro/devkitarm/bin/../lib/gcc/arm-none-eabi/5.3.0/../../../../arm-none-eabi/lib/thumb\libg.a(lib_a-jp2uc.o)
 .rodata.str1.4
                0x23f1cdf4       0x12 c:/devkitpro/devkitarm/bin/../lib/gcc/arm-none-eabi/5.3.0/../../../../arm-none-eabi/lib/thumb\libg.a(lib_a-jp2uc.o)
                                 0x14 (size before relaxing)
 *fill*         0x23f1ce06        0x2 ff
 .rodata.b02cf  0x23f1ce08     0x172c c:/devkitpro/devkitarm/bin/../lib/gcc/arm-none-eabi/5.3.0/../../../../arm-none-eabi/lib/thumb\libg.a(lib_a-jp2uc.o)
 .rodata.d02f4  0x23f1e534     0x1a7c c:/devkitpro/devkitarm/bin/../lib/gcc/arm-none-eabi/5.3.0/../../../../arm-none-eabi/lib/thumb\libg.a(lib_a-jp2uc.o)
 .rodata.loadlocale
                0x23f1ffb0       0xd4 c:/devkitpro/devkitarm/bin/../lib/gcc/arm-none-eabi/5.3.0/../../../../arm-none-eabi/lib/thumb\libg.a(lib_a-locale.o)
 .rodata.str1.4
                0x23f20084      0x116 c:/devkitpro/devkitarm/bin/../lib/gcc/arm-none-eabi/5.3.0/../../../../arm-none-eabi/lib/thumb\libg.a(lib_a-locale.o)
                                0x130 (size before relaxing)
 *fill*         0x23f2019a        0x2 ff
 .rodata.categories
                0x23f2019c       0x1c c:/devkitpro/devkitarm/bin/../lib/gcc/arm-none-eabi/5.3.0/../../../../arm-none-eabi/lib/thumb\libg.a(lib_a-locale.o)
 .rodata.str1.4
                0x23f201b8        0x4 c:/devkitpro/devkitarm/bin/../lib/gcc/arm-none-eabi/5.3.0/../../../../arm-none-eabi/lib/thumb\libg.a(lib_a-mbrtowc.o)
 .rodata.__jis_mbtowc
                0x23f201b8       0x18 c:/devkitpro/devkitarm/bin/../lib/gcc/arm-none-eabi/5.3.0/../../../../arm-none-eabi/lib/thumb\libg.a(lib_a-mbtowc_r.o)
 .rodata.JIS_state_table
                0x23f201d0       0x48 c:/devkitpro/devkitarm/bin/../lib/gcc/arm-none-eabi/5.3.0/../../../../arm-none-eabi/lib/thumb\libg.a(lib_a-mbtowc_r.o)
 .rodata.JIS_action_table
                0x23f20218       0x48 c:/devkitpro/devkitarm/bin/../lib/gcc/arm-none-eabi/5.3.0/../../../../arm-none-eabi/lib/thumb\libg.a(lib_a-mbtowc_r.o)
 .rodata.p05.5410
                0x23f20260        0xc c:/devkitpro/devkitarm/bin/../lib/gcc/arm-none-eabi/5.3.0/../../../../arm-none-eabi/lib/thumb\libg.a(lib_a-mprec.o)
 *fill*         0x23f2026c        0x4 ff
 .rodata.__mprec_bigtens
                0x23f20270       0x28 c:/devkitpro/devkitarm/bin/../lib/gcc/arm-none-eabi/5.3.0/../../../../arm-none-eabi/lib/thumb\libg.a(lib_a-mprec.o)
                0x23f20270                __mprec_bigtens
 .rodata.__mprec_tinytens
                0x23f20298       0x28 c:/devkitpro/devkitarm/bin/../lib/gcc/arm-none-eabi/5.3.0/../../../../arm-none-eabi/lib/thumb\libg.a(lib_a-mprec.o)
                0x23f20298                __mprec_tinytens
 .rodata.__mprec_tens
                0x23f202c0       0xc8 c:/devkitpro/devkitarm/bin/../lib/gcc/arm-none-eabi/5.3.0/../../../../arm-none-eabi/lib/thumb\libg.a(lib_a-mprec.o)
                0x23f202c0                __mprec_tens
 .rodata._strtod_r
                0x23f20388       0xd4 c:/devkitpro/devkitarm/bin/../lib/gcc/arm-none-eabi/5.3.0/../../../../arm-none-eabi/lib/thumb\libg.a(lib_a-strtod.o)
 .rodata.fpinan.5415
                0x23f2045c       0x14 c:/devkitpro/devkitarm/bin/../lib/gcc/arm-none-eabi/5.3.0/../../../../arm-none-eabi/lib/thumb\libg.a(lib_a-strtod.o)
 .rodata.str1.4
                0x23f20470        0xf c:/devkitpro/devkitarm/bin/../lib/gcc/arm-none-eabi/5.3.0/../../../../arm-none-eabi/lib/thumb\libg.a(lib_a-strtod.o)
                                 0x10 (size before relaxing)
 *fill*         0x23f2047f        0x1 ff
 .rodata.tinytens
                0x23f20480       0x28 c:/devkitpro/devkitarm/bin/../lib/gcc/arm-none-eabi/5.3.0/../../../../arm-none-eabi/lib/thumb\libg.a(lib_a-strtod.o)
 .rodata.fpi.5379
                0x23f204a8       0x14 c:/devkitpro/devkitarm/bin/../lib/gcc/arm-none-eabi/5.3.0/../../../../arm-none-eabi/lib/thumb\libg.a(lib_a-strtod.o)
 .rodata.get_arg
                0x23f204bc      0x914 c:/devkitpro/devkitarm/bin/../lib/gcc/arm-none-eabi/5.3.0/../../../../arm-none-eabi/lib/thumb\libg.a(lib_a-svfiprintf.o)
 .rodata._svfiprintf_r
                0x23f20dd0      0x16c c:/devkitpro/devkitarm/bin/../lib/gcc/arm-none-eabi/5.3.0/../../../../arm-none-eabi/lib/thumb\libg.a(lib_a-svfiprintf.o)
 .rodata.__state_table
                0x23f20f3c       0x6c c:/devkitpro/devkitarm/bin/../lib/gcc/arm-none-eabi/5.3.0/../../../../arm-none-eabi/lib/thumb\libg.a(lib_a-svfiprintf.o)
                0x23f20f3c                __state_table
 .rodata.zeroes.7100
                0x23f20fa8       0x10 c:/devkitpro/devkitarm/bin/../lib/gcc/arm-none-eabi/5.3.0/../../../../arm-none-eabi/lib/thumb\libg.a(lib_a-svfiprintf.o)
 .rodata.__chclass
                0x23f20fb8      0x100 c:/devkitpro/devkitarm/bin/../lib/gcc/arm-none-eabi/5.3.0/../../../../arm-none-eabi/lib/thumb\libg.a(lib_a-svfiprintf.o)
                0x23f20fb8                __chclass
 .rodata.str1.4
                0x23f210b8       0x30 c:/devkitpro/devkitarm/bin/../lib/gcc/arm-none-eabi/5.3.0/../../../../arm-none-eabi/lib/thumb\libg.a(lib_a-svfiprintf.o)
 .rodata.__action_table
                0x23f210b8       0x6c c:/devkitpro/devkitarm/bin/../lib/gcc/arm-none-eabi/5.3.0/../../../../arm-none-eabi/lib/thumb\libg.a(lib_a-svfiprintf.o)
                0x23f210b8                __action_table
 .rodata.blanks.7099
                0x23f21124       0x10 c:/devkitpro/devkitarm/bin/../lib/gcc/arm-none-eabi/5.3.0/../../../../arm-none-eabi/lib/thumb\libg.a(lib_a-svfiprintf.o)
 .rodata.__ssvfiscanf_r
                0x23f21134      0x324 c:/devkitpro/devkitarm/bin/../lib/gcc/arm-none-eabi/5.3.0/../../../../arm-none-eabi/lib/thumb\libg.a(lib_a-svfiscanf.o)
 .rodata.basefix.6493
                0x23f21458       0x24 c:/devkitpro/devkitarm/bin/../lib/gcc/arm-none-eabi/5.3.0/../../../../arm-none-eabi/lib/thumb\libg.a(lib_a-svfiscanf.o)
 .rodata.__hexdig
                0x23f2147c      0x100 c:/devkitpro/devkitarm/bin/../lib/gcc/arm-none-eabi/5.3.0/../../../../arm-none-eabi/lib/thumb\libg.a(lib_a-gdtoa-gethex.o)
                0x23f2147c                __hexdig
 .rodata.str1.4
                0x23f2157c        0x4 c:/devkitpro/devkitarm/bin/../lib/gcc/arm-none-eabi/5.3.0/../../../../arm-none-eabi/lib/thumb\libg.a(lib_a-impure.o)
 .rodata._global_impure_ptr
                0x23f2157c        0x4 c:/devkitpro/devkitarm/bin/../lib/gcc/arm-none-eabi/5.3.0/../../../../arm-none-eabi/lib/thumb\libg.a(lib_a-impure.o)
                0x23f2157c                _global_impure_ptr
 .rodata.str1.4
                0x23f21580        0x8 c:/devkitpro/devkitarm/bin/../lib/gcc/arm-none-eabi/5.3.0/../../../../arm-none-eabi/lib/thumb\libsysbase.a(iosupport.o)
 *(.gnu.linkonce.r*)
                0x23f21588                . = ALIGN (0x4)

.ARM.extab
 *(.ARM.extab* .gnu.linkonce.armextab.*)
                0x23f21588                __exidx_start = .

.ARM.exidx
 *(.ARM.exidx* .gnu.linkonce.armexidx.*)
                0x23f21588                __exidx_end = .
                0x23f21588                . = ALIGN (0x4)
                [!provide]                PROVIDE (__preinit_array_start, .)

.preinit_array
 *(.preinit_array)
                [!provide]                PROVIDE (__preinit_array_end, .)
                [!provide]                PROVIDE (__init_array_start, .)

.init_array
 *(.init_array)
                [!provide]                PROVIDE (__init_array_end, .)
                [!provide]                PROVIDE (__fini_array_start, .)

.fini_array
 *(.fini_array)
                [!provide]                PROVIDE (__fini_array_end, .)

.ctors          0x23f21588        0x0
 *crtbegin.o(.ctors)
 *(EXCLUDE_FILE(*crtend.o) .ctors)
 *(SORT(.ctors.*))
 *(.ctors)
                0x23f21588                . = ALIGN (0x4)

.dtors          0x23f21588        0x0
 *crtbegin.o(.dtors)
 *(EXCLUDE_FILE(*crtend.o) .dtors)
 *(SORT(.dtors.*))
 *(.dtors)
                0x23f21588                . = ALIGN (0x4)

.eh_frame       0x23f21588       0x44
 *(.eh_frame)
 .eh_frame      0x23f21588       0x44 c:/devkitpro/devkitarm/bin/../lib/gcc/arm-none-eabi/5.3.0/../../../../arm-none-eabi/lib/thumb\libg.a(lib_a-strcmp.o)
                0x23f215cc                . = ALIGN (0x4)

.rel.dyn        0x23f215cc        0x0
 .rel.iplt      0x23f215cc        0x0 _start.o

.gcc_except_table
                0x23f215cc        0x0
 *(.gcc_except_table)
                0x23f215cc                . = ALIGN (0x4)

.jcr
 *(.jcr)

.got
 *(.got.plt)
 *(.got)

.data           0x23f215cc     0x1a80
                0x23f215cc                __data_start = ABSOLUTE (.)
 *(.data)
 .data          0x23f215cc        0x0 _start.o
 .data          0x23f215cc        0x0 delay.o
 .data          0x23f215cc        0x0 firmlaunch.o
 .data          0x23f215cc        0x0 main.o
 .data          0x23f215cc        0x0 power.o
 .data          0x23f215cc        0x0 screen.o
 .data          0x23f215cc        0x0 diskio.o
 .data          0x23f215cc        0x0 ff.o
 .data          0x23f215cc        0x0 fs.o
 .data          0x23f215cc        0x0 crypto.o
 .data          0x23f215cc        0x0 draw.o
 .data          0x23f215cc        0x0 hid.o
 .data          0x23f215cc        0x0 i2c.o
 .data          0x23f215cc        0x0 nand.o
 .data          0x23f215cc        0x0 sdmmc.o
 .data          0x23f215cc        0x0 c:/devkitpro/devkitarm/bin/../lib/gcc/arm-none-eabi/5.3.0/thumb\libgcc.a(_udivsi3.o)
 .data          0x23f215cc        0x0 c:/devkitpro/devkitarm/bin/../lib/gcc/arm-none-eabi/5.3.0/thumb\libgcc.a(_dvmd_tls.o)
 .data          0x23f215cc        0x0 c:/devkitpro/devkitarm/bin/../lib/gcc/arm-none-eabi/5.3.0/thumb\libgcc.a(_aeabi_uldivmod.o)
 .data          0x23f215cc        0x0 c:/devkitpro/devkitarm/bin/../lib/gcc/arm-none-eabi/5.3.0/thumb\libgcc.a(_muldi3.o)
 .data          0x23f215cc        0x0 c:/devkitpro/devkitarm/bin/../lib/gcc/arm-none-eabi/5.3.0/thumb\libgcc.a(_udivmoddi4.o)
 .data          0x23f215cc        0x0 c:/devkitpro/devkitarm/bin/../lib/gcc/arm-none-eabi/5.3.0/thumb\libgcc.a(_clzdi2.o)
 .data          0x23f215cc        0x0 c:/devkitpro/devkitarm/bin/../lib/gcc/arm-none-eabi/5.3.0/thumb\libgcc.a(_clzsi2.o)
 .data          0x23f215cc        0x0 c:/devkitpro/devkitarm/bin/../lib/gcc/arm-none-eabi/5.3.0/../../../../arm-none-eabi/lib/thumb\libg.a(lib_a-atoi.o)
 .data          0x23f215cc        0x0 c:/devkitpro/devkitarm/bin/../lib/gcc/arm-none-eabi/5.3.0/../../../../arm-none-eabi/lib/thumb\libg.a(lib_a-memcmp.o)
 .data          0x23f215cc        0x0 c:/devkitpro/devkitarm/bin/../lib/gcc/arm-none-eabi/5.3.0/../../../../arm-none-eabi/lib/thumb\libg.a(lib_a-memcpy.o)
 .data          0x23f215cc        0x0 c:/devkitpro/devkitarm/bin/../lib/gcc/arm-none-eabi/5.3.0/../../../../arm-none-eabi/lib/thumb\libg.a(lib_a-memmove.o)
 .data          0x23f215cc        0x0 c:/devkitpro/devkitarm/bin/../lib/gcc/arm-none-eabi/5.3.0/../../../../arm-none-eabi/lib/thumb\libg.a(lib_a-memset.o)
 .data          0x23f215cc        0x0 c:/devkitpro/devkitarm/bin/../lib/gcc/arm-none-eabi/5.3.0/../../../../arm-none-eabi/lib/thumb\libg.a(lib_a-snprintf.o)
 .data          0x23f215cc        0x0 c:/devkitpro/devkitarm/bin/../lib/gcc/arm-none-eabi/5.3.0/../../../../arm-none-eabi/lib/thumb\libg.a(lib_a-sprintf.o)
 .data          0x23f215cc        0x0 c:/devkitpro/devkitarm/bin/../lib/gcc/arm-none-eabi/5.3.0/../../../../arm-none-eabi/lib/thumb\libg.a(lib_a-sscanf.o)
 .data          0x23f215cc        0x0 c:/devkitpro/devkitarm/bin/../lib/gcc/arm-none-eabi/5.3.0/../../../../arm-none-eabi/lib/thumb\libg.a(lib_a-stdio.o)
 .data          0x23f215cc        0x0 c:/devkitpro/devkitarm/bin/../lib/gcc/arm-none-eabi/5.3.0/../../../../arm-none-eabi/lib/thumb\libg.a(lib_a-strlen.o)
 .data          0x23f215cc        0x0 c:/devkitpro/devkitarm/bin/../lib/gcc/arm-none-eabi/5.3.0/../../../../arm-none-eabi/lib/thumb\libg.a(lib_a-strstr.o)
 .data          0x23f215cc        0x0 c:/devkitpro/devkitarm/bin/../lib/gcc/arm-none-eabi/5.3.0/../../../../arm-none-eabi/lib/thumb\libg.a(lib_a-strtol.o)
 .data          0x23f215cc        0x0 c:/devkitpro/devkitarm/bin/../lib/gcc/arm-none-eabi/5.3.0/../../../../arm-none-eabi/lib/thumb\libg.a(lib_a-svfprintf.o)
 .data          0x23f215cc        0x0 c:/devkitpro/devkitarm/bin/../lib/gcc/arm-none-eabi/5.3.0/../../../../arm-none-eabi/lib/thumb\libg.a(lib_a-svfscanf.o)
 .data          0x23f215cc        0x0 c:/devkitpro/devkitarm/bin/../lib/gcc/arm-none-eabi/5.3.0/../../../../arm-none-eabi/lib/thumb\libg.a(lib_a-vsnprintf.o)
 .data          0x23f215cc        0x0 c:/devkitpro/devkitarm/bin/../lib/gcc/arm-none-eabi/5.3.0/../../../../arm-none-eabi/lib/thumb\libg.a(lib_a-wcrtomb.o)
 .data          0x23f215cc        0x0 c:/devkitpro/devkitarm/bin/../lib/gcc/arm-none-eabi/5.3.0/../../../../arm-none-eabi/lib/thumb\libg.a(lib_a-wcsrtombs.o)
 .data          0x23f215cc        0x0 c:/devkitpro/devkitarm/bin/../lib/gcc/arm-none-eabi/5.3.0/../../../../arm-none-eabi/lib/thumb\libg.a(lib_a-wctomb_r.o)
 .data          0x23f215cc        0x0 c:/devkitpro/devkitarm/bin/../lib/gcc/arm-none-eabi/5.3.0/../../../../arm-none-eabi/lib/thumb\libg.a(lib_a-ctype_.o)
 .data          0x23f215cc        0x0 c:/devkitpro/devkitarm/bin/../lib/gcc/arm-none-eabi/5.3.0/../../../../arm-none-eabi/lib/thumb\libg.a(lib_a-dtoa.o)
 .data          0x23f215cc        0x0 c:/devkitpro/devkitarm/bin/../lib/gcc/arm-none-eabi/5.3.0/../../../../arm-none-eabi/lib/thumb\libg.a(lib_a-freer.o)
 .data          0x23f215cc        0x0 c:/devkitpro/devkitarm/bin/../lib/gcc/arm-none-eabi/5.3.0/../../../../arm-none-eabi/lib/thumb\libg.a(lib_a-iswspace.o)
 .data          0x23f215cc        0x0 c:/devkitpro/devkitarm/bin/../lib/gcc/arm-none-eabi/5.3.0/../../../../arm-none-eabi/lib/thumb\libg.a(lib_a-jp2uc.o)
 .data          0x23f215cc        0x0 c:/devkitpro/devkitarm/bin/../lib/gcc/arm-none-eabi/5.3.0/../../../../arm-none-eabi/lib/thumb\libg.a(lib_a-locale.o)
 .data          0x23f215cc        0x0 c:/devkitpro/devkitarm/bin/../lib/gcc/arm-none-eabi/5.3.0/../../../../arm-none-eabi/lib/thumb\libg.a(lib_a-mallocr.o)
 .data          0x23f215cc        0x0 c:/devkitpro/devkitarm/bin/../lib/gcc/arm-none-eabi/5.3.0/../../../../arm-none-eabi/lib/thumb\libg.a(lib_a-mbrtowc.o)
 .data          0x23f215cc        0x0 c:/devkitpro/devkitarm/bin/../lib/gcc/arm-none-eabi/5.3.0/../../../../arm-none-eabi/lib/thumb\libg.a(lib_a-mbtowc_r.o)
 .data          0x23f215cc        0x0 c:/devkitpro/devkitarm/bin/../lib/gcc/arm-none-eabi/5.3.0/../../../../arm-none-eabi/lib/thumb\libg.a(lib_a-memchr.o)
 .data          0x23f215cc        0x0 c:/devkitpro/devkitarm/bin/../lib/gcc/arm-none-eabi/5.3.0/../../../../arm-none-eabi/lib/thumb\libg.a(lib_a-mlock.o)
 .data          0x23f215cc        0x0 c:/devkitpro/devkitarm/bin/../lib/gcc/arm-none-eabi/5.3.0/../../../../arm-none-eabi/lib/thumb\libg.a(lib_a-mprec.o)
 .data          0x23f215cc        0x0 c:/devkitpro/devkitarm/bin/../lib/gcc/arm-none-eabi/5.3.0/../../../../arm-none-eabi/lib/thumb\libg.a(lib_a-sccl.o)
 .data          0x23f215cc        0x0 c:/devkitpro/devkitarm/bin/../lib/gcc/arm-none-eabi/5.3.0/../../../../arm-none-eabi/lib/thumb\libg.a(lib_a-sf_nan.o)
 .data          0x23f215cc        0x0 c:/devkitpro/devkitarm/bin/../lib/gcc/arm-none-eabi/5.3.0/../../../../arm-none-eabi/lib/thumb\libg.a(lib_a-s_fpclassify.o)
 .data          0x23f215cc        0x0 c:/devkitpro/devkitarm/bin/../lib/gcc/arm-none-eabi/5.3.0/../../../../arm-none-eabi/lib/thumb\libg.a(lib_a-s_frexp.o)
 .data          0x23f215cc        0x0 c:/devkitpro/devkitarm/bin/../lib/gcc/arm-none-eabi/5.3.0/../../../../arm-none-eabi/lib/thumb\libg.a(lib_a-stpncpy.o)
 .data          0x23f215cc        0x0 c:/devkitpro/devkitarm/bin/../lib/gcc/arm-none-eabi/5.3.0/../../../../arm-none-eabi/lib/thumb\libg.a(lib_a-strcasecmp.o)
 .data          0x23f215cc        0x0 c:/devkitpro/devkitarm/bin/../lib/gcc/arm-none-eabi/5.3.0/../../../../arm-none-eabi/lib/thumb\libg.a(lib_a-strcat.o)
 .data          0x23f215cc        0x0 c:/devkitpro/devkitarm/bin/../lib/gcc/arm-none-eabi/5.3.0/../../../../arm-none-eabi/lib/thumb\libg.a(lib_a-strchr.o)
 .data          0x23f215cc        0x0 c:/devkitpro/devkitarm/bin/../lib/gcc/arm-none-eabi/5.3.0/../../../../arm-none-eabi/lib/thumb\libg.a(lib_a-strcmp.o)
 .data          0x23f215cc        0x0 c:/devkitpro/devkitarm/bin/../lib/gcc/arm-none-eabi/5.3.0/../../../../arm-none-eabi/lib/thumb\libg.a(lib_a-strcpy.o)
 .data          0x23f215cc        0x0 c:/devkitpro/devkitarm/bin/../lib/gcc/arm-none-eabi/5.3.0/../../../../arm-none-eabi/lib/thumb\libg.a(lib_a-strlcpy.o)
 .data          0x23f215cc        0x0 c:/devkitpro/devkitarm/bin/../lib/gcc/arm-none-eabi/5.3.0/../../../../arm-none-eabi/lib/thumb\libg.a(lib_a-strncasecmp.o)
 .data          0x23f215cc        0x0 c:/devkitpro/devkitarm/bin/../lib/gcc/arm-none-eabi/5.3.0/../../../../arm-none-eabi/lib/thumb\libg.a(lib_a-strncmp.o)
 .data          0x23f215cc        0x0 c:/devkitpro/devkitarm/bin/../lib/gcc/arm-none-eabi/5.3.0/../../../../arm-none-eabi/lib/thumb\libg.a(lib_a-strncpy.o)
 .data          0x23f215cc        0x0 c:/devkitpro/devkitarm/bin/../lib/gcc/arm-none-eabi/5.3.0/../../../../arm-none-eabi/lib/thumb\libg.a(lib_a-strtod.o)
 .data          0x23f215cc        0x0 c:/devkitpro/devkitarm/bin/../lib/gcc/arm-none-eabi/5.3.0/../../../../arm-none-eabi/lib/thumb\libg.a(lib_a-strtoll_r.o)
 .data          0x23f215cc        0x0 c:/devkitpro/devkitarm/bin/../lib/gcc/arm-none-eabi/5.3.0/../../../../arm-none-eabi/lib/thumb\libg.a(lib_a-strtoull_r.o)
 .data          0x23f215cc        0x0 c:/devkitpro/devkitarm/bin/../lib/gcc/arm-none-eabi/5.3.0/../../../../arm-none-eabi/lib/thumb\libg.a(lib_a-strtoul.o)
 .data          0x23f215cc        0x0 c:/devkitpro/devkitarm/bin/../lib/gcc/arm-none-eabi/5.3.0/../../../../arm-none-eabi/lib/thumb\libg.a(lib_a-svfiprintf.o)
 .data          0x23f215cc        0x0 c:/devkitpro/devkitarm/bin/../lib/gcc/arm-none-eabi/5.3.0/../../../../arm-none-eabi/lib/thumb\libg.a(lib_a-svfiscanf.o)
 .data          0x23f215cc        0x0 c:/devkitpro/devkitarm/bin/../lib/gcc/arm-none-eabi/5.3.0/../../../../arm-none-eabi/lib/thumb\libg.a(lib_a-ungetc.o)
 .data          0x23f215cc        0x0 c:/devkitpro/devkitarm/bin/../lib/gcc/arm-none-eabi/5.3.0/../../../../arm-none-eabi/lib/thumb\libg.a(lib_a-wcsnrtombs.o)
 .data          0x23f215cc        0x0 c:/devkitpro/devkitarm/bin/../lib/gcc/arm-none-eabi/5.3.0/../../../../arm-none-eabi/lib/thumb\libg.a(lib_a-callocr.o)
 .data          0x23f215cc        0x0 c:/devkitpro/devkitarm/bin/../lib/gcc/arm-none-eabi/5.3.0/../../../../arm-none-eabi/lib/thumb\libg.a(lib_a-fflush.o)
 .data          0x23f215cc        0x0 c:/devkitpro/devkitarm/bin/../lib/gcc/arm-none-eabi/5.3.0/../../../../arm-none-eabi/lib/thumb\libg.a(lib_a-findfp.o)
 .data          0x23f215cc        0x0 c:/devkitpro/devkitarm/bin/../lib/gcc/arm-none-eabi/5.3.0/../../../../arm-none-eabi/lib/thumb\libg.a(lib_a-fwalk.o)
 .data          0x23f215cc        0x0 c:/devkitpro/devkitarm/bin/../lib/gcc/arm-none-eabi/5.3.0/../../../../arm-none-eabi/lib/thumb\libg.a(lib_a-gdtoa-gethex.o)
 .data          0x23f215cc        0x0 c:/devkitpro/devkitarm/bin/../lib/gcc/arm-none-eabi/5.3.0/../../../../arm-none-eabi/lib/thumb\libg.a(lib_a-gdtoa-hexnan.o)
 .data          0x23f215cc        0x0 c:/devkitpro/devkitarm/bin/../lib/gcc/arm-none-eabi/5.3.0/../../../../arm-none-eabi/lib/thumb\libg.a(lib_a-getenv_r.o)
 .data          0x23f215cc        0x0 c:/devkitpro/devkitarm/bin/../lib/gcc/arm-none-eabi/5.3.0/../../../../arm-none-eabi/lib/thumb\libg.a(lib_a-impure.o)
 .data          0x23f215cc        0x0 c:/devkitpro/devkitarm/bin/../lib/gcc/arm-none-eabi/5.3.0/../../../../arm-none-eabi/lib/thumb\libg.a(lib_a-reallocr.o)
 .data          0x23f215cc        0x0 c:/devkitpro/devkitarm/bin/../lib/gcc/arm-none-eabi/5.3.0/../../../../arm-none-eabi/lib/thumb\libg.a(lib_a-environ.o)
 .data          0x23f215cc        0x0 c:/devkitpro/devkitarm/bin/../lib/gcc/arm-none-eabi/5.3.0/../../../../arm-none-eabi/lib/thumb\libg.a(lib_a-envlock.o)
 .data          0x23f215cc        0x0 c:/devkitpro/devkitarm/bin/../lib/gcc/arm-none-eabi/5.3.0/../../../../arm-none-eabi/lib/thumb\libg.a(lib_a-fclose.o)
 .data          0x23f215cc        0x0 c:/devkitpro/devkitarm/bin/../lib/gcc/arm-none-eabi/5.3.0/../../../../arm-none-eabi/lib/thumb\libsysbase.a(close.o)
 .data          0x23f215cc        0x0 c:/devkitpro/devkitarm/bin/../lib/gcc/arm-none-eabi/5.3.0/../../../../arm-none-eabi/lib/thumb\libsysbase.a(lseek.o)
 .data          0x23f215cc        0x0 c:/devkitpro/devkitarm/bin/../lib/gcc/arm-none-eabi/5.3.0/../../../../arm-none-eabi/lib/thumb\libsysbase.a(read.o)
 .data          0x23f215cc        0x0 c:/devkitpro/devkitarm/bin/../lib/gcc/arm-none-eabi/5.3.0/../../../../arm-none-eabi/lib/thumb\libsysbase.a(sbrk.o)
 .data          0x23f215cc        0x0 c:/devkitpro/devkitarm/bin/../lib/gcc/arm-none-eabi/5.3.0/../../../../arm-none-eabi/lib/thumb\libsysbase.a(write.o)
 .data          0x23f215cc        0x0 c:/devkitpro/devkitarm/bin/../lib/gcc/arm-none-eabi/5.3.0/../../../../arm-none-eabi/lib/thumb\libsysbase.a(malloc_vars.o)
 .data          0x23f215cc        0x0 c:/devkitpro/devkitarm/bin/../lib/gcc/arm-none-eabi/5.3.0/../../../../arm-none-eabi/lib/thumb\libsysbase.a(flock.o)
 .data          0x23f215cc        0x0 c:/devkitpro/devkitarm/bin/../lib/gcc/arm-none-eabi/5.3.0/../../../../arm-none-eabi/lib/thumb\libsysbase.a(syscall_support.o)
 .data          0x23f215cc     0x1028 c:/devkitpro/devkitarm/bin/../lib/gcc/arm-none-eabi/5.3.0/../../../../arm-none-eabi/lib/thumb\libsysbase.a(handle_manager.o)
 .data          0x23f225f4        0x0 c:/devkitpro/devkitarm/bin/../lib/gcc/arm-none-eabi/5.3.0/../../../../arm-none-eabi/lib/thumb\libsysbase.a(getreent.o)
 .data          0x23f225f4       0x44 c:/devkitpro/devkitarm/bin/../lib/gcc/arm-none-eabi/5.3.0/../../../../arm-none-eabi/lib/thumb\libsysbase.a(iosupport.o)
                0x23f225f8                devoptab_list
 .data          0x23f22638        0x0 c:/devkitpro/devkitarm/bin/../lib/gcc/arm-none-eabi/5.3.0/thumb\libgcc.a(_divsi3.o)
 .data          0x23f22638        0x0 c:/devkitpro/devkitarm/bin/../lib/gcc/arm-none-eabi/5.3.0/thumb\libgcc.a(_arm_addsubdf3.o)
 .data          0x23f22638        0x0 c:/devkitpro/devkitarm/bin/../lib/gcc/arm-none-eabi/5.3.0/thumb\libgcc.a(_arm_muldivdf3.o)
 .data          0x23f22638        0x0 c:/devkitpro/devkitarm/bin/../lib/gcc/arm-none-eabi/5.3.0/thumb\libgcc.a(_arm_cmpdf2.o)
 .data          0x23f22638        0x0 c:/devkitpro/devkitarm/bin/../lib/gcc/arm-none-eabi/5.3.0/thumb\libgcc.a(_arm_fixdfsi.o)
 .data          0x23f22638        0x0 c:/devkitpro/devkitarm/bin/../lib/gcc/arm-none-eabi/5.3.0/thumb\libgcc.a(_arm_fixunsdfsi.o)
 .data          0x23f22638        0x0 c:/devkitpro/devkitarm/bin/../lib/gcc/arm-none-eabi/5.3.0/thumb\libgcc.a(_arm_truncdfsf2.o)
 .data          0x23f22638        0x0 c:/devkitpro/devkitarm/bin/../lib/gcc/arm-none-eabi/5.3.0/../../../../arm-none-eabi/lib/thumb\libg.a(lib_a-errno.o)
 .data          0x23f22638        0x0 c:/devkitpro/devkitarm/bin/../lib/gcc/arm-none-eabi/5.3.0/../../../../arm-none-eabi/lib/thumb\libg.a(lib_a-malloc.o)
 *(.data.*)
 .data.__wctomb
                0x23f22638        0x4 c:/devkitpro/devkitarm/bin/../lib/gcc/arm-none-eabi/5.3.0/../../../../arm-none-eabi/lib/thumb\libg.a(lib_a-wctomb_r.o)
                0x23f22638                __wctomb
 .data.__ctype_ptr__
                0x23f2263c        0x4 c:/devkitpro/devkitarm/bin/../lib/gcc/arm-none-eabi/5.3.0/../../../../arm-none-eabi/lib/thumb\libg.a(lib_a-ctype_.o)
                0x23f2263c                __ctype_ptr__
 .data.lc_message_charset
                0x23f22640       0x20 c:/devkitpro/devkitarm/bin/../lib/gcc/arm-none-eabi/5.3.0/../../../../arm-none-eabi/lib/thumb\libg.a(lib_a-locale.o)
 .data.lconv    0x23f22660       0x38 c:/devkitpro/devkitarm/bin/../lib/gcc/arm-none-eabi/5.3.0/../../../../arm-none-eabi/lib/thumb\libg.a(lib_a-locale.o)
 .data.current_categories
                0x23f22698       0xe0 c:/devkitpro/devkitarm/bin/../lib/gcc/arm-none-eabi/5.3.0/../../../../arm-none-eabi/lib/thumb\libg.a(lib_a-locale.o)
 .data.lc_ctype_charset
                0x23f22778       0x20 c:/devkitpro/devkitarm/bin/../lib/gcc/arm-none-eabi/5.3.0/../../../../arm-none-eabi/lib/thumb\libg.a(lib_a-locale.o)
 .data.__default_locale
                0x23f22798       0x20 c:/devkitpro/devkitarm/bin/../lib/gcc/arm-none-eabi/5.3.0/../../../../arm-none-eabi/lib/thumb\libg.a(lib_a-locale.o)
                0x23f22798                __default_locale
 .data.__mb_cur_max
                0x23f227b8        0x4 c:/devkitpro/devkitarm/bin/../lib/gcc/arm-none-eabi/5.3.0/../../../../arm-none-eabi/lib/thumb\libg.a(lib_a-locale.o)
                0x23f227b8                __mb_cur_max
 .data.__malloc_av_
                0x23f227bc      0x408 c:/devkitpro/devkitarm/bin/../lib/gcc/arm-none-eabi/5.3.0/../../../../arm-none-eabi/lib/thumb\libg.a(lib_a-mallocr.o)
                0x23f227bc                __malloc_av_
 .data.__malloc_trim_threshold
                0x23f22bc4        0x4 c:/devkitpro/devkitarm/bin/../lib/gcc/arm-none-eabi/5.3.0/../../../../arm-none-eabi/lib/thumb\libg.a(lib_a-mallocr.o)
                0x23f22bc4                __malloc_trim_threshold
 .data.__malloc_sbrk_base
                0x23f22bc8        0x4 c:/devkitpro/devkitarm/bin/../lib/gcc/arm-none-eabi/5.3.0/../../../../arm-none-eabi/lib/thumb\libg.a(lib_a-mallocr.o)
                0x23f22bc8                __malloc_sbrk_base
 .data.__mbtowc
                0x23f22bcc        0x4 c:/devkitpro/devkitarm/bin/../lib/gcc/arm-none-eabi/5.3.0/../../../../arm-none-eabi/lib/thumb\libg.a(lib_a-mbtowc_r.o)
                0x23f22bcc                __mbtowc
 .data.__malloc_lock_object
                0x23f22bd0        0xc c:/devkitpro/devkitarm/bin/../lib/gcc/arm-none-eabi/5.3.0/../../../../arm-none-eabi/lib/thumb\libg.a(lib_a-mlock.o)
 .data.__sfp_lock
                0x23f22bdc        0xc c:/devkitpro/devkitarm/bin/../lib/gcc/arm-none-eabi/5.3.0/../../../../arm-none-eabi/lib/thumb\libg.a(lib_a-findfp.o)
 .data.__sinit_lock
                0x23f22be8        0xc c:/devkitpro/devkitarm/bin/../lib/gcc/arm-none-eabi/5.3.0/../../../../arm-none-eabi/lib/thumb\libg.a(lib_a-findfp.o)
 *fill*         0x23f22bf4        0x4 ff
 .data.impure_data
                0x23f22bf8      0x440 c:/devkitpro/devkitarm/bin/../lib/gcc/arm-none-eabi/5.3.0/../../../../arm-none-eabi/lib/thumb\libg.a(lib_a-impure.o)
 .data._impure_ptr
                0x23f23038        0x4 c:/devkitpro/devkitarm/bin/../lib/gcc/arm-none-eabi/5.3.0/../../../../arm-none-eabi/lib/thumb\libg.a(lib_a-impure.o)
                0x23f23038                _impure_ptr
 .data.environ  0x23f2303c        0x4 c:/devkitpro/devkitarm/bin/../lib/gcc/arm-none-eabi/5.3.0/../../../../arm-none-eabi/lib/thumb\libg.a(lib_a-environ.o)
                0x23f2303c                environ
 .data.__env_lock_object
                0x23f23040        0xc c:/devkitpro/devkitarm/bin/../lib/gcc/arm-none-eabi/5.3.0/../../../../arm-none-eabi/lib/thumb\libg.a(lib_a-envlock.o)
 *(.gnu.linkonce.d*)
                0x23f2304c                . = ALIGN (0x4)
                0x23f2304c                __data_end = ABSOLUTE (.)

.igot.plt       0x23f2304c        0x0
 .igot.plt      0x23f2304c        0x0 _start.o

.bss            0x23f2304c     0x1dfc
                0x23f2304c                __bss_start = ABSOLUTE (.)
                0x23f2304c                __bss_start__ = ABSOLUTE (.)
 *(.dynbss)
 *(.gnu.linkonce.b*)
 *(.bss*)
 .bss           0x23f2304c        0x0 _start.o
 .bss           0x23f2304c        0x0 delay.o
 .bss           0x23f2304c        0x0 firmlaunch.o
 .bss           0x23f2304c        0x0 main.o
 .bss           0x23f2304c        0x0 power.o
 .bss           0x23f2304c        0x0 screen.o
 .bss           0x23f2304c        0x0 diskio.o
 .bss           0x23f2304c      0x228 ff.o
 .bss           0x23f23274      0x468 fs.o
 .bss           0x23f236dc        0x0 crypto.o
 .bss           0x23f236dc      0x420 draw.o
 .bss           0x23f23afc        0x0 hid.o
 .bss           0x23f23afc        0x0 i2c.o
 .bss           0x23f23afc        0x0 nand.o
 .bss           0x23f23afc       0x78 sdmmc.o
 .bss           0x23f23b74        0x0 c:/devkitpro/devkitarm/bin/../lib/gcc/arm-none-eabi/5.3.0/thumb\libgcc.a(_udivsi3.o)
 .bss           0x23f23b74        0x0 c:/devkitpro/devkitarm/bin/../lib/gcc/arm-none-eabi/5.3.0/thumb\libgcc.a(_dvmd_tls.o)
 .bss           0x23f23b74        0x0 c:/devkitpro/devkitarm/bin/../lib/gcc/arm-none-eabi/5.3.0/thumb\libgcc.a(_aeabi_uldivmod.o)
 .bss           0x23f23b74        0x0 c:/devkitpro/devkitarm/bin/../lib/gcc/arm-none-eabi/5.3.0/thumb\libgcc.a(_muldi3.o)
 .bss           0x23f23b74        0x0 c:/devkitpro/devkitarm/bin/../lib/gcc/arm-none-eabi/5.3.0/thumb\libgcc.a(_udivmoddi4.o)
 .bss           0x23f23b74        0x0 c:/devkitpro/devkitarm/bin/../lib/gcc/arm-none-eabi/5.3.0/thumb\libgcc.a(_clzdi2.o)
 .bss           0x23f23b74        0x0 c:/devkitpro/devkitarm/bin/../lib/gcc/arm-none-eabi/5.3.0/thumb\libgcc.a(_clzsi2.o)
 .bss           0x23f23b74        0x0 c:/devkitpro/devkitarm/bin/../lib/gcc/arm-none-eabi/5.3.0/../../../../arm-none-eabi/lib/thumb\libg.a(lib_a-atoi.o)
 .bss           0x23f23b74        0x0 c:/devkitpro/devkitarm/bin/../lib/gcc/arm-none-eabi/5.3.0/../../../../arm-none-eabi/lib/thumb\libg.a(lib_a-memcmp.o)
 .bss           0x23f23b74        0x0 c:/devkitpro/devkitarm/bin/../lib/gcc/arm-none-eabi/5.3.0/../../../../arm-none-eabi/lib/thumb\libg.a(lib_a-memcpy.o)
 .bss           0x23f23b74        0x0 c:/devkitpro/devkitarm/bin/../lib/gcc/arm-none-eabi/5.3.0/../../../../arm-none-eabi/lib/thumb\libg.a(lib_a-memmove.o)
 .bss           0x23f23b74        0x0 c:/devkitpro/devkitarm/bin/../lib/gcc/arm-none-eabi/5.3.0/../../../../arm-none-eabi/lib/thumb\libg.a(lib_a-memset.o)
 .bss           0x23f23b74        0x0 c:/devkitpro/devkitarm/bin/../lib/gcc/arm-none-eabi/5.3.0/../../../../arm-none-eabi/lib/thumb\libg.a(lib_a-snprintf.o)
 .bss           0x23f23b74        0x0 c:/devkitpro/devkitarm/bin/../lib/gcc/arm-none-eabi/5.3.0/../../../../arm-none-eabi/lib/thumb\libg.a(lib_a-sprintf.o)