Archive member included to satisfy reference by file (symbol)

c:/devkitpro/devkitarm/bin/../lib/gcc/arm-none-eabi/5.3.0/thumb\libgcc.a(_udivsi3.o)
                              ff.o (__aeabi_uidiv)
c:/devkitpro/devkitarm/bin/../lib/gcc/arm-none-eabi/5.3.0/thumb\libgcc.a(_dvmd_tls.o)
                              c:/devkitpro/devkitarm/bin/../lib/gcc/arm-none-eabi/5.3.0/thumb\libgcc.a(_udivsi3.o) (__aeabi_idiv0)
c:/devkitpro/devkitarm/bin/../lib/gcc/arm-none-eabi/5.3.0/thumb\libgcc.a(_aeabi_uldivmod.o)
                              draw.o (__aeabi_uldivmod)
c:/devkitpro/devkitarm/bin/../lib/gcc/arm-none-eabi/5.3.0/thumb\libgcc.a(_muldi3.o)
                              draw.o (__aeabi_lmul)
c:/devkitpro/devkitarm/bin/../lib/gcc/arm-none-eabi/5.3.0/thumb\libgcc.a(_udivmoddi4.o)
                              c:/devkitpro/devkitarm/bin/../lib/gcc/arm-none-eabi/5.3.0/thumb\libgcc.a(_aeabi_uldivmod.o) (__udivmoddi4)
c:/devkitpro/devkitarm/bin/../lib/gcc/arm-none-eabi/5.3.0/thumb\libgcc.a(_clzdi2.o)
                              c:/devkitpro/devkitarm/bin/../lib/gcc/arm-none-eabi/5.3.0/thumb\libgcc.a(_udivmoddi4.o) (__clzdi2)
c:/devkitpro/devkitarm/bin/../lib/gcc/arm-none-eabi/5.3.0/thumb\libgcc.a(_clzsi2.o)
                              c:/devkitpro/devkitarm/bin/../lib/gcc/arm-none-eabi/5.3.0/thumb\libgcc.a(_clzdi2.o) (__clzsi2)
c:/devkitpro/devkitarm/bin/../lib/gcc/arm-none-eabi/5.3.0/../../../../arm-none-eabi/lib/thumb\libg.a(lib_a-atoi.o)
                              power.o (atoi)
c:/devkitpro/devkitarm/bin/../lib/gcc/arm-none-eabi/5.3.0/../../../../arm-none-eabi/lib/thumb\libg.a(lib_a-memcmp.o)
                              crypto.o (memcmp)
c:/devkitpro/devkitarm/bin/../lib/gcc/arm-none-eabi/5.3.0/../../../../arm-none-eabi/lib/thumb\libg.a(lib_a-memcpy.o)
                              firmlaunch.o (memcpy)
c:/devkitpro/devkitarm/bin/../lib/gcc/arm-none-eabi/5.3.0/../../../../arm-none-eabi/lib/thumb\libg.a(lib_a-memmove.o)
                              draw.o (memmove)
c:/devkitpro/devkitarm/bin/../lib/gcc/arm-none-eabi/5.3.0/../../../../arm-none-eabi/lib/thumb\libg.a(lib_a-memset.o)
                              firmlaunch.o (memset)
c:/devkitpro/devkitarm/bin/../lib/gcc/arm-none-eabi/5.3.0/../../../../arm-none-eabi/lib/thumb\libg.a(lib_a-snprintf.o)
                              draw.o (snprintf)
c:/devkitpro/devkitarm/bin/../lib/gcc/arm-none-eabi/5.3.0/../../../../arm-none-eabi/lib/thumb\libg.a(lib_a-sprintf.o)
                              firmlaunch.o (sprintf)
c:/devkitpro/devkitarm/bin/../lib/gcc/arm-none-eabi/5.3.0/../../../../arm-none-eabi/lib/thumb\libg.a(lib_a-sscanf.o)
                              firmlaunch.o (sscanf)
c:/devkitpro/devkitarm/bin/../lib/gcc/arm-none-eabi/5.3.0/../../../../arm-none-eabi/lib/thumb\libg.a(lib_a-stdio.o)
                              c:/devkitpro/devkitarm/bin/../lib/gcc/arm-none-eabi/5.3.0/../../../../arm-none-eabi/lib/thumb\libg.a(lib_a-sscanf.o) (__seofread)
c:/devkitpro/devkitarm/bin/../lib/gcc/arm-none-eabi/5.3.0/../../../../arm-none-eabi/lib/thumb\libg.a(lib_a-strlen.o)
                              draw.o (strlen)
c:/devkitpro/devkitarm/bin/../lib/gcc/arm-none-eabi/5.3.0/../../../../arm-none-eabi/lib/thumb\libg.a(lib_a-strstr.o)
                              firmlaunch.o (strstr)
c:/devkitpro/devkitarm/bin/../lib/gcc/arm-none-eabi/5.3.0/../../../../arm-none-eabi/lib/thumb\libg.a(lib_a-strtol.o)
                              c:/devkitpro/devkitarm/bin/../lib/gcc/arm-none-eabi/5.3.0/../../../../arm-none-eabi/lib/thumb\libg.a(lib_a-atoi.o) (_strtol_r)
c:/devkitpro/devkitarm/bin/../lib/gcc/arm-none-eabi/5.3.0/../../../../arm-none-eabi/lib/thumb\libg.a(lib_a-svfprintf.o)
                              c:/devkitpro/devkitarm/bin/../lib/gcc/arm-none-eabi/5.3.0/../../../../arm-none-eabi/lib/thumb\libg.a(lib_a-snprintf.o) (_svfprintf_r)
c:/devkitpro/devkitarm/bin/../lib/gcc/arm-none-eabi/5.3.0/../../../../arm-none-eabi/lib/thumb\libg.a(lib_a-svfscanf.o)
                              c:/devkitpro/devkitarm/bin/../lib/gcc/arm-none-eabi/5.3.0/../../../../arm-none-eabi/lib/thumb\libg.a(lib_a-sscanf.o) (__ssvfscanf_r)
c:/devkitpro/devkitarm/bin/../lib/gcc/arm-none-eabi/5.3.0/../../../../arm-none-eabi/lib/thumb\libg.a(lib_a-vsnprintf.o)
                              draw.o (vsnprintf)
c:/devkitpro/devkitarm/bin/../lib/gcc/arm-none-eabi/5.3.0/../../../../arm-none-eabi/lib/thumb\libg.a(lib_a-wcrtomb.o)
                              c:/devkitpro/devkitarm/bin/../lib/gcc/arm-none-eabi/5.3.0/../../../../arm-none-eabi/lib/thumb\libg.a(lib_a-svfprintf.o) (_wcrtomb_r)
c:/devkitpro/devkitarm/bin/../lib/gcc/arm-none-eabi/5.3.0/../../../../arm-none-eabi/lib/thumb\libg.a(lib_a-wcsrtombs.o)
                              c:/devkitpro/devkitarm/bin/../lib/gcc/arm-none-eabi/5.3.0/../../../../arm-none-eabi/lib/thumb\libg.a(lib_a-svfprintf.o) (_wcsrtombs_r)
c:/devkitpro/devkitarm/bin/../lib/gcc/arm-none-eabi/5.3.0/../../../../arm-none-eabi/lib/thumb\libg.a(lib_a-wctomb_r.o)
[...]
Memory Configuration

Name             Origin             Length             Attributes
ram              0x23f00000         0x000ffe00
*default*        0x00000000         0xffffffff

Linker script and memory map


.init           0x23f00000        0x0
                0x23f00000                __text_start = .
 *(.init)
                0x23f00000                . = ALIGN (0x4)

.plt
 *(.plt)

.text           0x23f00000    0x17ba0
 *(.text .stub .text.* .gnu.linkonce.t.*)
 .text          0x23f00000        0x0 _start.o
 .text.start    0x23f00000       0xc0 _start.o
                0x23f00000                _start
 .text          0x23f000c0       0x14 delay.o
                0x23f000c0                ioDelay
 .text          0x23f000d4      0x218 firmlaunch.o
                0x23f000d4                firmLaunchBin
                0x23f0010c                firmLaunchFile
                0x23f00144                findNativeFirm
                0x23f0021c                decryptNativeFirm
                0x23f002dc                launchNativeFirm
 .text          0x23f002ec       0x54 main.o
                0x23f00324                keysInit
 .text.startup  0x23f00340       0x38 main.o
                0x23f00340                main
 .text          0x23f00378      0x680 power.o
                0x23f00378                memSearch
                0x23f003a4                getProcess9Shift
                0x23f00408                patchFirmLaunch
                0x23f004f0                patchSignatureChecks
                0x23f00590                patchFirmPartitionUpdate
                0x23f00624                patchArm9KernelCode
                0x23f006f4                patchArm9Mpu
                0x23f00768                patchArm9Loader
                0x23f00780                patchLoaderModule
                0x23f00800                cryptArm9Bin
                0x23f008e0                powerFirm
 .text          0x23f009f8      0x418 screen.o
                0x23f00d80                screenInit
                0x23f00ddc                screenExit
 .text          0x23f00e10       0x8c diskio.o
                0x23f00e10                disk_initialize
                0x23f00e1c                disk_status
                0x23f00e20                disk_read
                0x23f00e5c                disk_write
                0x23f00e98                disk_ioctl
 .text          0x23f00e9c     0x2874 ff.o
                0x23f02698                get_fattime
                0x23f0269c                ff_convert
                0x23f026c4                ff_wtoupper
                0x23f026d8                clust2sect
                0x23f026f4                get_fat
                0x23f0270c                put_fat
                0x23f02728                f_mount
                0x23f02780                f_open
                0x23f02910                f_read
                0x23f02a74                f_write
                0x23f02c38                f_sync
                0x23f02ca8                f_close
                0x23f02cc4                f_chdrive
                0x23f02ce8                f_chdir
                0x23f02d60                f_lseek
                0x23f02e98                f_opendir
                0x23f02f34                f_closedir
                0x23f02f44                f_readdir
                0x23f02fa4                f_stat
                0x23f02ff4                f_getfree
                0x23f03104                f_truncate
                0x23f031d0                f_unlink
                0x23f032c0                f_mkdir
                0x23f034e4                f_chmod
                0x23f03548                f_utime
                0x23f035b0                f_rename
 .text          0x23f03710      0x11c fs.o
                0x23f03710                fsInit
                0x23f03754                fsExit
                0x23f0378c                fsOpen
                0x23f037d4                fsClose
                0x23f037e8                fsSeek
                0x23f037f0                fsRead
                0x23f0380c                fsWrite
                0x23f03828                fsGetSize
 .text          0x23f0382c      0x5b4 crypto.o
                0x23f0382c                aes_setkey
                0x23f03880                aes_use_keyslot
                0x23f038a0                aes_setiv
                0x23f03900                aes_advctr
                0x23f0399c                aes_change_ctrmode
                0x23f039dc                aes_batch
                0x23f03a7c                aes
                0x23f03b74                sha_wait_idle
                0x23f03b84                sha
                0x23f03c44                rsa_wait_idle
                0x23f03c54                rsa_use_keyslot
                0x23f03c68                rsa_setkey
                0x23f03cf0                rsa_iskeyset
                0x23f03d04                rsa
                0x23f03d8c                rsa_verify
                0x23f03dc8                xor
 .text          0x23f03de0      0x3f0 draw.o
                0x23f03de0                ClearScreen
                0x23f03e1c                ClearScreenFull
                0x23f03e90                DrawCharacter
                0x23f03f64                DrawString
                0x23f03fb0                DrawStringF
                0x23f04030                DebugClear
                0x23f04078                Debug
                0x23f04138                ShowProgress
 .text          0x23f041d0       0x20 hid.o
                0x23f041d0                waitHid
                0x23f041e4                getHid
 .text          0x23f041f0      0x320 i2c.o
                0x23f041f0                i2cGetDeviceBusId
                0x23f041fc                i2cGetDeviceRegAddr
                0x23f0420c                i2cGetDataReg
                0x23f0421c                i2cGetCntReg
                0x23f0422c                i2cWaitBusy
                0x23f04240                i2cGetResult
                0x23f0425c                i2cStop
                0x23f04284                i2cSelectDevice
                0x23f042b0                i2cSelectRegister
                0x23f042dc                i2cReadRegister
                0x23f0438c                i2cReadRegisterBuffer
                0x23f04468                i2cWriteRegister
 .text          0x23f04510      0x1a4 nand.o
                0x23f04510                nandGetCtr
                0x23f04568                nandCrypt
                0x23f045fc                nandReadSectors
                0x23f04660                nandWriteSectors
 .text          0x23f046b4      0x8b0 sdmmc.o
                0x23f046e8                getMMCDevice
                0x23f046fc                geterror
                0x23f04704                inittarget
                0x23f04770                sdmmc_send_command
                0x23f04970                sdmmc_sdcard_writesectors
                0x23f049d0                sdmmc_sdcard_readsectors
                0x23f04a30                sdmmc_nand_readsectors
                0x23f04a88                sdmmc_nand_writesectors
                0x23f04ae0                calcSDSize
                0x23f04b0c                InitSD
                0x23f04c2c                Nand_Init
                0x23f04d70                SD_Init
                0x23f04ef0                sdmmc_sdcard_init
                0x23f04f00                sdmmc_get_cid
 .text          0x23f04f64      0x11c c:/devkitpro/devkitarm/bin/../lib/gcc/arm-none-eabi/5.3.0/thumb\libgcc.a(_udivsi3.o)
                0x23f04f64                __aeabi_uidiv
                0x23f04f64                __udivsi3
                0x23f05060                __aeabi_uidivmod
 .text          0x23f05080        0x4 c:/devkitpro/devkitarm/bin/../lib/gcc/arm-none-eabi/5.3.0/thumb\libgcc.a(_dvmd_tls.o)
                0x23f05080                __aeabi_idiv0
                0x23f05080                __aeabi_ldiv0
 .text          0x23f05084       0x3c c:/devkitpro/devkitarm/bin/../lib/gcc/arm-none-eabi/5.3.0/thumb\libgcc.a(_aeabi_uldivmod.o)
                0x23f05084                __aeabi_uldivmod
 .text          0x23f050c0       0x60 c:/devkitpro/devkitarm/bin/../lib/gcc/arm-none-eabi/5.3.0/thumb\libgcc.a(_muldi3.o)
                0x23f050c0                __muldi3
                0x23f050c0                __aeabi_lmul
 .text          0x23f05120      0x184 c:/devkitpro/devkitarm/bin/../lib/gcc/arm-none-eabi/5.3.0/thumb\libgcc.a(_udivmoddi4.o)
                0x23f05120                __udivmoddi4
 .text          0x23f052a4       0x28 c:/devkitpro/devkitarm/bin/../lib/gcc/arm-none-eabi/5.3.0/thumb\libgcc.a(_clzdi2.o)
                0x23f052a4                __clzdi2
 .text          0x23f052cc       0x48 c:/devkitpro/devkitarm/bin/../lib/gcc/arm-none-eabi/5.3.0/thumb\libgcc.a(_clzsi2.o)
                0x23f052cc                __clzsi2
 .text          0x23f05314        0x0 c:/devkitpro/devkitarm/bin/../lib/gcc/arm-none-eabi/5.3.0/../../../../arm-none-eabi/lib/thumb\libg.a(lib_a-atoi.o)
 .text.atoi     0x23f05314       0x10 c:/devkitpro/devkitarm/bin/../lib/gcc/arm-none-eabi/5.3.0/../../../../arm-none-eabi/lib/thumb\libg.a(lib_a-atoi.o)
                0x23f05314                atoi
 .text._atoi_r  0x23f05324       0x10 c:/devkitpro/devkitarm/bin/../lib/gcc/arm-none-eabi/5.3.0/../../../../arm-none-eabi/lib/thumb\libg.a(lib_a-atoi.o)
                0x23f05324                _atoi_r
 .text          0x23f05334        0x0 c:/devkitpro/devkitarm/bin/../lib/gcc/arm-none-eabi/5.3.0/../../../../arm-none-eabi/lib/thumb\libg.a(lib_a-memcmp.o)
 .text.memcmp   0x23f05334       0x54 c:/devkitpro/devkitarm/bin/../lib/gcc/arm-none-eabi/5.3.0/../../../../arm-none-eabi/lib/thumb\libg.a(lib_a-memcmp.o)
                0x23f05334                memcmp
 .text          0x23f05388        0x0 c:/devkitpro/devkitarm/bin/../lib/gcc/arm-none-eabi/5.3.0/../../../../arm-none-eabi/lib/thumb\libg.a(lib_a-memcpy.o)
 .text.memcpy   0x23f05388       0x80 c:/devkitpro/devkitarm/bin/../lib/gcc/arm-none-eabi/5.3.0/../../../../arm-none-eabi/lib/thumb\libg.a(lib_a-memcpy.o)
                0x23f05388                memcpy
 .text          0x23f05408        0x0 c:/devkitpro/devkitarm/bin/../lib/gcc/arm-none-eabi/5.3.0/../../../../arm-none-eabi/lib/thumb\libg.a(lib_a-memmove.o)
 .text.memmove  0x23f05408       0x9c c:/devkitpro/devkitarm/bin/../lib/gcc/arm-none-eabi/5.3.0/../../../../arm-none-eabi/lib/thumb\libg.a(lib_a-memmove.o)
                0x23f05408                memmove
 .text          0x23f054a4        0x0 c:/devkitpro/devkitarm/bin/../lib/gcc/arm-none-eabi/5.3.0/../../../../arm-none-eabi/lib/thumb\libg.a(lib_a-memset.o)
 .text.memset   0x23f054a4       0x94 c:/devkitpro/devkitarm/bin/../lib/gcc/arm-none-eabi/5.3.0/../../../../arm-none-eabi/lib/thumb\libg.a(lib_a-memset.o)
                0x23f054a4                memset
 .text          0x23f05538        0x0 c:/devkitpro/devkitarm/bin/../lib/gcc/arm-none-eabi/5.3.0/../../../../arm-none-eabi/lib/thumb\libg.a(lib_a-snprintf.o)
 .text._snprintf_r
                0x23f05538       0x80 c:/devkitpro/devkitarm/bin/../lib/gcc/arm-none-eabi/5.3.0/../../../../arm-none-eabi/lib/thumb\libg.a(lib_a-snprintf.o)
                0x23f05538                _snprintf_r
 .text.snprintf
                0x23f055b8       0x80 c:/devkitpro/devkitarm/bin/../lib/gcc/arm-none-eabi/5.3.0/../../../../arm-none-eabi/lib/thumb\libg.a(lib_a-snprintf.o)
                0x23f055b8                snprintf
 .text          0x23f05638        0x0 c:/devkitpro/devkitarm/bin/../lib/gcc/arm-none-eabi/5.3.0/../../../../arm-none-eabi/lib/thumb\libg.a(lib_a-sprintf.o)
 .text._sprintf_r
                0x23f05638       0x40 c:/devkitpro/devkitarm/bin/../lib/gcc/arm-none-eabi/5.3.0/../../../../arm-none-eabi/lib/thumb\libg.a(lib_a-sprintf.o)
                0x23f05638                _sprintf_r
 .text.sprintf  0x23f05678       0x48 c:/devkitpro/devkitarm/bin/../lib/gcc/arm-none-eabi/5.3.0/../../../../arm-none-eabi/lib/thumb\libg.a(lib_a-sprintf.o)
                0x23f05678                sprintf
 .text          0x23f056c0        0x0 c:/devkitpro/devkitarm/bin/../lib/gcc/arm-none-eabi/5.3.0/../../../../arm-none-eabi/lib/thumb\libg.a(lib_a-sscanf.o)
 .text.sscanf   0x23f056c0       0x4c c:/devkitpro/devkitarm/bin/../lib/gcc/arm-none-eabi/5.3.0/../../../../arm-none-eabi/lib/thumb\libg.a(lib_a-sscanf.o)
                0x23f056c0                sscanf
 .text._sscanf_r
                0x23f0570c       0x4c c:/devkitpro/devkitarm/bin/../lib/gcc/arm-none-eabi/5.3.0/../../../../arm-none-eabi/lib/thumb\libg.a(lib_a-sscanf.o)
                0x23f0570c                _sscanf_r
 .text          0x23f05758        0x0 c:/devkitpro/devkitarm/bin/../lib/gcc/arm-none-eabi/5.3.0/../../../../arm-none-eabi/lib/thumb\libg.a(lib_a-stdio.o)
 .text.__sread  0x23f05758       0x2c c:/devkitpro/devkitarm/bin/../lib/gcc/arm-none-eabi/5.3.0/../../../../arm-none-eabi/lib/thumb\libg.a(lib_a-stdio.o)
                0x23f05758                __sread
 .text.__seofread
                0x23f05784        0x4 c:/devkitpro/devkitarm/bin/../lib/gcc/arm-none-eabi/5.3.0/../../../../arm-none-eabi/lib/thumb\libg.a(lib_a-stdio.o)
                0x23f05784                __seofread
 .text.__swrite
                0x23f05788       0x3c c:/devkitpro/devkitarm/bin/../lib/gcc/arm-none-eabi/5.3.0/../../../../arm-none-eabi/lib/thumb\libg.a(lib_a-stdio.o)
                0x23f05788                __swrite
 .text.__sseek  0x23f057c4       0x30 c:/devkitpro/devkitarm/bin/../lib/gcc/arm-none-eabi/5.3.0/../../../../arm-none-eabi/lib/thumb\libg.a(lib_a-stdio.o)
                0x23f057c4                __sseek
 .text.__sclose
                0x23f057f4       0x10 c:/devkitpro/devkitarm/bin/../lib/gcc/arm-none-eabi/5.3.0/../../../../arm-none-eabi/lib/thumb\libg.a(lib_a-stdio.o)
                0x23f057f4                __sclose
 .text          0x23f05804        0x0 c:/devkitpro/devkitarm/bin/../lib/gcc/arm-none-eabi/5.3.0/../../../../arm-none-eabi/lib/thumb\libg.a(lib_a-strlen.o)
 .text.strlen   0x23f05804       0x6c c:/devkitpro/devkitarm/bin/../lib/gcc/arm-none-eabi/5.3.0/../../../../arm-none-eabi/lib/thumb\libg.a(lib_a-strlen.o)
                0x23f05804                strlen
 .text          0x23f05870        0x0 c:/devkitpro/devkitarm/bin/../lib/gcc/arm-none-eabi/5.3.0/../../../../arm-none-eabi/lib/thumb\libg.a(lib_a-strstr.o)
 .text.critical_factorization
                0x23f05870       0xc8 c:/devkitpro/devkitarm/bin/../lib/gcc/arm-none-eabi/5.3.0/../../../../arm-none-eabi/lib/thumb\libg.a(lib_a-strstr.o)
 .text.two_way_long_needle
                0x23f05938      0x1fc c:/devkitpro/devkitarm/bin/../lib/gcc/arm-none-eabi/5.3.0/../../../../arm-none-eabi/lib/thumb\libg.a(lib_a-strstr.o)
 .text.strstr   0x23f05b34      0x200 c:/devkitpro/devkitarm/bin/../lib/gcc/arm-none-eabi/5.3.0/../../../../arm-none-eabi/lib/thumb\libg.a(lib_a-strstr.o)
                0x23f05b34                strstr
 .text          0x23f05d34        0x0 c:/devkitpro/devkitarm/bin/../lib/gcc/arm-none-eabi/5.3.0/../../../../arm-none-eabi/lib/thumb\libg.a(lib_a-strtol.o)
 .text._strtol_r
                0x23f05d34      0x178 c:/devkitpro/devkitarm/bin/../lib/gcc/arm-none-eabi/5.3.0/../../../../arm-none-eabi/lib/thumb\libg.a(lib_a-strtol.o)
                0x23f05d34                _strtol_r
 .text.strtol   0x23f05eac       0x1c c:/devkitpro/devkitarm/bin/../lib/gcc/arm-none-eabi/5.3.0/../../../../arm-none-eabi/lib/thumb\libg.a(lib_a-strtol.o)
                0x23f05eac                strtol
 .text          0x23f05ec8        0x0 c:/devkitpro/devkitarm/bin/../lib/gcc/arm-none-eabi/5.3.0/../../../../arm-none-eabi/lib/thumb\libg.a(lib_a-svfprintf.o)
 .text.get_arg  0x23f05ec8      0xcb0 c:/devkitpro/devkitarm/bin/../lib/gcc/arm-none-eabi/5.3.0/../../../../arm-none-eabi/lib/thumb\libg.a(lib_a-svfprintf.o)
 .text._svfprintf_r
                0x23f06b78     0x3114 c:/devkitpro/devkitarm/bin/../lib/gcc/arm-none-eabi/5.3.0/../../../../arm-none-eabi/lib/thumb\libg.a(lib_a-svfprintf.o)
                0x23f06b78                _svfprintf_r
 .text          0x23f09c8c        0x0 c:/devkitpro/devkitarm/bin/../lib/gcc/arm-none-eabi/5.3.0/../../../../arm-none-eabi/lib/thumb\libg.a(lib_a-svfscanf.o)
 .text.__ssvfscanf_r
                0x23f09c8c     0x1b5c c:/devkitpro/devkitarm/bin/../lib/gcc/arm-none-eabi/5.3.0/../../../../arm-none-eabi/lib/thumb\libg.a(lib_a-svfscanf.o)
                0x23f09c8c                __ssvfscanf_r
 .text          0x23f0b7e8        0x0 c:/devkitpro/devkitarm/bin/../lib/gcc/arm-none-eabi/5.3.0/../../../../arm-none-eabi/lib/thumb\libg.a(lib_a-vsnprintf.o)
 .text._vsnprintf_r
                0x23f0b7e8       0x78 c:/devkitpro/devkitarm/bin/../lib/gcc/arm-none-eabi/5.3.0/../../../../arm-none-eabi/lib/thumb\libg.a(lib_a-vsnprintf.o)
                0x23f0b7e8                _vsnprintf_r
 .text.vsnprintf
                0x23f0b860       0x24 c:/devkitpro/devkitarm/bin/../lib/gcc/arm-none-eabi/5.3.0/../../../../arm-none-eabi/lib/thumb\libg.a(lib_a-vsnprintf.o)
                0x23f0b860                vsnprintf
 .text          0x23f0b884        0x0 c:/devkitpro/devkitarm/bin/../lib/gcc/arm-none-eabi/5.3.0/../../../../arm-none-eabi/lib/thumb\libg.a(lib_a-wcrtomb.o)
 .text._wcrtomb_r
                0x23f0b884       0x6c c:/devkitpro/devkitarm/bin/../lib/gcc/arm-none-eabi/5.3.0/../../../../arm-none-eabi/lib/thumb\libg.a(lib_a-wcrtomb.o)
                0x23f0b884                _wcrtomb_r
 .text.wcrtomb  0x23f0b8f0       0x74 c:/devkitpro/devkitarm/bin/../lib/gcc/arm-none-eabi/5.3.0/../../../../arm-none-eabi/lib/thumb\libg.a(lib_a-wcrtomb.o)
                0x23f0b8f0                wcrtomb
 .text          0x23f0b964        0x0 c:/devkitpro/devkitarm/bin/../lib/gcc/arm-none-eabi/5.3.0/../../../../arm-none-eabi/lib/thumb\libg.a(lib_a-wcsrtombs.o)
 .text._wcsrtombs_r
                0x23f0b964       0x1c c:/devkitpro/devkitarm/bin/../lib/gcc/arm-none-eabi/5.3.0/../../../../arm-none-eabi/lib/thumb\libg.a(lib_a-wcsrtombs.o)
                0x23f0b964                _wcsrtombs_r
 .text.wcsrtombs
                0x23f0b980       0x28 c:/devkitpro/devkitarm/bin/../lib/gcc/arm-none-eabi/5.3.0/../../../../arm-none-eabi/lib/thumb\libg.a(lib_a-wcsrtombs.o)
                0x23f0b980                wcsrtombs
 .text          0x23f0b9a8        0x0 c:/devkitpro/devkitarm/bin/../lib/gcc/arm-none-eabi/5.3.0/../../../../arm-none-eabi/lib/thumb\libg.a(lib_a-wctomb_r.o)
 .text.__utf8_wctomb
                0x23f0b9a8       0xbc c:/devkitpro/devkitarm/bin/../lib/gcc/arm-none-eabi/5.3.0/../../../../arm-none-eabi/lib/thumb\libg.a(lib_a-wctomb_r.o)
                0x23f0b9a8                __utf8_wctomb
 .text._wctomb_r
                0x23f0ba64       0x3c c:/devkitpro/devkitarm/bin/../lib/gcc/arm-none-eabi/5.3.0/../../../../arm-none-eabi/lib/thumb\libg.a(lib_a-wctomb_r.o)
                0x23f0ba64                _wctomb_r
 .text.__ascii_wctomb
                0x23f0baa0       0x1c c:/devkitpro/devkitarm/bin/../lib/gcc/arm-none-eabi/5.3.0/../../../../arm-none-eabi/lib/thumb\libg.a(lib_a-wctomb_r.o)
                0x23f0baa0                __ascii_wctomb
 .text.__sjis_wctomb
                0x23f0babc       0x80 c:/devkitpro/devkitarm/bin/../lib/gcc/arm-none-eabi/5.3.0/../../../../arm-none-eabi/lib/thumb\libg.a(lib_a-wctomb_r.o)
                0x23f0babc                __sjis_wctomb
 .text.__eucjp_wctomb
                0x23f0bb3c       0x88 c:/devkitpro/devkitarm/bin/../lib/gcc/arm-none-eabi/5.3.0/../../../../arm-none-eabi/lib/thumb\libg.a(lib_a-wctomb_r.o)
                0x23f0bb3c                __eucjp_wctomb
 .text.__jis_wctomb
                0x23f0bbc4       0x80 c:/devkitpro/devkitarm/bin/../lib/gcc/arm-none-eabi/5.3.0/../../../../arm-none-eabi/lib/thumb\libg.a(lib_a-wctomb_r.o)
                0x23f0bbc4                __jis_wctomb
 .text          0x23f0bc44        0x0 c:/devkitpro/devkitarm/bin/../lib/gcc/arm-none-eabi/5.3.0/../../../../arm-none-eabi/lib/thumb\libg.a(lib_a-ctype_.o)
 .text.__set_ctype
                0x23f0bc44       0x10 c:/devkitpro/devkitarm/bin/../lib/gcc/arm-none-eabi/5.3.0/../../../../arm-none-eabi/lib/thumb\libg.a(lib_a-ctype_.o)
                0x23f0bc44                __set_ctype
 .text          0x23f0bc54        0x0 c:/devkitpro/devkitarm/bin/../lib/gcc/arm-none-eabi/5.3.0/../../../../arm-none-eabi/lib/thumb\libg.a(lib_a-dtoa.o)
 .text.quorem   0x23f0bc54      0x158 c:/devkitpro/devkitarm/bin/../lib/gcc/arm-none-eabi/5.3.0/../../../../arm-none-eabi/lib/thumb\libg.a(lib_a-dtoa.o)
 .text._dtoa_r  0x23f0bdac      0xfd8 c:/devkitpro/devkitarm/bin/../lib/gcc/arm-none-eabi/5.3.0/../../../../arm-none-eabi/lib/thumb\libg.a(lib_a-dtoa.o)
                0x23f0bdac                _dtoa_r
 .text          0x23f0cd84        0x0 c:/devkitpro/devkitarm/bin/../lib/gcc/arm-none-eabi/5.3.0/../../../../arm-none-eabi/lib/thumb\libg.a(lib_a-freer.o)
 .text._malloc_trim_r
                0x23f0cd84       0xa4 c:/devkitpro/devkitarm/bin/../lib/gcc/arm-none-eabi/5.3.0/../../../../arm-none-eabi/lib/thumb\libg.a(lib_a-freer.o)
                0x23f0cd84                _malloc_trim_r
 .text._free_r  0x23f0ce28      0x1c8 c:/devkitpro/devkitarm/bin/../lib/gcc/arm-none-eabi/5.3.0/../../../../arm-none-eabi/lib/thumb\libg.a(lib_a-freer.o)
                0x23f0ce28                _free_r
 .text          0x23f0cff0        0x0 c:/devkitpro/devkitarm/bin/../lib/gcc/arm-none-eabi/5.3.0/../../../../arm-none-eabi/lib/thumb\libg.a(lib_a-iswspace.o)
 .text.iswspace
                0x23f0cff0       0x78 c:/devkitpro/devkitarm/bin/../lib/gcc/arm-none-eabi/5.3.0/../../../../arm-none-eabi/lib/thumb\libg.a(lib_a-iswspace.o)
                0x23f0cff0                iswspace
 .text          0x23f0d068        0x0 c:/devkitpro/devkitarm/bin/../lib/gcc/arm-none-eabi/5.3.0/../../../../arm-none-eabi/lib/thumb\libg.a(lib_a-jp2uc.o)
 .text.__jp2uc  0x23f0d068      0x188 c:/devkitpro/devkitarm/bin/../lib/gcc/arm-none-eabi/5.3.0/../../../../arm-none-eabi/lib/thumb\libg.a(lib_a-jp2uc.o)
 .text._jp2uc   0x23f0d1f0       0x64 c:/devkitpro/devkitarm/bin/../lib/gcc/arm-none-eabi/5.3.0/../../../../arm-none-eabi/lib/thumb\libg.a(lib_a-jp2uc.o)
                0x23f0d1f0                _jp2uc
 .text          0x23f0d254        0x0 c:/devkitpro/devkitarm/bin/../lib/gcc/arm-none-eabi/5.3.0/../../../../arm-none-eabi/lib/thumb\libg.a(lib_a-locale.o)
 .text.__get_locale_env
                0x23f0d254       0x58 c:/devkitpro/devkitarm/bin/../lib/gcc/arm-none-eabi/5.3.0/../../../../arm-none-eabi/lib/thumb\libg.a(lib_a-locale.o)
 .text.loadlocale
                0x23f0d2ac      0x61c c:/devkitpro/devkitarm/bin/../lib/gcc/arm-none-eabi/5.3.0/../../../../arm-none-eabi/lib/thumb\libg.a(lib_a-locale.o)
 .text.currentlocale
                0x23f0d8c8       0x64 c:/devkitpro/devkitarm/bin/../lib/gcc/arm-none-eabi/5.3.0/../../../../arm-none-eabi/lib/thumb\libg.a(lib_a-locale.o)
 .text._setlocale_r
                0x23f0d92c      0x210 c:/devkitpro/devkitarm/bin/../lib/gcc/arm-none-eabi/5.3.0/../../../../arm-none-eabi/lib/thumb\libg.a(lib_a-locale.o)
                0x23f0d92c                _setlocale_r
 .text.__locale_charset
                0x23f0db3c        0x8 c:/devkitpro/devkitarm/bin/../lib/gcc/arm-none-eabi/5.3.0/../../../../arm-none-eabi/lib/thumb\libg.a(lib_a-locale.o)
                0x23f0db3c                __locale_charset
 .text.__locale_mb_cur_max
                0x23f0db44        0xc c:/devkitpro/devkitarm/bin/../lib/gcc/arm-none-eabi/5.3.0/../../../../arm-none-eabi/lib/thumb\libg.a(lib_a-locale.o)
                0x23f0db44                __locale_mb_cur_max
 .text.__locale_msgcharset
                0x23f0db50        0x8 c:/devkitpro/devkitarm/bin/../lib/gcc/arm-none-eabi/5.3.0/../../../../arm-none-eabi/lib/thumb\libg.a(lib_a-locale.o)
                0x23f0db50                __locale_msgcharset
 .text.__locale_cjk_lang
                0x23f0db58        0xc c:/devkitpro/devkitarm/bin/../lib/gcc/arm-none-eabi/5.3.0/../../../../arm-none-eabi/lib/thumb\libg.a(lib_a-locale.o)
                0x23f0db58                __locale_cjk_lang
 .text._localeconv_r
                0x23f0db64        0x8 c:/devkitpro/devkitarm/bin/../lib/gcc/arm-none-eabi/5.3.0/../../../../arm-none-eabi/lib/thumb\libg.a(lib_a-locale.o)
                0x23f0db64                _localeconv_r
 .text.setlocale
                0x23f0db6c       0x18 c:/devkitpro/devkitarm/bin/../lib/gcc/arm-none-eabi/5.3.0/../../../../arm-none-eabi/lib/thumb\libg.a(lib_a-locale.o)
                0x23f0db6c                setlocale
 .text.localeconv
                0x23f0db84       0x14 c:/devkitpro/devkitarm/bin/../lib/gcc/arm-none-eabi/5.3.0/../../../../arm-none-eabi/lib/thumb\libg.a(lib_a-locale.o)
                0x23f0db84                localeconv
 .text          0x23f0db98        0x0 c:/devkitpro/devkitarm/bin/../lib/gcc/arm-none-eabi/5.3.0/../../../../arm-none-eabi/lib/thumb\libg.a(lib_a-mallocr.o)
 .text._malloc_r
                0x23f0db98      0x564 c:/devkitpro/devkitarm/bin/../lib/gcc/arm-none-eabi/5.3.0/../../../../arm-none-eabi/lib/thumb\libg.a(lib_a-mallocr.o)
                0x23f0db98                _malloc_r
 .text          0x23f0e0fc        0x0 c:/devkitpro/devkitarm/bin/../lib/gcc/arm-none-eabi/5.3.0/../../../../arm-none-eabi/lib/thumb\libg.a(lib_a-mbrtowc.o)
 .text._mbrtowc_r
                0x23f0e0fc       0x7c c:/devkitpro/devkitarm/bin/../lib/gcc/arm-none-eabi/5.3.0/../../../../arm-none-eabi/lib/thumb\libg.a(lib_a-mbrtowc.o)
                0x23f0e0fc                _mbrtowc_r
 .text.mbrtowc  0x23f0e178       0x80 c:/devkitpro/devkitarm/bin/../lib/gcc/arm-none-eabi/5.3.0/../../../../arm-none-eabi/lib/thumb\libg.a(lib_a-mbrtowc.o)
                0x23f0e178                mbrtowc
 .text          0x23f0e1f8        0x0 c:/devkitpro/devkitarm/bin/../lib/gcc/arm-none-eabi/5.3.0/../../../../arm-none-eabi/lib/thumb\libg.a(lib_a-mbtowc_r.o)
 .text.__utf8_mbtowc
                0x23f0e1f8      0x2cc c:/devkitpro/devkitarm/bin/../lib/gcc/arm-none-eabi/5.3.0/../../../../arm-none-eabi/lib/thumb\libg.a(lib_a-mbtowc_r.o)
                0x23f0e1f8                __utf8_mbtowc
 .text._mbtowc_r
                0x23f0e4c4       0x40 c:/devkitpro/devkitarm/bin/../lib/gcc/arm-none-eabi/5.3.0/../../../../arm-none-eabi/lib/thumb\libg.a(lib_a-mbtowc_r.o)
                0x23f0e4c4                _mbtowc_r
 .text.__ascii_mbtowc
                0x23f0e504       0x2c c:/devkitpro/devkitarm/bin/../lib/gcc/arm-none-eabi/5.3.0/../../../../arm-none-eabi/lib/thumb\libg.a(lib_a-mbtowc_r.o)
                0x23f0e504                __ascii_mbtowc
 .text.__sjis_mbtowc
                0x23f0e530       0xb0 c:/devkitpro/devkitarm/bin/../lib/gcc/arm-none-eabi/5.3.0/../../../../arm-none-eabi/lib/thumb\libg.a(lib_a-mbtowc_r.o)
                0x23f0e530                __sjis_mbtowc
 .text.__eucjp_mbtowc
                0x23f0e5e0       0xd0 c:/devkitpro/devkitarm/bin/../lib/gcc/arm-none-eabi/5.3.0/../../../../arm-none-eabi/lib/thumb\libg.a(lib_a-mbtowc_r.o)
                0x23f0e5e0                __eucjp_mbtowc
 .text.__jis_mbtowc
                0x23f0e6b0      0x140 c:/devkitpro/devkitarm/bin/../lib/gcc/arm-none-eabi/5.3.0/../../../../arm-none-eabi/lib/thumb\libg.a(lib_a-mbtowc_r.o)
                0x23f0e6b0                __jis_mbtowc
 .text          0x23f0e7f0        0x0 c:/devkitpro/devkitarm/bin/../lib/gcc/arm-none-eabi/5.3.0/../../../../arm-none-eabi/lib/thumb\libg.a(lib_a-memchr.o)
 .text.memchr   0x23f0e7f0       0x90 c:/devkitpro/devkitarm/bin/../lib/gcc/arm-none-eabi/5.3.0/../../../../arm-none-eabi/lib/thumb\libg.a(lib_a-memchr.o)
                0x23f0e7f0                memchr
 .text          0x23f0e880        0x0 c:/devkitpro/devkitarm/bin/../lib/gcc/arm-none-eabi/5.3.0/../../../../arm-none-eabi/lib/thumb\libg.a(lib_a-mlock.o)
 .text.__malloc_lock
                0x23f0e880       0x14 c:/devkitpro/devkitarm/bin/../lib/gcc/arm-none-eabi/5.3.0/../../../../arm-none-eabi/lib/thumb\libg.a(lib_a-mlock.o)
                0x23f0e880                __malloc_lock
 .text.__malloc_unlock
                0x23f0e894       0x14 c:/devkitpro/devkitarm/bin/../lib/gcc/arm-none-eabi/5.3.0/../../../../arm-none-eabi/lib/thumb\libg.a(lib_a-mlock.o)
                0x23f0e894                __malloc_unlock
 .text          0x23f0e8a8        0x0 c:/devkitpro/devkitarm/bin/../lib/gcc/arm-none-eabi/5.3.0/../../../../arm-none-eabi/lib/thumb\libg.a(lib_a-mprec.o)
 .text._Balloc  0x23f0e8a8       0x54 c:/devkitpro/devkitarm/bin/../lib/gcc/arm-none-eabi/5.3.0/../../../../arm-none-eabi/lib/thumb\libg.a(lib_a-mprec.o)
                0x23f0e8a8                _Balloc
 .text._Bfree   0x23f0e8fc       0x14 c:/devkitpro/devkitarm/bin/../lib/gcc/arm-none-eabi/5.3.0/../../../../arm-none-eabi/lib/thumb\libg.a(lib_a-mprec.o)
                0x23f0e8fc                _Bfree
 .text.__multadd
                0x23f0e910       0x94 c:/devkitpro/devkitarm/bin/../lib/gcc/arm-none-eabi/5.3.0/../../../../arm-none-eabi/lib/thumb\libg.a(lib_a-mprec.o)
                0x23f0e910                __multadd
 .text.__s2b    0x23f0e9a4       0x94 c:/devkitpro/devkitarm/bin/../lib/gcc/arm-none-eabi/5.3.0/../../../../arm-none-eabi/lib/thumb\libg.a(lib_a-mprec.o)
                0x23f0e9a4                __s2b
 .text.__hi0bits
                0x23f0ea38       0x3c c:/devkitpro/devkitarm/bin/../lib/gcc/arm-none-eabi/5.3.0/../../../../arm-none-eabi/lib/thumb\libg.a(lib_a-mprec.o)
                0x23f0ea38                __hi0bits
 .text.__lo0bits
                0x23f0ea74       0x5c c:/devkitpro/devkitarm/bin/../lib/gcc/arm-none-eabi/5.3.0/../../../../arm-none-eabi/lib/thumb\libg.a(lib_a-mprec.o)
                0x23f0ea74                __lo0bits
 .text.__i2b    0x23f0ead0       0x18 c:/devkitpro/devkitarm/bin/../lib/gcc/arm-none-eabi/5.3.0/../../../../arm-none-eabi/lib/thumb\libg.a(lib_a-mprec.o)
                0x23f0ead0                __i2b
 .text.__multiply
                0x23f0eae8      0x16c c:/devkitpro/devkitarm/bin/../lib/gcc/arm-none-eabi/5.3.0/../../../../arm-none-eabi/lib/thumb\libg.a(lib_a-mprec.o)
                0x23f0eae8                __multiply
 .text.__pow5mult
                0x23f0ec54       0xc0 c:/devkitpro/devkitarm/bin/../lib/gcc/arm-none-eabi/5.3.0/../../../../arm-none-eabi/lib/thumb\libg.a(lib_a-mprec.o)
                0x23f0ec54                __pow5mult
 .text.__lshift
                0x23f0ed14       0xc4 c:/devkitpro/devkitarm/bin/../lib/gcc/arm-none-eabi/5.3.0/../../../../arm-none-eabi/lib/thumb\libg.a(lib_a-mprec.o)
                0x23f0ed14                __lshift
 .text.__mcmp   0x23f0edd8       0x40 c:/devkitpro/devkitarm/bin/../lib/gcc/arm-none-eabi/5.3.0/../../../../arm-none-eabi/lib/thumb\libg.a(lib_a-mprec.o)
                0x23f0edd8                __mcmp
 .text.__mdiff  0x23f0ee18      0x120 c:/devkitpro/devkitarm/bin/../lib/gcc/arm-none-eabi/5.3.0/../../../../arm-none-eabi/lib/thumb\libg.a(lib_a-mprec.o)
                0x23f0ee18                __mdiff
 .text.__ulp    0x23f0ef38       0x50 c:/devkitpro/devkitarm/bin/../lib/gcc/arm-none-eabi/5.3.0/../../../../arm-none-eabi/lib/thumb\libg.a(lib_a-mprec.o)
                0x23f0ef38                __ulp
 .text.__b2d    0x23f0ef88       0xdc c:/devkitpro/devkitarm/bin/../lib/gcc/arm-none-eabi/5.3.0/../../../../arm-none-eabi/lib/thumb\libg.a(lib_a-mprec.o)
                0x23f0ef88                __b2d
 .text.__d2b    0x23f0f064       0xc0 c:/devkitpro/devkitarm/bin/../lib/gcc/arm-none-eabi/5.3.0/../../../../arm-none-eabi/lib/thumb\libg.a(lib_a-mprec.o)
                0x23f0f064                __d2b
 .text.__ratio  0x23f0f124       0x78 c:/devkitpro/devkitarm/bin/../lib/gcc/arm-none-eabi/5.3.0/../../../../arm-none-eabi/lib/thumb\libg.a(lib_a-mprec.o)
                0x23f0f124                __ratio
 .text._mprec_log10
                0x23f0f19c       0x38 c:/devkitpro/devkitarm/bin/../lib/gcc/arm-none-eabi/5.3.0/../../../../arm-none-eabi/lib/thumb\libg.a(lib_a-mprec.o)
                0x23f0f19c                _mprec_log10
 .text.__copybits
                0x23f0f1d4       0x44 c:/devkitpro/devkitarm/bin/../lib/gcc/arm-none-eabi/5.3.0/../../../../arm-none-eabi/lib/thumb\libg.a(lib_a-mprec.o)
                0x23f0f1d4                __copybits
 .text.__any_on
                0x23f0f218       0x64 c:/devkitpro/devkitarm/bin/../lib/gcc/arm-none-eabi/5.3.0/../../../../arm-none-eabi/lib/thumb\libg.a(lib_a-mprec.o)
                0x23f0f218                __any_on
 .text          0x23f0f27c        0x0 c:/devkitpro/devkitarm/bin/../lib/gcc/arm-none-eabi/5.3.0/../../../../arm-none-eabi/lib/thumb\libg.a(lib_a-sccl.o)
 .text.__sccl   0x23f0f27c       0x7c c:/devkitpro/devkitarm/bin/../lib/gcc/arm-none-eabi/5.3.0/../../../../arm-none-eabi/lib/thumb\libg.a(lib_a-sccl.o)
                0x23f0f27c                __sccl
 .text          0x23f0f2f8        0x0 c:/devkitpro/devkitarm/bin/../lib/gcc/arm-none-eabi/5.3.0/../../../../arm-none-eabi/lib/thumb\libg.a(lib_a-sf_nan.o)
 .text.nanf     0x23f0f2f8        0x8 c:/devkitpro/devkitarm/bin/../lib/gcc/arm-none-eabi/5.3.0/../../../../arm-none-eabi/lib/thumb\libg.a(lib_a-sf_nan.o)
                0x23f0f2f8                nanf
 .text          0x23f0f300        0x0 c:/devkitpro/devkitarm/bin/../lib/gcc/arm-none-eabi/5.3.0/../../../../arm-none-eabi/lib/thumb\libg.a(lib_a-s_fpclassify.o)
 .text.__fpclassifyd
                0x23f0f300       0x5c c:/devkitpro/devkitarm/bin/../lib/gcc/arm-none-eabi/5.3.0/../../../../arm-none-eabi/lib/thumb\libg.a(lib_a-s_fpclassify.o)
                0x23f0f300                __fpclassifyd
 .text          0x23f0f35c        0x0 c:/devkitpro/devkitarm/bin/../lib/gcc/arm-none-eabi/5.3.0/../../../../arm-none-eabi/lib/thumb\libg.a(lib_a-s_frexp.o)
 .text.frexp    0x23f0f35c       0x74 c:/devkitpro/devkitarm/bin/../lib/gcc/arm-none-eabi/5.3.0/../../../../arm-none-eabi/lib/thumb\libg.a(lib_a-s_frexp.o)
                0x23f0f35c                frexp
 .text          0x23f0f3d0        0x0 c:/devkitpro/devkitarm/bin/../lib/gcc/arm-none-eabi/5.3.0/../../../../arm-none-eabi/lib/thumb\libg.a(lib_a-stpncpy.o)
 .text.stpncpy  0x23f0f3d0       0x8c c:/devkitpro/devkitarm/bin/../lib/gcc/arm-none-eabi/5.3.0/../../../../arm-none-eabi/lib/thumb\libg.a(lib_a-stpncpy.o)
                0x23f0f3d0                stpncpy
 .text          0x23f0f45c        0x0 c:/devkitpro/devkitarm/bin/../lib/gcc/arm-none-eabi/5.3.0/../../../../arm-none-eabi/lib/thumb\libg.a(lib_a-strcasecmp.o)
 .text.strcasecmp
                0x23f0f45c       0x58 c:/devkitpro/devkitarm/bin/../lib/gcc/arm-none-eabi/5.3.0/../../../../arm-none-eabi/lib/thumb\libg.a(lib_a-strcasecmp.o)
                0x23f0f45c                strcasecmp
 .text          0x23f0f4b4        0x0 c:/devkitpro/devkitarm/bin/../lib/gcc/arm-none-eabi/5.3.0/../../../../arm-none-eabi/lib/thumb\libg.a(lib_a-strcat.o)
 .text.strcat   0x23f0f4b4       0x54 c:/devkitpro/devkitarm/bin/../lib/gcc/arm-none-eabi/5.3.0/../../../../arm-none-eabi/lib/thumb\libg.a(lib_a-strcat.o)
                0x23f0f4b4                strcat
 .text          0x23f0f508        0x0 c:/devkitpro/devkitarm/bin/../lib/gcc/arm-none-eabi/5.3.0/../../../../arm-none-eabi/lib/thumb\libg.a(lib_a-strchr.o)
 .text.strchr   0x23f0f508       0xdc c:/devkitpro/devkitarm/bin/../lib/gcc/arm-none-eabi/5.3.0/../../../../arm-none-eabi/lib/thumb\libg.a(lib_a-strchr.o)
                0x23f0f508                strchr
 .text          0x23f0f5e4      0x224 c:/devkitpro/devkitarm/bin/../lib/gcc/arm-none-eabi/5.3.0/../../../../arm-none-eabi/lib/thumb\libg.a(lib_a-strcmp.o)
                0x23f0f5e4                strcmp
 .text          0x23f0f808        0x0 c:/devkitpro/devkitarm/bin/../lib/gcc/arm-none-eabi/5.3.0/../../../../arm-none-eabi/lib/thumb\libg.a(lib_a-strcpy.o)
 .text.strcpy   0x23f0f808       0x10 c:/devkitpro/devkitarm/bin/../lib/gcc/arm-none-eabi/5.3.0/../../../../arm-none-eabi/lib/thumb\libg.a(lib_a-strcpy.o)
                0x23f0f808                strcpy
 .text          0x23f0f818        0x0 c:/devkitpro/devkitarm/bin/../lib/gcc/arm-none-eabi/5.3.0/../../../../arm-none-eabi/lib/thumb\libg.a(lib_a-strlcpy.o)
 .text.strlcpy  0x23f0f818       0x4c c:/devkitpro/devkitarm/bin/../lib/gcc/arm-none-eabi/5.3.0/../../../../arm-none-eabi/lib/thumb\libg.a(lib_a-strlcpy.o)
                0x23f0f818                strlcpy
 .text          0x23f0f864        0x0 c:/devkitpro/devkitarm/bin/../lib/gcc/arm-none-eabi/5.3.0/../../../../arm-none-eabi/lib/thumb\libg.a(lib_a-strncasecmp.o)
 .text.strncasecmp
                0x23f0f864       0x5c c:/devkitpro/devkitarm/bin/../lib/gcc/arm-none-eabi/5.3.0/../../../../arm-none-eabi/lib/thumb\libg.a(lib_a-strncasecmp.o)
                0x23f0f864                strncasecmp
 .text          0x23f0f8c0        0x0 c:/devkitpro/devkitarm/bin/../lib/gcc/arm-none-eabi/5.3.0/../../../../arm-none-eabi/lib/thumb\libg.a(lib_a-strncmp.o)
 .text.strncmp  0x23f0f8c0       0x94 c:/devkitpro/devkitarm/bin/../lib/gcc/arm-none-eabi/5.3.0/../../../../arm-none-eabi/lib/thumb\libg.a(lib_a-strncmp.o)
                0x23f0f8c0                strncmp
 .text          0x23f0f954        0x0 c:/devkitpro/devkitarm/bin/../lib/gcc/arm-none-eabi/5.3.0/../../../../arm-none-eabi/lib/thumb\libg.a(lib_a-strncpy.o)
 .text.strncpy  0x23f0f954       0x7c c:/devkitpro/devkitarm/bin/../lib/gcc/arm-none-eabi/5.3.0/../../../../arm-none-eabi/lib/thumb\libg.a(lib_a-strncpy.o)
                0x23f0f954                strncpy
 .text          0x23f0f9d0        0x0 c:/devkitpro/devkitarm/bin/../lib/gcc/arm-none-eabi/5.3.0/../../../../arm-none-eabi/lib/thumb\libg.a(lib_a-strtod.o)
 .text.unlikely.sulp
                0x23f0f9d0       0x34 c:/devkitpro/devkitarm/bin/../lib/gcc/arm-none-eabi/5.3.0/../../../../arm-none-eabi/lib/thumb\libg.a(lib_a-strtod.o)
 .text._strtod_r
                0x23f0fa04      0xedc c:/devkitpro/devkitarm/bin/../lib/gcc/arm-none-eabi/5.3.0/../../../../arm-none-eabi/lib/thumb\libg.a(lib_a-strtod.o)
                0x23f0fa04                _strtod_r
 .text.strtod   0x23f108e0       0x18 c:/devkitpro/devkitarm/bin/../lib/gcc/arm-none-eabi/5.3.0/../../../../arm-none-eabi/lib/thumb\libg.a(lib_a-strtod.o)
                0x23f108e0                strtod
 .text.strtof   0x23f108f8       0x34 c:/devkitpro/devkitarm/bin/../lib/gcc/arm-none-eabi/5.3.0/../../../../arm-none-eabi/lib/thumb\libg.a(lib_a-strtod.o)
                0x23f108f8                strtof
 .text          0x23f1092c        0x0 c:/devkitpro/devkitarm/bin/../lib/gcc/arm-none-eabi/5.3.0/../../../../arm-none-eabi/lib/thumb\libg.a(lib_a-strtoll_r.o)
 .text._strtoll_r
                0x23f1092c      0x1e8 c:/devkitpro/devkitarm/bin/../lib/gcc/arm-none-eabi/5.3.0/../../../../arm-none-eabi/lib/thumb\libg.a(lib_a-strtoll_r.o)
                0x23f1092c                _strtoll_r
 .text          0x23f10b14        0x0 c:/devkitpro/devkitarm/bin/../lib/gcc/arm-none-eabi/5.3.0/../../../../arm-none-eabi/lib/thumb\libg.a(lib_a-strtoull_r.o)
 .text._strtoull_r
                0x23f10b14      0x1ec c:/devkitpro/devkitarm/bin/../lib/gcc/arm-none-eabi/5.3.0/../../../../arm-none-eabi/lib/thumb\libg.a(lib_a-strtoull_r.o)
                0x23f10b14                _strtoull_r
 .text          0x23f10d00        0x0 c:/devkitpro/devkitarm/bin/../lib/gcc/arm-none-eabi/5.3.0/../../../../arm-none-eabi/lib/thumb\libg.a(lib_a-strtoul.o)
 .text._strtoul_r
                0x23f10d00      0x17c c:/devkitpro/devkitarm/bin/../lib/gcc/arm-none-eabi/5.3.0/../../../../arm-none-eabi/lib/thumb\libg.a(lib_a-strtoul.o)
                0x23f10d00                _strtoul_r
 .text.strtoul  0x23f10e7c       0x1c c:/devkitpro/devkitarm/bin/../lib/gcc/arm-none-eabi/5.3.0/../../../../arm-none-eabi/lib/thumb\libg.a(lib_a-strtoul.o)
                0x23f10e7c                strtoul
 .text          0x23f10e98        0x0 c:/devkitpro/devkitarm/bin/../lib/gcc/arm-none-eabi/5.3.0/../../../../arm-none-eabi/lib/thumb\libg.a(lib_a-svfiprintf.o)
 .text.get_arg  0x23f10e98      0xcb0 c:/devkitpro/devkitarm/bin/../lib/gcc/arm-none-eabi/5.3.0/../../../../arm-none-eabi/lib/thumb\libg.a(lib_a-svfiprintf.o)
 .text.__ssprint_r
                0x23f11b48      0x134 c:/devkitpro/devkitarm/bin/../lib/gcc/arm-none-eabi/5.3.0/../../../../arm-none-eabi/lib/thumb\libg.a(lib_a-svfiprintf.o)
                0x23f11b48                __ssprint_r
 .text._svfiprintf_r
                0x23f11c7c     0x1fb4 c:/devkitpro/devkitarm/bin/../lib/gcc/arm-none-eabi/5.3.0/../../../../arm-none-eabi/lib/thumb\libg.a(lib_a-svfiprintf.o)
                0x23f11c7c                _svfiprintf_r
 .text          0x23f13c30        0x0 c:/devkitpro/devkitarm/bin/../lib/gcc/arm-none-eabi/5.3.0/../../../../arm-none-eabi/lib/thumb\libg.a(lib_a-svfiscanf.o)
 .text._sungetc_r
                0x23f13c30       0x8c c:/devkitpro/devkitarm/bin/../lib/gcc/arm-none-eabi/5.3.0/../../../../arm-none-eabi/lib/thumb\libg.a(lib_a-svfiscanf.o)
                0x23f13c30                _sungetc_r
 .text.__ssrefill_r
                0x23f13cbc       0x44 c:/devkitpro/devkitarm/bin/../lib/gcc/arm-none-eabi/5.3.0/../../../../arm-none-eabi/lib/thumb\libg.a(lib_a-svfiscanf.o)
                0x23f13cbc                __ssrefill_r
 .text._sfread_r
                0x23f13d00       0x90 c:/devkitpro/devkitarm/bin/../lib/gcc/arm-none-eabi/5.3.0/../../../../arm-none-eabi/lib/thumb\libg.a(lib_a-svfiscanf.o)
                0x23f13d00                _sfread_r
 .text.__ssvfiscanf_r
                0x23f13d90     0x1498 c:/devkitpro/devkitarm/bin/../lib/gcc/arm-none-eabi/5.3.0/../../../../arm-none-eabi/lib/thumb\libg.a(lib_a-svfiscanf.o)
                0x23f13d90                __ssvfiscanf_r
 .text          0x23f15228        0x0 c:/devkitpro/devkitarm/bin/../lib/gcc/arm-none-eabi/5.3.0/../../../../arm-none-eabi/lib/thumb\libg.a(lib_a-ungetc.o)
 .text.__submore
                0x23f15228       0x88 c:/devkitpro/devkitarm/bin/../lib/gcc/arm-none-eabi/5.3.0/../../../../arm-none-eabi/lib/thumb\libg.a(lib_a-ungetc.o)
                0x23f15228                __submore
 .text._ungetc_r
                0x23f152b0      0x128 c:/devkitpro/devkitarm/bin/../lib/gcc/arm-none-eabi/5.3.0/../../../../arm-none-eabi/lib/thumb\libg.a(lib_a-ungetc.o)
                0x23f152b0                _ungetc_r
 .text.ungetc   0x23f153d8       0x18 c:/devkitpro/devkitarm/bin/../lib/gcc/arm-none-eabi/5.3.0/../../../../arm-none-eabi/lib/thumb\libg.a(lib_a-ungetc.o)
                0x23f153d8                ungetc
 .text          0x23f153f0        0x0 c:/devkitpro/devkitarm/bin/../lib/gcc/arm-none-eabi/5.3.0/../../../../arm-none-eabi/lib/thumb\libg.a(lib_a-wcsnrtombs.o)
 .text._wcsnrtombs_r
                0x23f153f0      0x118 c:/devkitpro/devkitarm/bin/../lib/gcc/arm-none-eabi/5.3.0/../../../../arm-none-eabi/lib/thumb\libg.a(lib_a-wcsnrtombs.o)
                0x23f153f0                _wcsnrtombs_r
 .text.wcsnrtombs
                0x23f15508       0x28 c:/devkitpro/devkitarm/bin/../lib/gcc/arm-none-eabi/5.3.0/../../../../arm-none-eabi/lib/thumb\libg.a(lib_a-wcsnrtombs.o)
                0x23f15508                wcsnrtombs
 .text          0x23f15530        0x0 c:/devkitpro/devkitarm/bin/../lib/gcc/arm-none-eabi/5.3.0/../../../../arm-none-eabi/lib/thumb\libg.a(lib_a-callocr.o)
 .text._calloc_r
                0x23f15530       0x64 c:/devkitpro/devkitarm/bin/../lib/gcc/arm-none-eabi/5.3.0/../../../../arm-none-eabi/lib/thumb\libg.a(lib_a-callocr.o)
                0x23f15530                _calloc_r
 .text          0x23f15594        0x0 c:/devkitpro/devkitarm/bin/../lib/gcc/arm-none-eabi/5.3.0/../../../../arm-none-eabi/lib/thumb\libg.a(lib_a-fflush.o)
 .text.__sflush_r
                0x23f15594      0x158 c:/devkitpro/devkitarm/bin/../lib/gcc/arm-none-eabi/5.3.0/../../../../arm-none-eabi/lib/thumb\libg.a(lib_a-fflush.o)
                0x23f15594                __sflush_r
 .text._fflush_r
                0x23f156ec       0x58 c:/devkitpro/devkitarm/bin/../lib/gcc/arm-none-eabi/5.3.0/../../../../arm-none-eabi/lib/thumb\libg.a(lib_a-fflush.o)
                0x23f156ec                _fflush_r
 .text.fflush   0x23f15744       0x2c c:/devkitpro/devkitarm/bin/../lib/gcc/arm-none-eabi/5.3.0/../../../../arm-none-eabi/lib/thumb\libg.a(lib_a-fflush.o)
                0x23f15744                fflush
 .text          0x23f15770        0x0 c:/devkitpro/devkitarm/bin/../lib/gcc/arm-none-eabi/5.3.0/../../../../arm-none-eabi/lib/thumb\libg.a(lib_a-findfp.o)
 .text._cleanup_r
                0x23f15770       0x14 c:/devkitpro/devkitarm/bin/../lib/gcc/arm-none-eabi/5.3.0/../../../../arm-none-eabi/lib/thumb\libg.a(lib_a-findfp.o)
                0x23f15770                _cleanup_r
 .text.__fp_lock
                0x23f15784       0x14 c:/devkitpro/devkitarm/bin/../lib/gcc/arm-none-eabi/5.3.0/../../../../arm-none-eabi/lib/thumb\libg.a(lib_a-findfp.o)
 .text.__fp_unlock
                0x23f15798       0x14 c:/devkitpro/devkitarm/bin/../lib/gcc/arm-none-eabi/5.3.0/../../../../arm-none-eabi/lib/thumb\libg.a(lib_a-findfp.o)
 .text.std.isra.0
                0x23f157ac       0x54 c:/devkitpro/devkitarm/bin/../lib/gcc/arm-none-eabi/5.3.0/../../../../arm-none-eabi/lib/thumb\libg.a(lib_a-findfp.o)
 .text.__sfmoreglue
                0x23f15800       0x34 c:/devkitpro/devkitarm/bin/../lib/gcc/arm-none-eabi/5.3.0/../../../../arm-none-eabi/lib/thumb\libg.a(lib_a-findfp.o)
                0x23f15800                __sfmoreglue
 .text._cleanup
                0x23f15834       0x1c c:/devkitpro/devkitarm/bin/../lib/gcc/arm-none-eabi/5.3.0/../../../../arm-none-eabi/lib/thumb\libg.a(lib_a-findfp.o)
                0x23f15834                _cleanup
 .text.__sinit  0x23f15850       0x64 c:/devkitpro/devkitarm/bin/../lib/gcc/arm-none-eabi/5.3.0/../../../../arm-none-eabi/lib/thumb\libg.a(lib_a-findfp.o)
                0x23f15850                __sinit
 .text.__sfp    0x23f158b4       0xb4 c:/devkitpro/devkitarm/bin/../lib/gcc/arm-none-eabi/5.3.0/../../../../arm-none-eabi/lib/thumb\libg.a(lib_a-findfp.o)
                0x23f158b4                __sfp
 .text.__sfp_lock_acquire
                0x23f15968       0x14 c:/devkitpro/devkitarm/bin/../lib/gcc/arm-none-eabi/5.3.0/../../../../arm-none-eabi/lib/thumb\libg.a(lib_a-findfp.o)
                0x23f15968                __sfp_lock_acquire
 .text.__sfp_lock_release
                0x23f1597c       0x14 c:/devkitpro/devkitarm/bin/../lib/gcc/arm-none-eabi/5.3.0/../../../../arm-none-eabi/lib/thumb\libg.a(lib_a-findfp.o)
                0x23f1597c                __sfp_lock_release
 .text.__sinit_lock_acquire
                0x23f15990       0x14 c:/devkitpro/devkitarm/bin/../lib/gcc/arm-none-eabi/5.3.0/../../../../arm-none-eabi/lib/thumb\libg.a(lib_a-findfp.o)
                0x23f15990                __sinit_lock_acquire
 .text.__sinit_lock_release
                0x23f159a4       0x14 c:/devkitpro/devkitarm/bin/../lib/gcc/arm-none-eabi/5.3.0/../../../../arm-none-eabi/lib/thumb\libg.a(lib_a-findfp.o)
                0x23f159a4                __sinit_lock_release
 .text.__fp_lock_all
                0x23f159b8       0x20 c:/devkitpro/devkitarm/bin/../lib/gcc/arm-none-eabi/5.3.0/../../../../arm-none-eabi/lib/thumb\libg.a(lib_a-findfp.o)
                0x23f159b8                __fp_lock_all
 .text.__fp_unlock_all
                0x23f159d8       0x20 c:/devkitpro/devkitarm/bin/../lib/gcc/arm-none-eabi/5.3.0/../../../../arm-none-eabi/lib/thumb\libg.a(lib_a-findfp.o)
                0x23f159d8                __fp_unlock_all
 .text          0x23f159f8        0x0 c:/devkitpro/devkitarm/bin/../lib/gcc/arm-none-eabi/5.3.0/../../../../arm-none-eabi/lib/thumb\libg.a(lib_a-fwalk.o)
 .text._fwalk   0x23f159f8       0x4c c:/devkitpro/devkitarm/bin/../lib/gcc/arm-none-eabi/5.3.0/../../../../arm-none-eabi/lib/thumb\libg.a(lib_a-fwalk.o)
                0x23f159f8                _fwalk
 .text._fwalk_reent
                0x23f15a44       0x54 c:/devkitpro/devkitarm/bin/../lib/gcc/arm-none-eabi/5.3.0/../../../../arm-none-eabi/lib/thumb\libg.a(lib_a-fwalk.o)
                0x23f15a44                _fwalk_reent
 .text          0x23f15a98        0x0 c:/devkitpro/devkitarm/bin/../lib/gcc/arm-none-eabi/5.3.0/../../../../arm-none-eabi/lib/thumb\libg.a(lib_a-gdtoa-gethex.o)
 .text.rshift   0x23f15a98       0xa8 c:/devkitpro/devkitarm/bin/../lib/gcc/arm-none-eabi/5.3.0/../../../../arm-none-eabi/lib/thumb\libg.a(lib_a-gdtoa-gethex.o)
 .text.__gethex
                0x23f15b40      0x53c c:/devkitpro/devkitarm/bin/../lib/gcc/arm-none-eabi/5.3.0/../../../../arm-none-eabi/lib/thumb\libg.a(lib_a-gdtoa-gethex.o)
                0x23f15b40                __gethex
 .text          0x23f1607c        0x0 c:/devkitpro/devkitarm/bin/../lib/gcc/arm-none-eabi/5.3.0/../../../../arm-none-eabi/lib/thumb\libg.a(lib_a-gdtoa-hexnan.o)
 .text.__hexnan
                0x23f1607c      0x1ac c:/devkitpro/devkitarm/bin/../lib/gcc/arm-none-eabi/5.3.0/../../../../arm-none-eabi/lib/thumb\libg.a(lib_a-gdtoa-hexnan.o)
                0x23f1607c                __hexnan
 .text          0x23f16228        0x0 c:/devkitpro/devkitarm/bin/../lib/gcc/arm-none-eabi/5.3.0/../../../../arm-none-eabi/lib/thumb\libg.a(lib_a-getenv_r.o)
 .text._findenv_r
                0x23f16228       0x98 c:/devkitpro/devkitarm/bin/../lib/gcc/arm-none-eabi/5.3.0/../../../../arm-none-eabi/lib/thumb\libg.a(lib_a-getenv_r.o)
                0x23f16228                _findenv_r
 .text._getenv_r
                0x23f162c0       0x10 c:/devkitpro/devkitarm/bin/../lib/gcc/arm-none-eabi/5.3.0/../../../../arm-none-eabi/lib/thumb\libg.a(lib_a-getenv_r.o)
                0x23f162c0                _getenv_r
 .text          0x23f162d0        0x0 c:/devkitpro/devkitarm/bin/../lib/gcc/arm-none-eabi/5.3.0/../../../../arm-none-eabi/lib/thumb\libg.a(lib_a-impure.o)
 .text          0x23f162d0        0x0 c:/devkitpro/devkitarm/bin/../lib/gcc/arm-none-eabi/5.3.0/../../../../arm-none-eabi/lib/thumb\libg.a(lib_a-reallocr.o)
 .text._realloc_r
                0x23f162d0      0x3ec c:/devkitpro/devkitarm/bin/../lib/gcc/arm-none-eabi/5.3.0/../../../../arm-none-eabi/lib/thumb\libg.a(lib_a-reallocr.o)
                0x23f162d0                _realloc_r
 .text          0x23f166bc        0x0 c:/devkitpro/devkitarm/bin/../lib/gcc/arm-none-eabi/5.3.0/../../../../arm-none-eabi/lib/thumb\libg.a(lib_a-environ.o)
 .text          0x23f166bc        0x0 c:/devkitpro/devkitarm/bin/../lib/gcc/arm-none-eabi/5.3.0/../../../../arm-none-eabi/lib/thumb\libg.a(lib_a-envlock.o)
 .text.__env_lock
                0x23f166bc       0x14 c:/devkitpro/devkitarm/bin/../lib/gcc/arm-none-eabi/5.3.0/../../../../arm-none-eabi/lib/thumb\libg.a(lib_a-envlock.o)
                0x23f166bc                __env_lock
 .text.__env_unlock
                0x23f166d0       0x14 c:/devkitpro/devkitarm/bin/../lib/gcc/arm-none-eabi/5.3.0/../../../../arm-none-eabi/lib/thumb\libg.a(lib_a-envlock.o)
                0x23f166d0                __env_unlock
 .text          0x23f166e4        0x0 c:/devkitpro/devkitarm/bin/../lib/gcc/arm-none-eabi/5.3.0/../../../../arm-none-eabi/lib/thumb\libg.a(lib_a-fclose.o)
 .text._fclose_r
                0x23f166e4       0xb4 c:/devkitpro/devkitarm/bin/../lib/gcc/arm-none-eabi/5.3.0/../../../../arm-none-eabi/lib/thumb\libg.a(lib_a-fclose.o)
                0x23f166e4                _fclose_r
 .text.fclose   0x23f16798       0x14 c:/devkitpro/devkitarm/bin/../lib/gcc/arm-none-eabi/5.3.0/../../../../arm-none-eabi/lib/thumb\libg.a(lib_a-fclose.o)
                0x23f16798                fclose
 .text          0x23f167ac       0x54 c:/devkitpro/devkitarm/bin/../lib/gcc/arm-none-eabi/5.3.0/../../../../arm-none-eabi/lib/thumb\libsysbase.a(close.o)
                0x23f167ac                _close_r
 .text          0x23f16800       0x48 c:/devkitpro/devkitarm/bin/../lib/gcc/arm-none-eabi/5.3.0/../../../../arm-none-eabi/lib/thumb\libsysbase.a(lseek.o)
                0x23f16800                _lseek_r
 .text          0x23f16848       0x48 c:/devkitpro/devkitarm/bin/../lib/gcc/arm-none-eabi/5.3.0/../../../../arm-none-eabi/lib/thumb\libsysbase.a(read.o)
                0x23f16848                _read_r
 .text          0x23f16890       0x54 c:/devkitpro/devkitarm/bin/../lib/gcc/arm-none-eabi/5.3.0/../../../../arm-none-eabi/lib/thumb\libsysbase.a(sbrk.o)
                0x23f16890                _sbrk_r
 .text          0x23f168e4       0x48 c:/devkitpro/devkitarm/bin/../lib/gcc/arm-none-eabi/5.3.0/../../../../arm-none-eabi/lib/thumb\libsysbase.a(write.o)
                0x23f168e4                _write_r
 .text          0x23f1692c        0x0 c:/devkitpro/devkitarm/bin/../lib/gcc/arm-none-eabi/5.3.0/../../../../arm-none-eabi/lib/thumb\libsysbase.a(malloc_vars.o)
 .text          0x23f1692c       0x20 c:/devkitpro/devkitarm/bin/../lib/gcc/arm-none-eabi/5.3.0/../../../../arm-none-eabi/lib/thumb\libsysbase.a(flock.o)
                0x23f1692c                __flockfile
                0x23f1693c                __funlockfile
 .text          0x23f1694c      0x104 c:/devkitpro/devkitarm/bin/../lib/gcc/arm-none-eabi/5.3.0/../../../../arm-none-eabi/lib/thumb\libsysbase.a(syscall_support.o)
                0x23f1694c                __libc_lock_init
                0x23f16964                __libc_lock_acquire
                0x23f1697c                __libc_lock_try_acquire
                0x23f1699c                __libc_lock_release
                0x23f169b4                __libc_lock_close
                0x23f169cc                __libc_lock_init_recursive
                0x23f169e4                __libc_lock_acquire_recursive
                0x23f169fc                __libc_lock_try_acquire_recursive
                0x23f16a1c                __libc_lock_release_recursive
                0x23f16a34                __libc_lock_close_recursive
 .text          0x23f16a50      0x204 c:/devkitpro/devkitarm/bin/../lib/gcc/arm-none-eabi/5.3.0/../../../../arm-none-eabi/lib/thumb\libsysbase.a(handle_manager.o)
                0x23f16a50                __free_handle
                0x23f16a88                __release_handle
                0x23f16ac0                __alloc_handle
                0x23f16b18                __get_handle
                0x23f16b34                dup
                0x23f16ba8                dup2
 .text          0x23f16c54       0x28 c:/devkitpro/devkitarm/bin/../lib/gcc/arm-none-eabi/5.3.0/../../../../arm-none-eabi/lib/thumb\libsysbase.a(getreent.o)
                0x23f16c54                __getreent
 .text          0x23f16c7c      0x160 c:/devkitpro/devkitarm/bin/../lib/gcc/arm-none-eabi/5.3.0/../../../../arm-none-eabi/lib/thumb\libsysbase.a(iosupport.o)
                0x23f16c80                setDefaultDevice
                0x23f16c90                FindDevice
                0x23f16d1c                RemoveDevice
                0x23f16d40                AddDevice
                0x23f16dbc                GetDeviceOpTab
 .text          0x23f16ddc      0x150 c:/devkitpro/devkitarm/bin/../lib/gcc/arm-none-eabi/5.3.0/thumb\libgcc.a(_divsi3.o)
                0x23f16ddc                __divsi3
                0x23f16ddc                __aeabi_idiv
                0x23f16f0c                __aeabi_idivmod
 .text          0x23f16f2c      0x41c c:/devkitpro/devkitarm/bin/../lib/gcc/arm-none-eabi/5.3.0/thumb\libgcc.a(_arm_addsubdf3.o)
                0x23f16f2c                __aeabi_drsub
                0x23f16f34                __aeabi_dsub
                0x23f16f34                __subdf3
                0x23f16f38                __aeabi_dadd
                0x23f16f38                __adddf3
                0x23f17248                __floatunsidf
                0x23f17248                __aeabi_ui2d
                0x23f1726c                __floatsidf
                0x23f1726c                __aeabi_i2d
                0x23f17294                __aeabi_f2d
                0x23f17294                __extendsfdf2
                0x23f172d4                __floatundidf
                0x23f172d4                __aeabi_ul2d
                0x23f172e8                __floatdidf
                0x23f172e8                __aeabi_l2d
 .text          0x23f17348      0x49c c:/devkitpro/devkitarm/bin/../lib/gcc/arm-none-eabi/5.3.0/thumb\libgcc.a(_arm_muldivdf3.o)
                0x23f17348                __aeabi_dmul
                0x23f17348                __muldf3
                0x23f175d8                __divdf3
                0x23f175d8                __aeabi_ddiv
 .text          0x23f177e4      0x144 c:/devkitpro/devkitarm/bin/../lib/gcc/arm-none-eabi/5.3.0/thumb\libgcc.a(_arm_cmpdf2.o)
                0x23f177e4                __gtdf2
                0x23f177e4                __gedf2
                0x23f177ec                __ltdf2
                0x23f177ec                __ledf2
                0x23f177f4                __nedf2
                0x23f177f4                __eqdf2
                0x23f177f4                __cmpdf2
                0x23f1787c                __aeabi_cdrcmple
                0x23f17898                __aeabi_cdcmpeq
                0x23f17898                __aeabi_cdcmple
                0x23f178b0                __aeabi_dcmpeq
                0x23f178c8                __aeabi_dcmplt
                0x23f178e0                __aeabi_dcmple
                0x23f178f8                __aeabi_dcmpge
                0x23f17910                __aeabi_dcmpgt
 .text          0x23f17928       0x5c c:/devkitpro/devkitarm/bin/../lib/gcc/arm-none-eabi/5.3.0/thumb\libgcc.a(_arm_fixdfsi.o)
                0x23f17928                __aeabi_d2iz
                0x23f17928                __fixdfsi
 .text          0x23f17984       0x54 c:/devkitpro/devkitarm/bin/../lib/gcc/arm-none-eabi/5.3.0/thumb\libgcc.a(_arm_fixunsdfsi.o)
                0x23f17984                __aeabi_d2uiz
                0x23f17984                __fixunsdfsi
 .text          0x23f179d8       0xa0 c:/devkitpro/devkitarm/bin/../lib/gcc/arm-none-eabi/5.3.0/thumb\libgcc.a(_arm_truncdfsf2.o)
                0x23f179d8                __truncdfsf2
                0x23f179d8                __aeabi_d2f
 .text          0x23f17a78        0x0 c:/devkitpro/devkitarm/bin/../lib/gcc/arm-none-eabi/5.3.0/../../../../arm-none-eabi/lib/thumb\libg.a(lib_a-errno.o)
 .text.__errno  0x23f17a78        0xc c:/devkitpro/devkitarm/bin/../lib/gcc/arm-none-eabi/5.3.0/../../../../arm-none-eabi/lib/thumb\libg.a(lib_a-errno.o)
                0x23f17a78                __errno
 .text          0x23f17a84        0x0 c:/devkitpro/devkitarm/bin/../lib/gcc/arm-none-eabi/5.3.0/../../../../arm-none-eabi/lib/thumb\libg.a(lib_a-malloc.o)
 .text.malloc   0x23f17a84       0x14 c:/devkitpro/devkitarm/bin/../lib/gcc/arm-none-eabi/5.3.0/../../../../arm-none-eabi/lib/thumb\libg.a(lib_a-malloc.o)
                0x23f17a84                malloc
 .text.free     0x23f17a98       0x14 c:/devkitpro/devkitarm/bin/../lib/gcc/arm-none-eabi/5.3.0/../../../../arm-none-eabi/lib/thumb\libg.a(lib_a-malloc.o)
                0x23f17a98                free
 *fill*         0x23f17aac        0x4 ff
 .text.free.__stub
                0x23f17ab0       0xe0 linker stubs
 *(.text.*personality*)
 *(.gnu.warning)
 *(.glue_7t)
 .glue_7t       0x23f17ba0        0x0 linker stubs
 *(.glue_7)
 .glue_7        0x23f17ba0        0x0 linker stubs
 *(.vfp11_veneer)
 .vfp11_veneer  0x23f17ba0        0x0 linker stubs
                0x23f17ba0                . = ALIGN (0x4)

.v4_bx          0x23f17ba0        0x0
 .v4_bx         0x23f17ba0        0x0 linker stubs

.iplt           0x23f17ba0        0x0
 .iplt          0x23f17ba0        0x0 _start.o

.fini
 *(.fini)
                0x23f17ba0                __text_end = .

.rodata         0x23f17ba0     0x9958
 *(.rodata)
 .rodata        0x23f17ba0       0x10 main.o
 .rodata        0x23f17bb0     0x31e8 power.o
                0x23f17bd0                patches_firmlaunch_bin
                0x23f17ee8                patches_arm9kernelcode_bin
                0x23f18520                patches_arm9loader_bin
                0x23f18768                patches_loader_bin
                0x23f1ad88                patches_loader_bin_size
                0x23f1ad8c                patches_arm9loader_bin_size
                0x23f1ad90                patches_arm9kernelcode_bin_size
                0x23f1ad94                patches_firmlaunch_bin_size
 .rodata        0x23f1ad98      0x130 ff.o
 .rodata        0x23f1aec8      0x804 draw.o
                0x23f1b6c8                font_size
 .rodata        0x23f1b6cc       0x38 i2c.o
 .rodata        0x23f1b704       0x68 c:/devkitpro/devkitarm/bin/../lib/gcc/arm-none-eabi/5.3.0/../../../../arm-none-eabi/lib/thumb\libsysbase.a(iosupport.o)
                0x23f1b704                dotab_stdnull
 *all.rodata*(*)
 *(.roda)
 *(.rodata.*)
 .rodata.str1.4
                0x23f1b76c       0x92 firmlaunch.o
                                 0x9c (size before relaxing)
 *fill*         0x23f1b7fe        0x2 ff
 .rodata.str1.4
                0x23f1b800      0x12c power.o
 .rodata.str1.4
                0x23f1b92c       0x45 ff.o
                                 0x48 (size before relaxing)
 *fill*         0x23f1b971        0x3 ff
 .rodata.str1.4
                0x23f1b974        0xe fs.o
                                 0x10 (size before relaxing)
 *fill*         0x23f1b982        0x2 ff
 .rodata.str1.4
                0x23f1b984       0x15 draw.o
                                 0x18 (size before relaxing)
 *fill*         0x23f1b999        0x3 ff
 .rodata.get_arg
                0x23f1b99c      0x914 c:/devkitpro/devkitarm/bin/../lib/gcc/arm-none-eabi/5.3.0/../../../../arm-none-eabi/lib/thumb\libg.a(lib_a-svfprintf.o)
 .rodata._svfprintf_r
                0x23f1c2b0      0x16c c:/devkitpro/devkitarm/bin/../lib/gcc/arm-none-eabi/5.3.0/../../../../arm-none-eabi/lib/thumb\libg.a(lib_a-svfprintf.o)
 .rodata.blanks.7120
                0x23f1c41c       0x10 c:/devkitpro/devkitarm/bin/../lib/gcc/arm-none-eabi/5.3.0/../../../../arm-none-eabi/lib/thumb\libg.a(lib_a-svfprintf.o)
 .rodata.str1.4
                0x23f1c42c       0x42 c:/devkitpro/devkitarm/bin/../lib/gcc/arm-none-eabi/5.3.0/../../../../arm-none-eabi/lib/thumb\libg.a(lib_a-svfprintf.o)
                                 0x44 (size before relaxing)
 *fill*         0x23f1c46e        0x2 ff
 .rodata.zeroes.7121
                0x23f1c470       0x10 c:/devkitpro/devkitarm/bin/../lib/gcc/arm-none-eabi/5.3.0/../../../../arm-none-eabi/lib/thumb\libg.a(lib_a-svfprintf.o)
 .rodata.__ssvfscanf_r
                0x23f1c480      0x460 c:/devkitpro/devkitarm/bin/../lib/gcc/arm-none-eabi/5.3.0/../../../../arm-none-eabi/lib/thumb\libg.a(lib_a-svfscanf.o)
 .rodata.basefix.7042
                0x23f1c8e0       0x24 c:/devkitpro/devkitarm/bin/../lib/gcc/arm-none-eabi/5.3.0/../../../../arm-none-eabi/lib/thumb\libg.a(lib_a-svfscanf.o)
 .rodata.str1.4
                0x23f1c904        0x5 c:/devkitpro/devkitarm/bin/../lib/gcc/arm-none-eabi/5.3.0/../../../../arm-none-eabi/lib/thumb\libg.a(lib_a-svfscanf.o)
                                  0x8 (size before relaxing)
 *fill*         0x23f1c909        0x3 ff
 .rodata._ctype_
                0x23f1c90c      0x104 c:/devkitpro/devkitarm/bin/../lib/gcc/arm-none-eabi/5.3.0/../../../../arm-none-eabi/lib/thumb\libg.a(lib_a-ctype_.o)
                0x23f1c90c                _ctype_
 .rodata.str1.4
                0x23f1ca10       0x10 c:/devkitpro/devkitarm/bin/../lib/gcc/arm-none-eabi/5.3.0/../../../../arm-none-eabi/lib/thumb\libg.a(lib_a-dtoa.o)
                                 0x14 (size before relaxing)
 .rodata.__jp2uc
                0x23f1ca20       0x20 c:/devkitpro/devkitarm/bin/../lib/gcc/arm-none-eabi/5.3.0/../../../../arm-none-eabi/lib/thumb\libg.a(lib_a-jp2uc.o)
 .rodata.a1     0x23f1ca40       0xbc c:/devkitpro/devkitarm/bin/../lib/gcc/arm-none-eabi/5.3.0/../../../../arm-none-eabi/lib/thumb\libg.a(lib_a-jp2uc.o)
 .rodata.a2     0x23f1cafc       0xbc c:/devkitpro/devkitarm/bin/../lib/gcc/arm-none-eabi/5.3.0/../../../../arm-none-eabi/lib/thumb\libg.a(lib_a-jp2uc.o)
 .rodata.a3     0x23f1cbb8       0x5c c:/devkitpro/devkitarm/bin/../lib/gcc/arm-none-eabi/5.3.0/../../../../arm-none-eabi/lib/thumb\libg.a(lib_a-jp2uc.o)
 .rodata.a6     0x23f1cc14       0x70 c:/devkitpro/devkitarm/bin/../lib/gcc/arm-none-eabi/5.3.0/../../../../arm-none-eabi/lib/thumb\libg.a(lib_a-jp2uc.o)
 .rodata.a7     0x23f1cc84       0xa4 c:/devkitpro/devkitarm/bin/../lib/gcc/arm-none-eabi/5.3.0/../../../../arm-none-eabi/lib/thumb\libg.a(lib_a-jp2uc.o)
 .rodata.a8     0x23f1cd28       0x40 c:/devkitpro/devkitarm/bin/../lib/gcc/arm-none-eabi/5.3.0/../../../../arm-none-eabi/lib/thumb\libg.a(lib_a-jp2uc.o)
 .rodata.str1.4
                0x23f1cd68       0x12 c:/devkitpro/devkitarm/bin/../lib/gcc/arm-none-eabi/5.3.0/../../../../arm-none-eabi/lib/thumb\libg.a(lib_a-jp2uc.o)
                                 0x14 (size before relaxing)
 *fill*         0x23f1cd7a        0x2 ff
 .rodata.b02cf  0x23f1cd7c     0x172c c:/devkitpro/devkitarm/bin/../lib/gcc/arm-none-eabi/5.3.0/../../../../arm-none-eabi/lib/thumb\libg.a(lib_a-jp2uc.o)
 .rodata.d02f4  0x23f1e4a8     0x1a7c c:/devkitpro/devkitarm/bin/../lib/gcc/arm-none-eabi/5.3.0/../../../../arm-none-eabi/lib/thumb\libg.a(lib_a-jp2uc.o)
 .rodata.loadlocale
                0x23f1ff24       0xd4 c:/devkitpro/devkitarm/bin/../lib/gcc/arm-none-eabi/5.3.0/../../../../arm-none-eabi/lib/thumb\libg.a(lib_a-locale.o)
 .rodata.str1.4
                0x23f1fff8      0x116 c:/devkitpro/devkitarm/bin/../lib/gcc/arm-none-eabi/5.3.0/../../../../arm-none-eabi/lib/thumb\libg.a(lib_a-locale.o)
                                0x130 (size before relaxing)
 *fill*         0x23f2010e        0x2 ff
 .rodata.categories
                0x23f20110       0x1c c:/devkitpro/devkitarm/bin/../lib/gcc/arm-none-eabi/5.3.0/../../../../arm-none-eabi/lib/thumb\libg.a(lib_a-locale.o)
 .rodata.str1.4
                0x23f2012c        0x4 c:/devkitpro/devkitarm/bin/../lib/gcc/arm-none-eabi/5.3.0/../../../../arm-none-eabi/lib/thumb\libg.a(lib_a-mbrtowc.o)
 .rodata.__jis_mbtowc
                0x23f2012c       0x18 c:/devkitpro/devkitarm/bin/../lib/gcc/arm-none-eabi/5.3.0/../../../../arm-none-eabi/lib/thumb\libg.a(lib_a-mbtowc_r.o)
 .rodata.JIS_state_table
                0x23f20144       0x48 c:/devkitpro/devkitarm/bin/../lib/gcc/arm-none-eabi/5.3.0/../../../../arm-none-eabi/lib/thumb\libg.a(lib_a-mbtowc_r.o)
 .rodata.JIS_action_table
                0x23f2018c       0x48 c:/devkitpro/devkitarm/bin/../lib/gcc/arm-none-eabi/5.3.0/../../../../arm-none-eabi/lib/thumb\libg.a(lib_a-mbtowc_r.o)
 .rodata.p05.5410
                0x23f201d4        0xc c:/devkitpro/devkitarm/bin/../lib/gcc/arm-none-eabi/5.3.0/../../../../arm-none-eabi/lib/thumb\libg.a(lib_a-mprec.o)
 .rodata.__mprec_bigtens
                0x23f201e0       0x28 c:/devkitpro/devkitarm/bin/../lib/gcc/arm-none-eabi/5.3.0/../../../../arm-none-eabi/lib/thumb\libg.a(lib_a-mprec.o)
                0x23f201e0                __mprec_bigtens
 .rodata.__mprec_tinytens
                0x23f20208       0x28 c:/devkitpro/devkitarm/bin/../lib/gcc/arm-none-eabi/5.3.0/../../../../arm-none-eabi/lib/thumb\libg.a(lib_a-mprec.o)
                0x23f20208                __mprec_tinytens
 .rodata.__mprec_tens
                0x23f20230       0xc8 c:/devkitpro/devkitarm/bin/../lib/gcc/arm-none-eabi/5.3.0/../../../../arm-none-eabi/lib/thumb\libg.a(lib_a-mprec.o)
                0x23f20230                __mprec_tens
 .rodata._strtod_r
                0x23f202f8       0xd4 c:/devkitpro/devkitarm/bin/../lib/gcc/arm-none-eabi/5.3.0/../../../../arm-none-eabi/lib/thumb\libg.a(lib_a-strtod.o)
 .rodata.fpinan.5415
                0x23f203cc       0x14 c:/devkitpro/devkitarm/bin/../lib/gcc/arm-none-eabi/5.3.0/../../../../arm-none-eabi/lib/thumb\libg.a(lib_a-strtod.o)
 .rodata.str1.4
                0x23f203e0        0xf c:/devkitpro/devkitarm/bin/../lib/gcc/arm-none-eabi/5.3.0/../../../../arm-none-eabi/lib/thumb\libg.a(lib_a-strtod.o)
                                 0x10 (size before relaxing)
 *fill*         0x23f203ef        0x1 ff
 .rodata.tinytens
                0x23f203f0       0x28 c:/devkitpro/devkitarm/bin/../lib/gcc/arm-none-eabi/5.3.0/../../../../arm-none-eabi/lib/thumb\libg.a(lib_a-strtod.o)
 .rodata.fpi.5379
                0x23f20418       0x14 c:/devkitpro/devkitarm/bin/../lib/gcc/arm-none-eabi/5.3.0/../../../../arm-none-eabi/lib/thumb\libg.a(lib_a-strtod.o)
 .rodata.get_arg
                0x23f2042c      0x914 c:/devkitpro/devkitarm/bin/../lib/gcc/arm-none-eabi/5.3.0/../../../../arm-none-eabi/lib/thumb\libg.a(lib_a-svfiprintf.o)
 .rodata._svfiprintf_r
                0x23f20d40      0x16c c:/devkitpro/devkitarm/bin/../lib/gcc/arm-none-eabi/5.3.0/../../../../arm-none-eabi/lib/thumb\libg.a(lib_a-svfiprintf.o)
 .rodata.__state_table
                0x23f20eac       0x6c c:/devkitpro/devkitarm/bin/../lib/gcc/arm-none-eabi/5.3.0/../../../../arm-none-eabi/lib/thumb\libg.a(lib_a-svfiprintf.o)
                0x23f20eac                __state_table
 .rodata.zeroes.7100
                0x23f20f18       0x10 c:/devkitpro/devkitarm/bin/../lib/gcc/arm-none-eabi/5.3.0/../../../../arm-none-eabi/lib/thumb\libg.a(lib_a-svfiprintf.o)
 .rodata.__chclass
                0x23f20f28      0x100 c:/devkitpro/devkitarm/bin/../lib/gcc/arm-none-eabi/5.3.0/../../../../arm-none-eabi/lib/thumb\libg.a(lib_a-svfiprintf.o)
                0x23f20f28                __chclass
 .rodata.str1.4
                0x23f21028       0x30 c:/devkitpro/devkitarm/bin/../lib/gcc/arm-none-eabi/5.3.0/../../../../arm-none-eabi/lib/thumb\libg.a(lib_a-svfiprintf.o)
 .rodata.__action_table
                0x23f21028       0x6c c:/devkitpro/devkitarm/bin/../lib/gcc/arm-none-eabi/5.3.0/../../../../arm-none-eabi/lib/thumb\libg.a(lib_a-svfiprintf.o)
                0x23f21028                __action_table
 .rodata.blanks.7099
                0x23f21094       0x10 c:/devkitpro/devkitarm/bin/../lib/gcc/arm-none-eabi/5.3.0/../../../../arm-none-eabi/lib/thumb\libg.a(lib_a-svfiprintf.o)
 .rodata.__ssvfiscanf_r
                0x23f210a4      0x324 c:/devkitpro/devkitarm/bin/../lib/gcc/arm-none-eabi/5.3.0/../../../../arm-none-eabi/lib/thumb\libg.a(lib_a-svfiscanf.o)
 .rodata.basefix.6493
                0x23f213c8       0x24 c:/devkitpro/devkitarm/bin/../lib/gcc/arm-none-eabi/5.3.0/../../../../arm-none-eabi/lib/thumb\libg.a(lib_a-svfiscanf.o)
 .rodata.__hexdig
                0x23f213ec      0x100 c:/devkitpro/devkitarm/bin/../lib/gcc/arm-none-eabi/5.3.0/../../../../arm-none-eabi/lib/thumb\libg.a(lib_a-gdtoa-gethex.o)
                0x23f213ec                __hexdig
 .rodata.str1.4
                0x23f214ec        0x4 c:/devkitpro/devkitarm/bin/../lib/gcc/arm-none-eabi/5.3.0/../../../../arm-none-eabi/lib/thumb\libg.a(lib_a-impure.o)
 .rodata._global_impure_ptr
                0x23f214ec        0x4 c:/devkitpro/devkitarm/bin/../lib/gcc/arm-none-eabi/5.3.0/../../../../arm-none-eabi/lib/thumb\libg.a(lib_a-impure.o)
                0x23f214ec                _global_impure_ptr
 .rodata.str1.4
                0x23f214f0        0x8 c:/devkitpro/devkitarm/bin/../lib/gcc/arm-none-eabi/5.3.0/../../../../arm-none-eabi/lib/thumb\libsysbase.a(iosupport.o)
 *(.gnu.linkonce.r*)
                0x23f214f8                . = ALIGN (0x4)

.ARM.extab
 *(.ARM.extab* .gnu.linkonce.armextab.*)
                0x23f214f8                __exidx_start = .

.ARM.exidx
 *(.ARM.exidx* .gnu.linkonce.armexidx.*)
                0x23f214f8                __exidx_end = .
                0x23f214f8                . = ALIGN (0x4)
                [!provide]                PROVIDE (__preinit_array_start, .)

.preinit_array
 *(.preinit_array)
                [!provide]                PROVIDE (__preinit_array_end, .)
                [!provide]                PROVIDE (__init_array_start, .)

.init_array
 *(.init_array)
                [!provide]                PROVIDE (__init_array_end, .)
                [!provide]                PROVIDE (__fini_array_start, .)

.fini_array
 *(.fini_array)
                [!provide]                PROVIDE (__fini_array_end, .)

.ctors          0x23f214f8        0x0
 *crtbegin.o(.ctors)
 *(EXCLUDE_FILE(*crtend.o) .ctors)
 *(SORT(.ctors.*))
 *(.ctors)
                0x23f214f8                . = ALIGN (0x4)

.dtors          0x23f214f8        0x0
 *crtbegin.o(.dtors)
 *(EXCLUDE_FILE(*crtend.o) .dtors)
 *(SORT(.dtors.*))
 *(.dtors)
                0x23f214f8                . = ALIGN (0x4)

.eh_frame       0x23f214f8       0x44
 *(.eh_frame)
 .eh_frame      0x23f214f8       0x44 c:/devkitpro/devkitarm/bin/../lib/gcc/arm-none-eabi/5.3.0/../../../../arm-none-eabi/lib/thumb\libg.a(lib_a-strcmp.o)
                0x23f2153c                . = ALIGN (0x4)

.rel.dyn        0x23f2153c        0x0
 .rel.iplt      0x23f2153c        0x0 _start.o

.gcc_except_table
                0x23f2153c        0x0
 *(.gcc_except_table)
                0x23f2153c                . = ALIGN (0x4)

.jcr
 *(.jcr)

.got
 *(.got.plt)
 *(.got)

.data           0x23f2153c     0x1a80
                0x23f2153c                __data_start = ABSOLUTE (.)
 *(.data)
 .data          0x23f2153c        0x0 _start.o
 .data          0x23f2153c        0x0 delay.o
 .data          0x23f2153c        0x0 firmlaunch.o
 .data          0x23f2153c        0x0 main.o
 .data          0x23f2153c        0x0 power.o
 .data          0x23f2153c        0x0 screen.o
 .data          0x23f2153c        0x0 diskio.o
 .data          0x23f2153c        0x0 ff.o
 .data          0x23f2153c        0x0 fs.o
 .data          0x23f2153c        0x0 crypto.o
 .data          0x23f2153c        0x0 draw.o
 .data          0x23f2153c        0x0 hid.o
 .data          0x23f2153c        0x0 i2c.o
 .data          0x23f2153c        0x0 nand.o
 .data          0x23f2153c        0x0 sdmmc.o
 .data          0x23f2153c        0x0 c:/devkitpro/devkitarm/bin/../lib/gcc/arm-none-eabi/5.3.0/thumb\libgcc.a(_udivsi3.o)
 .data          0x23f2153c        0x0 c:/devkitpro/devkitarm/bin/../lib/gcc/arm-none-eabi/5.3.0/thumb\libgcc.a(_dvmd_tls.o)
 .data          0x23f2153c        0x0 c:/devkitpro/devkitarm/bin/../lib/gcc/arm-none-eabi/5.3.0/thumb\libgcc.a(_aeabi_uldivmod.o)
 .data          0x23f2153c        0x0 c:/devkitpro/devkitarm/bin/../lib/gcc/arm-none-eabi/5.3.0/thumb\libgcc.a(_muldi3.o)
 .data          0x23f2153c        0x0 c:/devkitpro/devkitarm/bin/../lib/gcc/arm-none-eabi/5.3.0/thumb\libgcc.a(_udivmoddi4.o)
 .data          0x23f2153c        0x0 c:/devkitpro/devkitarm/bin/../lib/gcc/arm-none-eabi/5.3.0/thumb\libgcc.a(_clzdi2.o)
 .data          0x23f2153c        0x0 c:/devkitpro/devkitarm/bin/../lib/gcc/arm-none-eabi/5.3.0/thumb\libgcc.a(_clzsi2.o)
 .data          0x23f2153c        0x0 c:/devkitpro/devkitarm/bin/../lib/gcc/arm-none-eabi/5.3.0/../../../../arm-none-eabi/lib/thumb\libg.a(lib_a-atoi.o)
 .data          0x23f2153c        0x0 c:/devkitpro/devkitarm/bin/../lib/gcc/arm-none-eabi/5.3.0/../../../../arm-none-eabi/lib/thumb\libg.a(lib_a-memcmp.o)
 .data          0x23f2153c        0x0 c:/devkitpro/devkitarm/bin/../lib/gcc/arm-none-eabi/5.3.0/../../../../arm-none-eabi/lib/thumb\libg.a(lib_a-memcpy.o)
 .data          0x23f2153c        0x0 c:/devkitpro/devkitarm/bin/../lib/gcc/arm-none-eabi/5.3.0/../../../../arm-none-eabi/lib/thumb\libg.a(lib_a-memmove.o)
 .data          0x23f2153c        0x0 c:/devkitpro/devkitarm/bin/../lib/gcc/arm-none-eabi/5.3.0/../../../../arm-none-eabi/lib/thumb\libg.a(lib_a-memset.o)
 .data          0x23f2153c        0x0 c:/devkitpro/devkitarm/bin/../lib/gcc/arm-none-eabi/5.3.0/../../../../arm-none-eabi/lib/thumb\libg.a(lib_a-snprintf.o)
 .data          0x23f2153c        0x0 c:/devkitpro/devkitarm/bin/../lib/gcc/arm-none-eabi/5.3.0/../../../../arm-none-eabi/lib/thumb\libg.a(lib_a-sprintf.o)
 .data          0x23f2153c        0x0 c:/devkitpro/devkitarm/bin/../lib/gcc/arm-none-eabi/5.3.0/../../../../arm-none-eabi/lib/thumb\libg.a(lib_a-sscanf.o)
 .data          0x23f2153c        0x0 c:/devkitpro/devkitarm/bin/../lib/gcc/arm-none-eabi/5.3.0/../../../../arm-none-eabi/lib/thumb\libg.a(lib_a-stdio.o)
 .data          0x23f2153c        0x0 c:/devkitpro/devkitarm/bin/../lib/gcc/arm-none-eabi/5.3.0/../../../../arm-none-eabi/lib/thumb\libg.a(lib_a-strlen.o)
 .data          0x23f2153c        0x0 c:/devkitpro/devkitarm/bin/../lib/gcc/arm-none-eabi/5.3.0/../../../../arm-none-eabi/lib/thumb\libg.a(lib_a-strstr.o)
 .data          0x23f2153c        0x0 c:/devkitpro/devkitarm/bin/../lib/gcc/arm-none-eabi/5.3.0/../../../../arm-none-eabi/lib/thumb\libg.a(lib_a-strtol.o)
 .data          0x23f2153c        0x0 c:/devkitpro/devkitarm/bin/../lib/gcc/arm-none-eabi/5.3.0/../../../../arm-none-eabi/lib/thumb\libg.a(lib_a-svfprintf.o)
 .data          0x23f2153c        0x0 c:/devkitpro/devkitarm/bin/../lib/gcc/arm-none-eabi/5.3.0/../../../../arm-none-eabi/lib/thumb\libg.a(lib_a-svfscanf.o)
 .data          0x23f2153c        0x0 c:/devkitpro/devkitarm/bin/../lib/gcc/arm-none-eabi/5.3.0/../../../../arm-none-eabi/lib/thumb\libg.a(lib_a-vsnprintf.o)
 .data          0x23f2153c        0x0 c:/devkitpro/devkitarm/bin/../lib/gcc/arm-none-eabi/5.3.0/../../../../arm-none-eabi/lib/thumb\libg.a(lib_a-wcrtomb.o)
 .data          0x23f2153c        0x0 c:/devkitpro/devkitarm/bin/../lib/gcc/arm-none-eabi/5.3.0/../../../../arm-none-eabi/lib/thumb\libg.a(lib_a-wcsrtombs.o)
 .data          0x23f2153c        0x0 c:/devkitpro/devkitarm/bin/../lib/gcc/arm-none-eabi/5.3.0/../../../../arm-none-eabi/lib/thumb\libg.a(lib_a-wctomb_r.o)
 .data          0x23f2153c        0x0 c:/devkitpro/devkitarm/bin/../lib/gcc/arm-none-eabi/5.3.0/../../../../arm-none-eabi/lib/thumb\libg.a(lib_a-ctype_.o)
 .data          0x23f2153c        0x0 c:/devkitpro/devkitarm/bin/../lib/gcc/arm-none-eabi/5.3.0/../../../../arm-none-eabi/lib/thumb\libg.a(lib_a-dtoa.o)
 .data          0x23f2153c        0x0 c:/devkitpro/devkitarm/bin/../lib/gcc/arm-none-eabi/5.3.0/../../../../arm-none-eabi/lib/thumb\libg.a(lib_a-freer.o)
 .data          0x23f2153c        0x0 c:/devkitpro/devkitarm/bin/../lib/gcc/arm-none-eabi/5.3.0/../../../../arm-none-eabi/lib/thumb\libg.a(lib_a-iswspace.o)
 .data          0x23f2153c        0x0 c:/devkitpro/devkitarm/bin/../lib/gcc/arm-none-eabi/5.3.0/../../../../arm-none-eabi/lib/thumb\libg.a(lib_a-jp2uc.o)
 .data          0x23f2153c        0x0 c:/devkitpro/devkitarm/bin/../lib/gcc/arm-none-eabi/5.3.0/../../../../arm-none-eabi/lib/thumb\libg.a(lib_a-locale.o)
 .data          0x23f2153c        0x0 c:/devkitpro/devkitarm/bin/../lib/gcc/arm-none-eabi/5.3.0/../../../../arm-none-eabi/lib/thumb\libg.a(lib_a-mallocr.o)
 .data          0x23f2153c        0x0 c:/devkitpro/devkitarm/bin/../lib/gcc/arm-none-eabi/5.3.0/../../../../arm-none-eabi/lib/thumb\libg.a(lib_a-mbrtowc.o)
 .data          0x23f2153c        0x0 c:/devkitpro/devkitarm/bin/../lib/gcc/arm-none-eabi/5.3.0/../../../../arm-none-eabi/lib/thumb\libg.a(lib_a-mbtowc_r.o)
 .data          0x23f2153c        0x0 c:/devkitpro/devkitarm/bin/../lib/gcc/arm-none-eabi/5.3.0/../../../../arm-none-eabi/lib/thumb\libg.a(lib_a-memchr.o)
 .data          0x23f2153c        0x0 c:/devkitpro/devkitarm/bin/../lib/gcc/arm-none-eabi/5.3.0/../../../../arm-none-eabi/lib/thumb\libg.a(lib_a-mlock.o)
 .data          0x23f2153c        0x0 c:/devkitpro/devkitarm/bin/../lib/gcc/arm-none-eabi/5.3.0/../../../../arm-none-eabi/lib/thumb\libg.a(lib_a-mprec.o)
 .data          0x23f2153c        0x0 c:/devkitpro/devkitarm/bin/../lib/gcc/arm-none-eabi/5.3.0/../../../../arm-none-eabi/lib/thumb\libg.a(lib_a-sccl.o)
 .data          0x23f2153c        0x0 c:/devkitpro/devkitarm/bin/../lib/gcc/arm-none-eabi/5.3.0/../../../../arm-none-eabi/lib/thumb\libg.a(lib_a-sf_nan.o)
 .data          0x23f2153c        0x0 c:/devkitpro/devkitarm/bin/../lib/gcc/arm-none-eabi/5.3.0/../../../../arm-none-eabi/lib/thumb\libg.a(lib_a-s_fpclassify.o)
 .data          0x23f2153c        0x0 c:/devkitpro/devkitarm/bin/../lib/gcc/arm-none-eabi/5.3.0/../../../../arm-none-eabi/lib/thumb\libg.a(lib_a-s_frexp.o)
 .data          0x23f2153c        0x0 c:/devkitpro/devkitarm/bin/../lib/gcc/arm-none-eabi/5.3.0/../../../../arm-none-eabi/lib/thumb\libg.a(lib_a-stpncpy.o)
 .data          0x23f2153c        0x0 c:/devkitpro/devkitarm/bin/../lib/gcc/arm-none-eabi/5.3.0/../../../../arm-none-eabi/lib/thumb\libg.a(lib_a-strcasecmp.o)
 .data          0x23f2153c        0x0 c:/devkitpro/devkitarm/bin/../lib/gcc/arm-none-eabi/5.3.0/../../../../arm-none-eabi/lib/thumb\libg.a(lib_a-strcat.o)
 .data          0x23f2153c        0x0 c:/devkitpro/devkitarm/bin/../lib/gcc/arm-none-eabi/5.3.0/../../../../arm-none-eabi/lib/thumb\libg.a(lib_a-strchr.o)
 .data          0x23f2153c        0x0 c:/devkitpro/devkitarm/bin/../lib/gcc/arm-none-eabi/5.3.0/../../../../arm-none-eabi/lib/thumb\libg.a(lib_a-strcmp.o)
 .data          0x23f2153c        0x0 c:/devkitpro/devkitarm/bin/../lib/gcc/arm-none-eabi/5.3.0/../../../../arm-none-eabi/lib/thumb\libg.a(lib_a-strcpy.o)
 .data          0x23f2153c        0x0 c:/devkitpro/devkitarm/bin/../lib/gcc/arm-none-eabi/5.3.0/../../../../arm-none-eabi/lib/thumb\libg.a(lib_a-strlcpy.o)
 .data          0x23f2153c        0x0 c:/devkitpro/devkitarm/bin/../lib/gcc/arm-none-eabi/5.3.0/../../../../arm-none-eabi/lib/thumb\libg.a(lib_a-strncasecmp.o)
 .data          0x23f2153c        0x0 c:/devkitpro/devkitarm/bin/../lib/gcc/arm-none-eabi/5.3.0/../../../../arm-none-eabi/lib/thumb\libg.a(lib_a-strncmp.o)
 .data          0x23f2153c        0x0 c:/devkitpro/devkitarm/bin/../lib/gcc/arm-none-eabi/5.3.0/../../../../arm-none-eabi/lib/thumb\libg.a(lib_a-strncpy.o)
 .data          0x23f2153c        0x0 c:/devkitpro/devkitarm/bin/../lib/gcc/arm-none-eabi/5.3.0/../../../../arm-none-eabi/lib/thumb\libg.a(lib_a-strtod.o)
 .data          0x23f2153c        0x0 c:/devkitpro/devkitarm/bin/../lib/gcc/arm-none-eabi/5.3.0/../../../../arm-none-eabi/lib/thumb\libg.a(lib_a-strtoll_r.o)
 .data          0x23f2153c        0x0 c:/devkitpro/devkitarm/bin/../lib/gcc/arm-none-eabi/5.3.0/../../../../arm-none-eabi/lib/thumb\libg.a(lib_a-strtoull_r.o)
 .data          0x23f2153c        0x0 c:/devkitpro/devkitarm/bin/../lib/gcc/arm-none-eabi/5.3.0/../../../../arm-none-eabi/lib/thumb\libg.a(lib_a-strtoul.o)
 .data          0x23f2153c        0x0 c:/devkitpro/devkitarm/bin/../lib/gcc/arm-none-eabi/5.3.0/../../../../arm-none-eabi/lib/thumb\libg.a(lib_a-svfiprintf.o)
 .data          0x23f2153c        0x0 c:/devkitpro/devkitarm/bin/../lib/gcc/arm-none-eabi/5.3.0/../../../../arm-none-eabi/lib/thumb\libg.a(lib_a-svfiscanf.o)
 .data          0x23f2153c        0x0 c:/devkitpro/devkitarm/bin/../lib/gcc/arm-none-eabi/5.3.0/../../../../arm-none-eabi/lib/thumb\libg.a(lib_a-ungetc.o)
 .data          0x23f2153c        0x0 c:/devkitpro/devkitarm/bin/../lib/gcc/arm-none-eabi/5.3.0/../../../../arm-none-eabi/lib/thumb\libg.a(lib_a-wcsnrtombs.o)
 .data          0x23f2153c        0x0 c:/devkitpro/devkitarm/bin/../lib/gcc/arm-none-eabi/5.3.0/../../../../arm-none-eabi/lib/thumb\libg.a(lib_a-callocr.o)
 .data          0x23f2153c        0x0 c:/devkitpro/devkitarm/bin/../lib/gcc/arm-none-eabi/5.3.0/../../../../arm-none-eabi/lib/thumb\libg.a(lib_a-fflush.o)
 .data          0x23f2153c        0x0 c:/devkitpro/devkitarm/bin/../lib/gcc/arm-none-eabi/5.3.0/../../../../arm-none-eabi/lib/thumb\libg.a(lib_a-findfp.o)
 .data          0x23f2153c        0x0 c:/devkitpro/devkitarm/bin/../lib/gcc/arm-none-eabi/5.3.0/../../../../arm-none-eabi/lib/thumb\libg.a(lib_a-fwalk.o)
 .data          0x23f2153c        0x0 c:/devkitpro/devkitarm/bin/../lib/gcc/arm-none-eabi/5.3.0/../../../../arm-none-eabi/lib/thumb\libg.a(lib_a-gdtoa-gethex.o)
 .data          0x23f2153c        0x0 c:/devkitpro/devkitarm/bin/../lib/gcc/arm-none-eabi/5.3.0/../../../../arm-none-eabi/lib/thumb\libg.a(lib_a-gdtoa-hexnan.o)
 .data          0x23f2153c        0x0 c:/devkitpro/devkitarm/bin/../lib/gcc/arm-none-eabi/5.3.0/../../../../arm-none-eabi/lib/thumb\libg.a(lib_a-getenv_r.o)
 .data          0x23f2153c        0x0 c:/devkitpro/devkitarm/bin/../lib/gcc/arm-none-eabi/5.3.0/../../../../arm-none-eabi/lib/thumb\libg.a(lib_a-impure.o)
 .data          0x23f2153c        0x0 c:/devkitpro/devkitarm/bin/../lib/gcc/arm-none-eabi/5.3.0/../../../../arm-none-eabi/lib/thumb\libg.a(lib_a-reallocr.o)
 .data          0x23f2153c        0x0 c:/devkitpro/devkitarm/bin/../lib/gcc/arm-none-eabi/5.3.0/../../../../arm-none-eabi/lib/thumb\libg.a(lib_a-environ.o)
 .data          0x23f2153c        0x0 c:/devkitpro/devkitarm/bin/../lib/gcc/arm-none-eabi/5.3.0/../../../../arm-none-eabi/lib/thumb\libg.a(lib_a-envlock.o)
 .data          0x23f2153c        0x0 c:/devkitpro/devkitarm/bin/../lib/gcc/arm-none-eabi/5.3.0/../../../../arm-none-eabi/lib/thumb\libg.a(lib_a-fclose.o)
 .data          0x23f2153c        0x0 c:/devkitpro/devkitarm/bin/../lib/gcc/arm-none-eabi/5.3.0/../../../../arm-none-eabi/lib/thumb\libsysbase.a(close.o)
 .data          0x23f2153c        0x0 c:/devkitpro/devkitarm/bin/../lib/gcc/arm-none-eabi/5.3.0/../../../../arm-none-eabi/lib/thumb\libsysbase.a(lseek.o)
 .data          0x23f2153c        0x0 c:/devkitpro/devkitarm/bin/../lib/gcc/arm-none-eabi/5.3.0/../../../../arm-none-eabi/lib/thumb\libsysbase.a(read.o)
 .data          0x23f2153c        0x0 c:/devkitpro/devkitarm/bin/../lib/gcc/arm-none-eabi/5.3.0/../../../../arm-none-eabi/lib/thumb\libsysbase.a(sbrk.o)
 .data          0x23f2153c        0x0 c:/devkitpro/devkitarm/bin/../lib/gcc/arm-none-eabi/5.3.0/../../../../arm-none-eabi/lib/thumb\libsysbase.a(write.o)
 .data          0x23f2153c        0x0 c:/devkitpro/devkitarm/bin/../lib/gcc/arm-none-eabi/5.3.0/../../../../arm-none-eabi/lib/thumb\libsysbase.a(malloc_vars.o)
 .data          0x23f2153c        0x0 c:/devkitpro/devkitarm/bin/../lib/gcc/arm-none-eabi/5.3.0/../../../../arm-none-eabi/lib/thumb\libsysbase.a(flock.o)
 .data          0x23f2153c        0x0 c:/devkitpro/devkitarm/bin/../lib/gcc/arm-none-eabi/5.3.0/../../../../arm-none-eabi/lib/thumb\libsysbase.a(syscall_support.o)
 .data          0x23f2153c     0x1028 c:/devkitpro/devkitarm/bin/../lib/gcc/arm-none-eabi/5.3.0/../../../../arm-none-eabi/lib/thumb\libsysbase.a(handle_manager.o)
 .data          0x23f22564        0x0 c:/devkitpro/devkitarm/bin/../lib/gcc/arm-none-eabi/5.3.0/../../../../arm-none-eabi/lib/thumb\libsysbase.a(getreent.o)
 .data          0x23f22564       0x44 c:/devkitpro/devkitarm/bin/../lib/gcc/arm-none-eabi/5.3.0/../../../../arm-none-eabi/lib/thumb\libsysbase.a(iosupport.o)
                0x23f22568                devoptab_list
 .data          0x23f225a8        0x0 c:/devkitpro/devkitarm/bin/../lib/gcc/arm-none-eabi/5.3.0/thumb\libgcc.a(_divsi3.o)
 .data          0x23f225a8        0x0 c:/devkitpro/devkitarm/bin/../lib/gcc/arm-none-eabi/5.3.0/thumb\libgcc.a(_arm_addsubdf3.o)
 .data          0x23f225a8        0x0 c:/devkitpro/devkitarm/bin/../lib/gcc/arm-none-eabi/5.3.0/thumb\libgcc.a(_arm_muldivdf3.o)
 .data          0x23f225a8        0x0 c:/devkitpro/devkitarm/bin/../lib/gcc/arm-none-eabi/5.3.0/thumb\libgcc.a(_arm_cmpdf2.o)
 .data          0x23f225a8        0x0 c:/devkitpro/devkitarm/bin/../lib/gcc/arm-none-eabi/5.3.0/thumb\libgcc.a(_arm_fixdfsi.o)
 .data          0x23f225a8        0x0 c:/devkitpro/devkitarm/bin/../lib/gcc/arm-none-eabi/5.3.0/thumb\libgcc.a(_arm_fixunsdfsi.o)
 .data          0x23f225a8        0x0 c:/devkitpro/devkitarm/bin/../lib/gcc/arm-none-eabi/5.3.0/thumb\libgcc.a(_arm_truncdfsf2.o)
 .data          0x23f225a8        0x0 c:/devkitpro/devkitarm/bin/../lib/gcc/arm-none-eabi/5.3.0/../../../../arm-none-eabi/lib/thumb\libg.a(lib_a-errno.o)
 .data          0x23f225a8        0x0 c:/devkitpro/devkitarm/bin/../lib/gcc/arm-none-eabi/5.3.0/../../../../arm-none-eabi/lib/thumb\libg.a(lib_a-malloc.o)
 *(.data.*)
 .data.__wctomb
                0x23f225a8        0x4 c:/devkitpro/devkitarm/bin/../lib/gcc/arm-none-eabi/5.3.0/../../../../arm-none-eabi/lib/thumb\libg.a(lib_a-wctomb_r.o)
                0x23f225a8                __wctomb
 .data.__ctype_ptr__
                0x23f225ac        0x4 c:/devkitpro/devkitarm/bin/../lib/gcc/arm-none-eabi/5.3.0/../../../../arm-none-eabi/lib/thumb\libg.a(lib_a-ctype_.o)
                0x23f225ac                __ctype_ptr__
 .data.lc_message_charset
                0x23f225b0       0x20 c:/devkitpro/devkitarm/bin/../lib/gcc/arm-none-eabi/5.3.0/../../../../arm-none-eabi/lib/thumb\libg.a(lib_a-locale.o)
 .data.lconv    0x23f225d0       0x38 c:/devkitpro/devkitarm/bin/../lib/gcc/arm-none-eabi/5.3.0/../../../../arm-none-eabi/lib/thumb\libg.a(lib_a-locale.o)
 .data.current_categories
                0x23f22608       0xe0 c:/devkitpro/devkitarm/bin/../lib/gcc/arm-none-eabi/5.3.0/../../../../arm-none-eabi/lib/thumb\libg.a(lib_a-locale.o)
 .data.lc_ctype_charset
                0x23f226e8       0x20 c:/devkitpro/devkitarm/bin/../lib/gcc/arm-none-eabi/5.3.0/../../../../arm-none-eabi/lib/thumb\libg.a(lib_a-locale.o)
 .data.__default_locale
                0x23f22708       0x20 c:/devkitpro/devkitarm/bin/../lib/gcc/arm-none-eabi/5.3.0/../../../../arm-none-eabi/lib/thumb\libg.a(lib_a-locale.o)
                0x23f22708                __default_locale
 .data.__mb_cur_max
                0x23f22728        0x4 c:/devkitpro/devkitarm/bin/../lib/gcc/arm-none-eabi/5.3.0/../../../../arm-none-eabi/lib/thumb\libg.a(lib_a-locale.o)
                0x23f22728                __mb_cur_max
 .data.__malloc_av_
                0x23f2272c      0x408 c:/devkitpro/devkitarm/bin/../lib/gcc/arm-none-eabi/5.3.0/../../../../arm-none-eabi/lib/thumb\libg.a(lib_a-mallocr.o)
                0x23f2272c                __malloc_av_
 .data.__malloc_trim_threshold
                0x23f22b34        0x4 c:/devkitpro/devkitarm/bin/../lib/gcc/arm-none-eabi/5.3.0/../../../../arm-none-eabi/lib/thumb\libg.a(lib_a-mallocr.o)
                0x23f22b34                __malloc_trim_threshold
 .data.__malloc_sbrk_base
                0x23f22b38        0x4 c:/devkitpro/devkitarm/bin/../lib/gcc/arm-none-eabi/5.3.0/../../../../arm-none-eabi/lib/thumb\libg.a(lib_a-mallocr.o)
                0x23f22b38                __malloc_sbrk_base
 .data.__mbtowc
                0x23f22b3c        0x4 c:/devkitpro/devkitarm/bin/../lib/gcc/arm-none-eabi/5.3.0/../../../../arm-none-eabi/lib/thumb\libg.a(lib_a-mbtowc_r.o)
                0x23f22b3c                __mbtowc
 .data.__malloc_lock_object
                0x23f22b40        0xc c:/devkitpro/devkitarm/bin/../lib/gcc/arm-none-eabi/5.3.0/../../../../arm-none-eabi/lib/thumb\libg.a(lib_a-mlock.o)
 .data.__sfp_lock
                0x23f22b4c        0xc c:/devkitpro/devkitarm/bin/../lib/gcc/arm-none-eabi/5.3.0/../../../../arm-none-eabi/lib/thumb\libg.a(lib_a-findfp.o)
 .data.__sinit_lock
                0x23f22b58        0xc c:/devkitpro/devkitarm/bin/../lib/gcc/arm-none-eabi/5.3.0/../../../../arm-none-eabi/lib/thumb\libg.a(lib_a-findfp.o)
 *fill*         0x23f22b64        0x4 ff
 .data.impure_data
                0x23f22b68      0x440 c:/devkitpro/devkitarm/bin/../lib/gcc/arm-none-eabi/5.3.0/../../../../arm-none-eabi/lib/thumb\libg.a(lib_a-impure.o)
 .data._impure_ptr
                0x23f22fa8        0x4 c:/devkitpro/devkitarm/bin/../lib/gcc/arm-none-eabi/5.3.0/../../../../arm-none-eabi/lib/thumb\libg.a(lib_a-impure.o)
                0x23f22fa8                _impure_ptr
 .data.environ  0x23f22fac        0x4 c:/devkitpro/devkitarm/bin/../lib/gcc/arm-none-eabi/5.3.0/../../../../arm-none-eabi/lib/thumb\libg.a(lib_a-environ.o)
                0x23f22fac                environ
 .data.__env_lock_object
                0x23f22fb0        0xc c:/devkitpro/devkitarm/bin/../lib/gcc/arm-none-eabi/5.3.0/../../../../arm-none-eabi/lib/thumb\libg.a(lib_a-envlock.o)
 *(.gnu.linkonce.d*)
                0x23f22fbc                . = ALIGN (0x4)
                0x23f22fbc                __data_end = ABSOLUTE (.)

.igot.plt       0x23f22fbc        0x0
 .igot.plt      0x23f22fbc        0x0 _start.o

.bss            0x23f22fbc     0x1dfc
                0x23f22fbc                __bss_start = ABSOLUTE (.)
                0x23f22fbc                __bss_start__ = ABSOLUTE (.)
 *(.dynbss)
 *(.gnu.linkonce.b*)
 *(.bss*)
 .bss           0x23f22fbc        0x0 _start.o
 .bss           0x23f22fbc        0x0 delay.o
 .bss           0x23f22fbc        0x0 firmlaunch.o
 .bss           0x23f22fbc        0x0 main.o
 .bss           0x23f22fbc        0x0 power.o
 .bss           0x23f22fbc        0x0 screen.o
 .bss           0x23f22fbc        0x0 diskio.o
 .bss           0x23f22fbc      0x228 ff.o
 .bss           0x23f231e4      0x468 fs.o
 .bss           0x23f2364c        0x0 crypto.o
 .bss           0x23f2364c      0x420 draw.o
 .bss           0x23f23a6c        0x0 hid.o
 .bss           0x23f23a6c        0x0 i2c.o
 .bss           0x23f23a6c        0x0 nand.o
 .bss           0x23f23a6c       0x78 sdmmc.o
 .bss           0x23f23ae4        0x0 c:/devkitpro/devkitarm/bin/../lib/gcc/arm-none-eabi/5.3.0/thumb\libgcc.a(_udivsi3.o)
 .bss           0x23f23ae4        0x0 c:/devkitpro/devkitarm/bin/../lib/gcc/arm-none-eabi/5.3.0/thumb\libgcc.a(_dvmd_tls.o)
 .bss           0x23f23ae4        0x0 c:/devkitpro/devkitarm/bin/../lib/gcc/arm-none-eabi/5.3.0/thumb\libgcc.a(_aeabi_uldivmod.o)
 .bss           0x23f23ae4        0x0 c:/devkitpro/devkitarm/bin/../lib/gcc/arm-none-eabi/5.3.0/thumb\libgcc.a(_muldi3.o)
 .bss           0x23f23ae4        0x0 c:/devkitpro/devkitarm/bin/../lib/gcc/arm-none-eabi/5.3.0/thumb\libgcc.a(_udivmoddi4.o)
 .bss           0x23f23ae4        0x0 c:/devkitpro/devkitarm/bin/../lib/gcc/arm-none-eabi/5.3.0/thumb\libgcc.a(_clzdi2.o)
 .bss           0x23f23ae4        0x0 c:/devkitpro/devkitarm/bin/../lib/gcc/arm-none-eabi/5.3.0/thumb\libgcc.a(_clzsi2.o)
 .bss           0x23f23ae4        0x0 c:/devkitpro/devkitarm/bin/../lib/gcc/arm-none-eabi/5.3.0/../../../../arm-none-eabi/lib/thumb\libg.a(lib_a-atoi.o)
 .bss           0x23f23ae4        0x0 c:/devkitpro/devkitarm/bin/../lib/gcc/arm-none-eabi/5.3.0/../../../../arm-none-eabi/lib/thumb\libg.a(lib_a-memcmp.o)
 .bss           0x23f23ae4        0x0 c:/devkitpro/devkitarm/bin/../lib/gcc/arm-none-eabi/5.3.0/../../../../arm-none-eabi/lib/thumb\libg.a(lib_a-memcpy.o)
 .bss           0x23f23ae4        0x0 c:/devkitpro/devkitarm/bin/../lib/gcc/arm-none-eabi/5.3.0/../../../../arm-none-eabi/lib/thumb\libg.a(lib_a-memmove.o)
 .bss           0x23f23ae4        0x0 c:/devkitpro/devkitarm/bin/../lib/gcc/arm-none-eabi/5.3.0/../../../../arm-none-eabi/lib/thumb\libg.a(lib_a-memset.o)
 .bss           0x23f23ae4        0x0 c:/devkitpro/devkitarm/bin/../lib/gcc/arm-none-eabi/5.3.0/../../../../arm-none-eabi/lib/thumb\libg.a(lib_a-snprintf.o)
 .bss           0x23f23ae4        0x0 c:/devkitpro/devkitarm/bin/../lib/gcc/arm-none-eabi/5.3.0/../../../../arm-none-eabi/lib/thumb\libg.a(lib_a-sprintf.o)